[2021-02-03T09:55:52.320+0500][0.010s] Using G1
[2021-02-03T09:55:52.516+0500][0.206s] Version: 15.0.1+9 (release)
[2021-02-03T09:55:52.516+0500][0.206s] CPUs: 16 total, 16 available
[2021-02-03T09:55:52.516+0500][0.206s] Memory: 16384M
[2021-02-03T09:55:52.516+0500][0.206s] Large Page Support: Disabled
[2021-02-03T09:55:52.516+0500][0.206s] NUMA Support: Disabled
[2021-02-03T09:55:52.516+0500][0.206s] Compressed Oops: Enabled (Zero based)
[2021-02-03T09:55:52.516+0500][0.206s] Heap Region Size: 1M
[2021-02-03T09:55:52.516+0500][0.206s] Heap Min Capacity: 512M
[2021-02-03T09:55:52.516+0500][0.206s] Heap Initial Capacity: 512M
[2021-02-03T09:55:52.516+0500][0.206s] Heap Max Capacity: 512M
[2021-02-03T09:55:52.516+0500][0.206s] Pre-touch: Enabled
[2021-02-03T09:55:52.516+0500][0.206s] Parallel Workers: 13
[2021-02-03T09:55:52.516+0500][0.206s] Concurrent Workers: 3
[2021-02-03T09:55:52.516+0500][0.206s] Concurrent Refinement Workers: 13
[2021-02-03T09:55:52.516+0500][0.206s] Periodic GC: Disabled
[2021-02-03T09:55:52.517+0500][0.207s] Mark closed archive regions in map: [0x00000007fff00000, 0x00000007fff78ff8]
[2021-02-03T09:55:52.517+0500][0.207s] Mark open archive regions in map: [0x00000007ffe00000, 0x00000007ffe50ff8]
[2021-02-03T09:55:52.517+0500][0.207s] CDS archive(s) mapped at: [0x0000000800000000-0x0000000800b2d000-0x0000000800b2d000), size 11718656, SharedBaseAddress: 0x0000000800000000, ArchiveRelocationMode: 0.
[2021-02-03T09:55:52.517+0500][0.207s] Compressed class space mapped at: 0x0000000800b30000-0x0000000840b30000, size: 1073741824
[2021-02-03T09:55:52.517+0500][0.207s] Narrow klass base: 0x0000000800000000, Narrow klass shift: 3, Narrow klass range: 0x100000000
[2021-02-03T09:55:52.837+0500][0.527s] GC(0) Pause Young (Normal) (G1 Evacuation Pause)
[2021-02-03T09:55:52.837+0500][0.528s] GC(0) Using 12 workers of 13 for evacuation
[2021-02-03T09:55:52.840+0500][0.530s] GC(0)   Pre Evacuate Collection Set: 0.1ms
[2021-02-03T09:55:52.840+0500][0.530s] GC(0)   Merge Heap Roots: 0.1ms
[2021-02-03T09:55:52.840+0500][0.530s] GC(0)   Evacuate Collection Set: 1.6ms
[2021-02-03T09:55:52.840+0500][0.530s] GC(0)   Post Evacuate Collection Set: 0.5ms
[2021-02-03T09:55:52.840+0500][0.530s] GC(0)   Other: 1.0ms
[2021-02-03T09:55:52.840+0500][0.530s] GC(0) Eden regions: 29->0(54)
[2021-02-03T09:55:52.840+0500][0.530s] GC(0) Survivor regions: 0->3(4)
[2021-02-03T09:55:52.840+0500][0.530s] GC(0) Old regions: 0->0
[2021-02-03T09:55:52.840+0500][0.530s] GC(0) Archive regions: 2->2
[2021-02-03T09:55:52.840+0500][0.530s] GC(0) Humongous regions: 0->0
[2021-02-03T09:55:52.840+0500][0.530s] GC(0) Metaspace: 6697K(7808K)->6697K(7808K) NonClass: 5909K(6912K)->5909K(6912K) Class: 788K(896K)->788K(896K)
[2021-02-03T09:55:52.840+0500][0.530s] GC(0) Pause Young (Normal) (G1 Evacuation Pause) 29M->3M(512M) 3.473ms
[2021-02-03T09:55:52.840+0500][0.530s] GC(0) User=0.01s Sys=0.01s Real=0.01s
[2021-02-03T09:55:53.281+0500][0.971s] GC(1) Pause Young (Normal) (G1 Evacuation Pause)
[2021-02-03T09:55:53.281+0500][0.971s] GC(1) Using 13 workers of 13 for evacuation
[2021-02-03T09:55:53.287+0500][0.977s] GC(1)   Pre Evacuate Collection Set: 0.1ms
[2021-02-03T09:55:53.287+0500][0.977s] GC(1)   Merge Heap Roots: 0.1ms
[2021-02-03T09:55:53.287+0500][0.977s] GC(1)   Evacuate Collection Set: 5.0ms
[2021-02-03T09:55:53.287+0500][0.977s] GC(1)   Post Evacuate Collection Set: 1.1ms
[2021-02-03T09:55:53.287+0500][0.977s] GC(1)   Other: 0.3ms
[2021-02-03T09:55:53.287+0500][0.977s] GC(1) Eden regions: 54->0(299)
[2021-02-03T09:55:53.287+0500][0.977s] GC(1) Survivor regions: 3->8(8)
[2021-02-03T09:55:53.287+0500][0.977s] GC(1) Old regions: 0->8
[2021-02-03T09:55:53.287+0500][0.977s] GC(1) Archive regions: 2->2
[2021-02-03T09:55:53.287+0500][0.977s] GC(1) Humongous regions: 4->4
[2021-02-03T09:55:53.287+0500][0.977s] GC(1) Metaspace: 15524K(16000K)->15524K(16000K) NonClass: 13715K(14080K)->13715K(14080K) Class: 1809K(1920K)->1809K(1920K)
[2021-02-03T09:55:53.287+0500][0.977s] GC(1) Pause Young (Normal) (G1 Evacuation Pause) 61M->19M(512M) 6.709ms
[2021-02-03T09:55:53.287+0500][0.977s] GC(1) User=0.05s Sys=0.01s Real=0.00s
[2021-02-03T09:55:53.545+0500][1.235s] GC(2) Pause Young (Concurrent Start) (Metadata GC Threshold)
[2021-02-03T09:55:53.545+0500][1.235s] GC(2) Using 13 workers of 13 for evacuation
[2021-02-03T09:55:53.550+0500][1.240s] GC(2)   Pre Evacuate Collection Set: 0.1ms
[2021-02-03T09:55:53.550+0500][1.240s] GC(2)   Merge Heap Roots: 0.1ms
[2021-02-03T09:55:53.550+0500][1.240s] GC(2)   Evacuate Collection Set: 3.1ms
[2021-02-03T09:55:53.550+0500][1.240s] GC(2)   Post Evacuate Collection Set: 1.1ms
[2021-02-03T09:55:53.550+0500][1.240s] GC(2)   Other: 0.3ms
[2021-02-03T09:55:53.550+0500][1.240s] GC(2) Eden regions: 33->0(284)
[2021-02-03T09:55:53.550+0500][1.240s] GC(2) Survivor regions: 8->12(39)
[2021-02-03T09:55:53.550+0500][1.240s] GC(2) Old regions: 8->8
[2021-02-03T09:55:53.550+0500][1.240s] GC(2) Archive regions: 2->2
[2021-02-03T09:55:53.550+0500][1.240s] GC(2) Humongous regions: 4->4
[2021-02-03T09:55:53.550+0500][1.240s] GC(2) Metaspace: 20668K(21296K)->20668K(21296K) NonClass: 18342K(18864K)->18342K(18864K) Class: 2325K(2432K)->2325K(2432K)
[2021-02-03T09:55:53.550+0500][1.240s] GC(2) Pause Young (Concurrent Start) (Metadata GC Threshold) 52M->23M(512M) 4.889ms
[2021-02-03T09:55:53.550+0500][1.240s] GC(2) User=0.04s Sys=0.00s Real=0.01s
[2021-02-03T09:55:53.550+0500][1.240s] GC(3) Concurrent Cycle
[2021-02-03T09:55:53.550+0500][1.240s] GC(3) Concurrent Clear Claimed Marks
[2021-02-03T09:55:53.550+0500][1.240s] GC(3) Concurrent Clear Claimed Marks 0.017ms
[2021-02-03T09:55:53.550+0500][1.240s] GC(3) Concurrent Scan Root Regions
[2021-02-03T09:55:53.552+0500][1.242s] GC(3) Concurrent Scan Root Regions 1.815ms
[2021-02-03T09:55:53.552+0500][1.242s] GC(3) Concurrent Mark (1.242s)
[2021-02-03T09:55:53.552+0500][1.242s] GC(3) Concurrent Mark From Roots
[2021-02-03T09:55:53.552+0500][1.242s] GC(3) Using 3 workers of 3 for marking
[2021-02-03T09:55:53.556+0500][1.246s] GC(3) Concurrent Mark From Roots 4.097ms
[2021-02-03T09:55:53.556+0500][1.246s] GC(3) Concurrent Preclean
[2021-02-03T09:55:53.556+0500][1.246s] GC(3) Concurrent Preclean 0.037ms
[2021-02-03T09:55:53.556+0500][1.246s] GC(3) Concurrent Mark (1.242s, 1.246s) 4.179ms
[2021-02-03T09:55:53.556+0500][1.247s] GC(3) Pause Remark
[2021-02-03T09:55:53.557+0500][1.247s] GC(3) Pause Remark 25M->25M(512M) 0.752ms
[2021-02-03T09:55:53.557+0500][1.247s] GC(3) User=0.00s Sys=0.00s Real=0.00s
[2021-02-03T09:55:53.557+0500][1.247s] GC(3) Concurrent Rebuild Remembered Sets
[2021-02-03T09:55:53.560+0500][1.250s] GC(3) Concurrent Rebuild Remembered Sets 2.726ms
[2021-02-03T09:55:53.560+0500][1.250s] GC(3) Pause Cleanup
[2021-02-03T09:55:53.560+0500][1.251s] GC(3) Pause Cleanup 25M->25M(512M) 0.100ms
[2021-02-03T09:55:53.560+0500][1.251s] GC(3) User=0.00s Sys=0.00s Real=0.00s
[2021-02-03T09:55:53.561+0500][1.251s] GC(3) Concurrent Cleanup for Next Mark
[2021-02-03T09:55:53.561+0500][1.251s] GC(3) Concurrent Cleanup for Next Mark 0.517ms
[2021-02-03T09:55:53.561+0500][1.251s] GC(3) Concurrent Cycle 10.910ms
[2021-02-03T09:55:54.456+0500][2.146s] GC(4) Pause Young (Concurrent Start) (Metadata GC Threshold)
[2021-02-03T09:55:54.456+0500][2.146s] GC(4) Using 13 workers of 13 for evacuation
[2021-02-03T09:55:54.462+0500][2.152s] GC(4)   Pre Evacuate Collection Set: 0.1ms
[2021-02-03T09:55:54.462+0500][2.152s] GC(4)   Merge Heap Roots: 0.1ms
[2021-02-03T09:55:54.462+0500][2.152s] GC(4)   Evacuate Collection Set: 4.6ms
[2021-02-03T09:55:54.462+0500][2.152s] GC(4)   Post Evacuate Collection Set: 1.2ms
[2021-02-03T09:55:54.462+0500][2.152s] GC(4)   Other: 0.2ms
[2021-02-03T09:55:54.462+0500][2.152s] GC(4) Eden regions: 121->0(285)
[2021-02-03T09:55:54.462+0500][2.152s] GC(4) Survivor regions: 12->22(37)
[2021-02-03T09:55:54.462+0500][2.152s] GC(4) Old regions: 7->7
[2021-02-03T09:55:54.462+0500][2.152s] GC(4) Archive regions: 2->2
[2021-02-03T09:55:54.462+0500][2.152s] GC(4) Humongous regions: 5->5
[2021-02-03T09:55:54.462+0500][2.152s] GC(4) Metaspace: 35054K(36048K)->35054K(36048K) NonClass: 31092K(31952K)->31092K(31952K) Class: 3961K(4096K)->3961K(4096K)
[2021-02-03T09:55:54.462+0500][2.152s] GC(4) Pause Young (Concurrent Start) (Metadata GC Threshold) 145M->33M(512M) 6.384ms
[2021-02-03T09:55:54.462+0500][2.152s] GC(4) User=0.06s Sys=0.01s Real=0.01s
[2021-02-03T09:55:54.462+0500][2.153s] GC(5) Concurrent Cycle
[2021-02-03T09:55:54.462+0500][2.153s] GC(5) Concurrent Clear Claimed Marks
[2021-02-03T09:55:54.462+0500][2.153s] GC(5) Concurrent Clear Claimed Marks 0.018ms
[2021-02-03T09:55:54.462+0500][2.153s] GC(5) Concurrent Scan Root Regions
[2021-02-03T09:55:54.465+0500][2.156s] GC(5) Concurrent Scan Root Regions 3.085ms
[2021-02-03T09:55:54.466+0500][2.156s] GC(5) Concurrent Mark (2.156s)
[2021-02-03T09:55:54.466+0500][2.156s] GC(5) Concurrent Mark From Roots
[2021-02-03T09:55:54.466+0500][2.156s] GC(5) Using 3 workers of 3 for marking
[2021-02-03T09:55:54.470+0500][2.160s] GC(5) Concurrent Mark From Roots 4.677ms
[2021-02-03T09:55:54.470+0500][2.160s] GC(5) Concurrent Preclean
[2021-02-03T09:55:54.470+0500][2.160s] GC(5) Concurrent Preclean 0.027ms
[2021-02-03T09:55:54.470+0500][2.160s] GC(5) Concurrent Mark (2.156s, 2.160s) 4.781ms
[2021-02-03T09:55:54.473+0500][2.163s] GC(5) Pause Remark
[2021-02-03T09:55:54.474+0500][2.164s] GC(5) Pause Remark 37M->37M(512M) 1.198ms
[2021-02-03T09:55:54.474+0500][2.164s] GC(5) User=0.01s Sys=0.00s Real=0.00s
[2021-02-03T09:55:54.474+0500][2.164s] GC(5) Concurrent Rebuild Remembered Sets
[2021-02-03T09:55:54.477+0500][2.167s] GC(5) Concurrent Rebuild Remembered Sets 2.649ms
[2021-02-03T09:55:54.478+0500][2.168s] GC(5) Pause Cleanup
[2021-02-03T09:55:54.478+0500][2.168s] GC(5) Pause Cleanup 39M->39M(512M) 0.125ms
[2021-02-03T09:55:54.478+0500][2.168s] GC(5) User=0.00s Sys=0.00s Real=0.00s
[2021-02-03T09:55:54.478+0500][2.168s] GC(5) Concurrent Cleanup for Next Mark
[2021-02-03T09:55:54.479+0500][2.169s] GC(5) Concurrent Cleanup for Next Mark 0.926ms
[2021-02-03T09:55:54.479+0500][2.169s] GC(5) Concurrent Cycle 16.384ms
[2021-02-03T09:55:54.933+0500][2.623s] GC(6) Pause Young (Normal) (G1 Evacuation Pause)
[2021-02-03T09:55:54.933+0500][2.623s] GC(6) Using 13 workers of 13 for evacuation
[2021-02-03T09:55:54.940+0500][2.630s] GC(6)   Pre Evacuate Collection Set: 0.1ms
[2021-02-03T09:55:54.940+0500][2.630s] GC(6)   Merge Heap Roots: 0.1ms
[2021-02-03T09:55:54.940+0500][2.630s] GC(6)   Evacuate Collection Set: 5.0ms
[2021-02-03T09:55:54.940+0500][2.630s] GC(6)   Post Evacuate Collection Set: 0.9ms
[2021-02-03T09:55:54.940+0500][2.630s] GC(6)   Other: 0.2ms
[2021-02-03T09:55:54.940+0500][2.630s] GC(6) Eden regions: 285->0(281)
[2021-02-03T09:55:54.940+0500][2.630s] GC(6) Survivor regions: 22->26(39)
[2021-02-03T09:55:54.940+0500][2.630s] GC(6) Old regions: 7->9
[2021-02-03T09:55:54.940+0500][2.630s] GC(6) Archive regions: 2->2
[2021-02-03T09:55:54.940+0500][2.630s] GC(6) Humongous regions: 6->5
[2021-02-03T09:55:54.940+0500][2.630s] GC(6) Metaspace: 40649K(41884K)->40649K(41884K) NonClass: 36031K(37072K)->36031K(37072K) Class: 4618K(4812K)->4618K(4812K)
[2021-02-03T09:55:54.940+0500][2.630s] GC(6) Pause Young (Normal) (G1 Evacuation Pause) 319M->40M(512M) 6.471ms
[2021-02-03T09:55:54.940+0500][2.630s] GC(6) User=0.06s Sys=0.01s Real=0.01s
[2021-02-03T09:57:49.814+0500][117.505s] Heap
[2021-02-03T09:57:49.814+0500][117.505s]  garbage-first heap   total 524288K, used 154696K [0x00000007e0000000, 0x0000000800000000)
[2021-02-03T09:57:49.814+0500][117.505s]   region size 1024K, 138 young (141312K), 26 survivors (26624K)
[2021-02-03T09:57:49.814+0500][117.505s]  Metaspace       used 51097K, capacity 51633K, committed 52764K, reserved 1095680K
[2021-02-03T09:57:49.814+0500][117.505s]   class space    used 5963K, capacity 6152K, committed 6220K, reserved 1048576K
