[2021-02-03T10:03:53.714+0500][0.009s] Using G1
[2021-02-03T10:03:53.901+0500][0.196s] Version: 15.0.1+9 (release)
[2021-02-03T10:03:53.901+0500][0.196s] CPUs: 16 total, 16 available
[2021-02-03T10:03:53.901+0500][0.196s] Memory: 16384M
[2021-02-03T10:03:53.901+0500][0.196s] Large Page Support: Disabled
[2021-02-03T10:03:53.901+0500][0.196s] NUMA Support: Disabled
[2021-02-03T10:03:53.901+0500][0.196s] Compressed Oops: Enabled (Zero based)
[2021-02-03T10:03:53.901+0500][0.196s] Heap Region Size: 1M
[2021-02-03T10:03:53.901+0500][0.196s] Heap Min Capacity: 512M
[2021-02-03T10:03:53.901+0500][0.196s] Heap Initial Capacity: 512M
[2021-02-03T10:03:53.901+0500][0.196s] Heap Max Capacity: 512M
[2021-02-03T10:03:53.901+0500][0.196s] Pre-touch: Enabled
[2021-02-03T10:03:53.901+0500][0.196s] Parallel Workers: 13
[2021-02-03T10:03:53.901+0500][0.196s] Concurrent Workers: 3
[2021-02-03T10:03:53.901+0500][0.196s] Concurrent Refinement Workers: 13
[2021-02-03T10:03:53.901+0500][0.196s] Periodic GC: Disabled
[2021-02-03T10:03:53.902+0500][0.197s] Mark closed archive regions in map: [0x00000007fff00000, 0x00000007fff78ff8]
[2021-02-03T10:03:53.902+0500][0.197s] Mark open archive regions in map: [0x00000007ffe00000, 0x00000007ffe50ff8]
[2021-02-03T10:03:53.902+0500][0.197s] CDS archive(s) mapped at: [0x0000000800000000-0x0000000800b2d000-0x0000000800b2d000), size 11718656, SharedBaseAddress: 0x0000000800000000, ArchiveRelocationMode: 0.
[2021-02-03T10:03:53.902+0500][0.197s] Compressed class space mapped at: 0x0000000800b30000-0x0000000840b30000, size: 1073741824
[2021-02-03T10:03:53.902+0500][0.197s] Narrow klass base: 0x0000000800000000, Narrow klass shift: 3, Narrow klass range: 0x100000000
[2021-02-03T10:03:54.204+0500][0.499s] GC(0) Pause Young (Normal) (G1 Evacuation Pause)
[2021-02-03T10:03:54.205+0500][0.500s] GC(0) Using 12 workers of 13 for evacuation
[2021-02-03T10:03:54.207+0500][0.502s] GC(0)   Pre Evacuate Collection Set: 0.1ms
[2021-02-03T10:03:54.207+0500][0.502s] GC(0)   Merge Heap Roots: 0.1ms
[2021-02-03T10:03:54.207+0500][0.502s] GC(0)   Evacuate Collection Set: 1.3ms
[2021-02-03T10:03:54.207+0500][0.502s] GC(0)   Post Evacuate Collection Set: 0.4ms
[2021-02-03T10:03:54.207+0500][0.502s] GC(0)   Other: 0.9ms
[2021-02-03T10:03:54.207+0500][0.502s] GC(0) Eden regions: 29->0(54)
[2021-02-03T10:03:54.207+0500][0.502s] GC(0) Survivor regions: 0->3(4)
[2021-02-03T10:03:54.207+0500][0.502s] GC(0) Old regions: 0->0
[2021-02-03T10:03:54.207+0500][0.502s] GC(0) Archive regions: 2->2
[2021-02-03T10:03:54.207+0500][0.502s] GC(0) Humongous regions: 0->0
[2021-02-03T10:03:54.207+0500][0.502s] GC(0) Metaspace: 6692K(7808K)->6692K(7808K) NonClass: 5906K(6912K)->5906K(6912K) Class: 785K(896K)->785K(896K)
[2021-02-03T10:03:54.207+0500][0.502s] GC(0) Pause Young (Normal) (G1 Evacuation Pause) 29M->3M(512M) 2.946ms
[2021-02-03T10:03:54.207+0500][0.502s] GC(0) User=0.01s Sys=0.01s Real=0.00s
[2021-02-03T10:03:54.602+0500][0.896s] GC(1) Pause Young (Normal) (G1 Evacuation Pause)
[2021-02-03T10:03:54.602+0500][0.896s] GC(1) Using 13 workers of 13 for evacuation
[2021-02-03T10:03:54.608+0500][0.903s] GC(1)   Pre Evacuate Collection Set: 0.1ms
[2021-02-03T10:03:54.608+0500][0.903s] GC(1)   Merge Heap Roots: 0.1ms
[2021-02-03T10:03:54.608+0500][0.903s] GC(1)   Evacuate Collection Set: 4.8ms
[2021-02-03T10:03:54.608+0500][0.903s] GC(1)   Post Evacuate Collection Set: 1.0ms
[2021-02-03T10:03:54.608+0500][0.903s] GC(1)   Other: 0.2ms
[2021-02-03T10:03:54.608+0500][0.903s] GC(1) Eden regions: 54->0(299)
[2021-02-03T10:03:54.608+0500][0.903s] GC(1) Survivor regions: 3->8(8)
[2021-02-03T10:03:54.608+0500][0.903s] GC(1) Old regions: 0->7
[2021-02-03T10:03:54.608+0500][0.903s] GC(1) Archive regions: 2->2
[2021-02-03T10:03:54.608+0500][0.903s] GC(1) Humongous regions: 4->4
[2021-02-03T10:03:54.608+0500][0.903s] GC(1) Metaspace: 15584K(16256K)->15584K(16256K) NonClass: 13776K(14336K)->13776K(14336K) Class: 1808K(1920K)->1808K(1920K)
[2021-02-03T10:03:54.608+0500][0.903s] GC(1) Pause Young (Normal) (G1 Evacuation Pause) 61M->19M(512M) 6.396ms
[2021-02-03T10:03:54.608+0500][0.903s] GC(1) User=0.05s Sys=0.01s Real=0.00s
[2021-02-03T10:03:54.811+0500][1.106s] GC(2) Pause Young (Concurrent Start) (Metadata GC Threshold)
[2021-02-03T10:03:54.811+0500][1.106s] GC(2) Using 13 workers of 13 for evacuation
[2021-02-03T10:03:54.816+0500][1.110s] GC(2)   Pre Evacuate Collection Set: 0.1ms
[2021-02-03T10:03:54.816+0500][1.110s] GC(2)   Merge Heap Roots: 0.1ms
[2021-02-03T10:03:54.816+0500][1.110s] GC(2)   Evacuate Collection Set: 2.9ms
[2021-02-03T10:03:54.816+0500][1.110s] GC(2)   Post Evacuate Collection Set: 1.3ms
[2021-02-03T10:03:54.816+0500][1.110s] GC(2)   Other: 0.3ms
[2021-02-03T10:03:54.816+0500][1.110s] GC(2) Eden regions: 35->0(167)
[2021-02-03T10:03:54.816+0500][1.110s] GC(2) Survivor regions: 8->12(39)
[2021-02-03T10:03:54.816+0500][1.110s] GC(2) Old regions: 7->7
[2021-02-03T10:03:54.816+0500][1.110s] GC(2) Archive regions: 2->2
[2021-02-03T10:03:54.816+0500][1.110s] GC(2) Humongous regions: 4->4
[2021-02-03T10:03:54.816+0500][1.110s] GC(2) Metaspace: 20748K(21296K)->20748K(21296K) NonClass: 18423K(18864K)->18423K(18864K) Class: 2325K(2432K)->2325K(2432K)
[2021-02-03T10:03:54.816+0500][1.110s] GC(2) Pause Young (Concurrent Start) (Metadata GC Threshold) 54M->23M(512M) 4.765ms
[2021-02-03T10:03:54.816+0500][1.110s] GC(2) User=0.04s Sys=0.00s Real=0.00s
[2021-02-03T10:03:54.816+0500][1.110s] GC(3) Concurrent Cycle
[2021-02-03T10:03:54.816+0500][1.110s] GC(3) Concurrent Clear Claimed Marks
[2021-02-03T10:03:54.816+0500][1.110s] GC(3) Concurrent Clear Claimed Marks 0.016ms
[2021-02-03T10:03:54.816+0500][1.110s] GC(3) Concurrent Scan Root Regions
[2021-02-03T10:03:54.817+0500][1.112s] GC(3) Concurrent Scan Root Regions 1.708ms
[2021-02-03T10:03:54.817+0500][1.112s] GC(3) Concurrent Mark (1.112s)
[2021-02-03T10:03:54.818+0500][1.112s] GC(3) Concurrent Mark From Roots
[2021-02-03T10:03:54.818+0500][1.112s] GC(3) Using 3 workers of 3 for marking
[2021-02-03T10:03:54.821+0500][1.116s] GC(3) Concurrent Mark From Roots 3.959ms
[2021-02-03T10:03:54.822+0500][1.116s] GC(3) Concurrent Preclean
[2021-02-03T10:03:54.822+0500][1.116s] GC(3) Concurrent Preclean 0.032ms
[2021-02-03T10:03:54.822+0500][1.116s] GC(3) Concurrent Mark (1.112s, 1.116s) 4.061ms
[2021-02-03T10:03:54.822+0500][1.116s] GC(3) Pause Remark
[2021-02-03T10:03:54.823+0500][1.118s] GC(3) Pause Remark 25M->25M(512M) 1.092ms
[2021-02-03T10:03:54.823+0500][1.118s] GC(3) User=0.01s Sys=0.00s Real=0.00s
[2021-02-03T10:03:54.823+0500][1.118s] GC(3) Concurrent Rebuild Remembered Sets
[2021-02-03T10:03:54.826+0500][1.120s] GC(3) Concurrent Rebuild Remembered Sets 2.662ms
[2021-02-03T10:03:54.826+0500][1.121s] GC(3) Pause Cleanup
[2021-02-03T10:03:54.826+0500][1.121s] GC(3) Pause Cleanup 25M->25M(512M) 0.129ms
[2021-02-03T10:03:54.826+0500][1.121s] GC(3) User=0.00s Sys=0.00s Real=0.00s
[2021-02-03T10:03:54.826+0500][1.121s] GC(3) Concurrent Cleanup for Next Mark
[2021-02-03T10:03:54.827+0500][1.122s] GC(3) Concurrent Cleanup for Next Mark 0.681ms
[2021-02-03T10:03:54.827+0500][1.122s] GC(3) Concurrent Cycle 11.222ms
[2021-02-03T10:07:37.952+0500][224.248s] Heap
[2021-02-03T10:07:37.952+0500][224.248s]  garbage-first heap   total 524288K, used 106031K [0x00000007e0000000, 0x0000000800000000)
[2021-02-03T10:07:37.952+0500][224.248s]   region size 1024K, 93 young (95232K), 12 survivors (12288K)
[2021-02-03T10:07:37.952+0500][224.248s]  Metaspace       used 34525K, capacity 34883K, committed 35584K, reserved 1081344K
[2021-02-03T10:07:37.952+0500][224.248s]   class space    used 3938K, capacity 4038K, committed 4096K, reserved 1048576K
