[2021-01-28T16:54:01.881+0500][0.008s] Using G1
[2021-01-28T16:54:02.065+0500][0.192s] Version: 15.0.1+9 (release)
[2021-01-28T16:54:02.065+0500][0.192s] CPUs: 16 total, 16 available
[2021-01-28T16:54:02.065+0500][0.192s] Memory: 16384M
[2021-01-28T16:54:02.065+0500][0.192s] Large Page Support: Disabled
[2021-01-28T16:54:02.065+0500][0.192s] NUMA Support: Disabled
[2021-01-28T16:54:02.065+0500][0.192s] Compressed Oops: Enabled (Zero based)
[2021-01-28T16:54:02.065+0500][0.192s] Heap Region Size: 1M
[2021-01-28T16:54:02.065+0500][0.192s] Heap Min Capacity: 512M
[2021-01-28T16:54:02.065+0500][0.192s] Heap Initial Capacity: 512M
[2021-01-28T16:54:02.065+0500][0.192s] Heap Max Capacity: 512M
[2021-01-28T16:54:02.065+0500][0.192s] Pre-touch: Enabled
[2021-01-28T16:54:02.065+0500][0.192s] Parallel Workers: 13
[2021-01-28T16:54:02.065+0500][0.192s] Concurrent Workers: 3
[2021-01-28T16:54:02.065+0500][0.192s] Concurrent Refinement Workers: 13
[2021-01-28T16:54:02.065+0500][0.192s] Periodic GC: Disabled
[2021-01-28T16:54:02.066+0500][0.193s] Mark closed archive regions in map: [0x00000007fff00000, 0x00000007fff78ff8]
[2021-01-28T16:54:02.066+0500][0.193s] Mark open archive regions in map: [0x00000007ffe00000, 0x00000007ffe50ff8]
[2021-01-28T16:54:02.066+0500][0.193s] CDS archive(s) mapped at: [0x0000000800000000-0x0000000800b2d000-0x0000000800b2d000), size 11718656, SharedBaseAddress: 0x0000000800000000, ArchiveRelocationMode: 0.
[2021-01-28T16:54:02.066+0500][0.193s] Compressed class space mapped at: 0x0000000800b30000-0x0000000840b30000, size: 1073741824
[2021-01-28T16:54:02.066+0500][0.193s] Narrow klass base: 0x0000000800000000, Narrow klass shift: 3, Narrow klass range: 0x100000000
[2021-01-28T16:54:02.441+0500][0.567s] GC(0) Pause Young (Normal) (G1 Evacuation Pause)
[2021-01-28T16:54:02.441+0500][0.568s] GC(0) Using 12 workers of 13 for evacuation
[2021-01-28T16:54:02.443+0500][0.570s] GC(0)   Pre Evacuate Collection Set: 0.1ms
[2021-01-28T16:54:02.443+0500][0.570s] GC(0)   Merge Heap Roots: 0.0ms
[2021-01-28T16:54:02.443+0500][0.570s] GC(0)   Evacuate Collection Set: 1.1ms
[2021-01-28T16:54:02.443+0500][0.570s] GC(0)   Post Evacuate Collection Set: 0.5ms
[2021-01-28T16:54:02.443+0500][0.570s] GC(0)   Other: 0.9ms
[2021-01-28T16:54:02.443+0500][0.570s] GC(0) Eden regions: 29->0(54)
[2021-01-28T16:54:02.443+0500][0.570s] GC(0) Survivor regions: 0->3(4)
[2021-01-28T16:54:02.443+0500][0.570s] GC(0) Old regions: 0->0
[2021-01-28T16:54:02.443+0500][0.570s] GC(0) Archive regions: 2->2
[2021-01-28T16:54:02.443+0500][0.570s] GC(0) Humongous regions: 0->0
[2021-01-28T16:54:02.443+0500][0.570s] GC(0) Metaspace: 6693K(7808K)->6693K(7808K) NonClass: 5907K(6912K)->5907K(6912K) Class: 785K(896K)->785K(896K)
[2021-01-28T16:54:02.443+0500][0.570s] GC(0) Pause Young (Normal) (G1 Evacuation Pause) 29M->3M(512M) 2.778ms
[2021-01-28T16:54:02.443+0500][0.570s] GC(0) User=0.02s Sys=0.01s Real=0.00s
[2021-01-28T16:54:02.966+0500][1.093s] GC(1) Pause Young (Normal) (G1 Evacuation Pause)
[2021-01-28T16:54:02.966+0500][1.093s] GC(1) Using 13 workers of 13 for evacuation
[2021-01-28T16:54:02.976+0500][1.103s] GC(1)   Pre Evacuate Collection Set: 0.2ms
[2021-01-28T16:54:02.976+0500][1.103s] GC(1)   Merge Heap Roots: 0.2ms
[2021-01-28T16:54:02.976+0500][1.103s] GC(1)   Evacuate Collection Set: 8.9ms
[2021-01-28T16:54:02.976+0500][1.103s] GC(1)   Post Evacuate Collection Set: 1.1ms
[2021-01-28T16:54:02.976+0500][1.103s] GC(1)   Other: 0.3ms
[2021-01-28T16:54:02.976+0500][1.103s] GC(1) Eden regions: 54->0(299)
[2021-01-28T16:54:02.976+0500][1.103s] GC(1) Survivor regions: 3->8(8)
[2021-01-28T16:54:02.976+0500][1.103s] GC(1) Old regions: 0->7
[2021-01-28T16:54:02.976+0500][1.103s] GC(1) Archive regions: 2->2
[2021-01-28T16:54:02.976+0500][1.103s] GC(1) Humongous regions: 4->4
[2021-01-28T16:54:02.976+0500][1.103s] GC(1) Metaspace: 15589K(16000K)->15589K(16000K) NonClass: 13781K(14080K)->13781K(14080K) Class: 1808K(1920K)->1808K(1920K)
[2021-01-28T16:54:02.977+0500][1.103s] GC(1) Pause Young (Normal) (G1 Evacuation Pause) 61M->19M(512M) 10.749ms
[2021-01-28T16:54:02.977+0500][1.103s] GC(1) User=0.10s Sys=0.03s Real=0.01s
[2021-01-28T16:54:03.380+0500][1.507s] GC(2) Pause Young (Concurrent Start) (Metadata GC Threshold)
[2021-01-28T16:54:03.380+0500][1.507s] GC(2) Using 13 workers of 13 for evacuation
[2021-01-28T16:54:03.386+0500][1.512s] GC(2)   Pre Evacuate Collection Set: 0.1ms
[2021-01-28T16:54:03.386+0500][1.512s] GC(2)   Merge Heap Roots: 0.1ms
[2021-01-28T16:54:03.386+0500][1.512s] GC(2)   Evacuate Collection Set: 3.9ms
[2021-01-28T16:54:03.386+0500][1.512s] GC(2)   Post Evacuate Collection Set: 1.4ms
[2021-01-28T16:54:03.386+0500][1.512s] GC(2)   Other: 0.3ms
[2021-01-28T16:54:03.386+0500][1.512s] GC(2) Eden regions: 36->0(263)
[2021-01-28T16:54:03.386+0500][1.512s] GC(2) Survivor regions: 8->12(39)
[2021-01-28T16:54:03.386+0500][1.512s] GC(2) Old regions: 7->7
[2021-01-28T16:54:03.386+0500][1.512s] GC(2) Archive regions: 2->2
[2021-01-28T16:54:03.386+0500][1.512s] GC(2) Humongous regions: 4->4
[2021-01-28T16:54:03.386+0500][1.512s] GC(2) Metaspace: 20756K(21296K)->20756K(21296K) NonClass: 18431K(18864K)->18431K(18864K) Class: 2325K(2432K)->2325K(2432K)
[2021-01-28T16:54:03.386+0500][1.513s] GC(2) Pause Young (Concurrent Start) (Metadata GC Threshold) 55M->23M(512M) 5.837ms
[2021-01-28T16:54:03.386+0500][1.513s] GC(2) User=0.05s Sys=0.00s Real=0.00s
[2021-01-28T16:54:03.386+0500][1.513s] GC(3) Concurrent Cycle
[2021-01-28T16:54:03.386+0500][1.513s] GC(3) Concurrent Clear Claimed Marks
[2021-01-28T16:54:03.386+0500][1.513s] GC(3) Concurrent Clear Claimed Marks 0.029ms
[2021-01-28T16:54:03.386+0500][1.513s] GC(3) Concurrent Scan Root Regions
[2021-01-28T16:54:03.388+0500][1.515s] GC(3) Concurrent Scan Root Regions 2.113ms
[2021-01-28T16:54:03.388+0500][1.515s] GC(3) Concurrent Mark (1.515s)
[2021-01-28T16:54:03.388+0500][1.515s] GC(3) Concurrent Mark From Roots
[2021-01-28T16:54:03.388+0500][1.515s] GC(3) Using 3 workers of 3 for marking
[2021-01-28T16:54:03.391+0500][1.518s] GC(3) Concurrent Mark From Roots 3.408ms
[2021-01-28T16:54:03.391+0500][1.518s] GC(3) Concurrent Preclean
[2021-01-28T16:54:03.392+0500][1.518s] GC(3) Concurrent Preclean 0.037ms
[2021-01-28T16:54:03.392+0500][1.518s] GC(3) Concurrent Mark (1.515s, 1.518s) 3.494ms
[2021-01-28T16:54:03.392+0500][1.518s] GC(3) Pause Remark
[2021-01-28T16:54:03.392+0500][1.519s] GC(3) Pause Remark 25M->25M(512M) 0.733ms
[2021-01-28T16:54:03.392+0500][1.519s] GC(3) User=0.01s Sys=0.00s Real=0.00s
[2021-01-28T16:54:03.393+0500][1.519s] GC(3) Concurrent Rebuild Remembered Sets
[2021-01-28T16:54:03.395+0500][1.521s] GC(3) Concurrent Rebuild Remembered Sets 2.089ms
[2021-01-28T16:54:03.395+0500][1.522s] GC(3) Pause Cleanup
[2021-01-28T16:54:03.395+0500][1.522s] GC(3) Pause Cleanup 25M->25M(512M) 0.096ms
[2021-01-28T16:54:03.395+0500][1.522s] GC(3) User=0.00s Sys=0.00s Real=0.00s
[2021-01-28T16:54:03.395+0500][1.522s] GC(3) Concurrent Cleanup for Next Mark
[2021-01-28T16:54:03.396+0500][1.522s] GC(3) Concurrent Cleanup for Next Mark 0.675ms
[2021-01-28T16:54:03.396+0500][1.523s] GC(3) Concurrent Cycle 9.904ms
[2021-01-28T16:54:04.336+0500][2.463s] GC(4) Pause Young (Concurrent Start) (Metadata GC Threshold)
[2021-01-28T16:54:04.336+0500][2.463s] GC(4) Using 13 workers of 13 for evacuation
[2021-01-28T16:54:04.343+0500][2.470s] GC(4)   Pre Evacuate Collection Set: 0.1ms
[2021-01-28T16:54:04.343+0500][2.470s] GC(4)   Merge Heap Roots: 0.1ms
[2021-01-28T16:54:04.343+0500][2.470s] GC(4)   Evacuate Collection Set: 5.6ms
[2021-01-28T16:54:04.343+0500][2.470s] GC(4)   Post Evacuate Collection Set: 0.7ms
[2021-01-28T16:54:04.343+0500][2.470s] GC(4)   Other: 0.2ms
[2021-01-28T16:54:04.343+0500][2.470s] GC(4) Eden regions: 120->0(285)
[2021-01-28T16:54:04.343+0500][2.470s] GC(4) Survivor regions: 12->22(34)
[2021-01-28T16:54:04.343+0500][2.470s] GC(4) Old regions: 7->7
[2021-01-28T16:54:04.343+0500][2.470s] GC(4) Archive regions: 2->2
[2021-01-28T16:54:04.343+0500][2.470s] GC(4) Humongous regions: 5->5
[2021-01-28T16:54:04.343+0500][2.470s] GC(4) Metaspace: 35289K(35968K)->35289K(35968K) NonClass: 31323K(31744K)->31323K(31744K) Class: 3965K(4224K)->3965K(4224K)
[2021-01-28T16:54:04.343+0500][2.470s] GC(4) Pause Young (Concurrent Start) (Metadata GC Threshold) 144M->34M(512M) 6.889ms
[2021-01-28T16:54:04.343+0500][2.470s] GC(4) User=0.08s Sys=0.00s Real=0.01s
[2021-01-28T16:54:04.343+0500][2.470s] GC(5) Concurrent Cycle
[2021-01-28T16:54:04.343+0500][2.470s] GC(5) Concurrent Clear Claimed Marks
[2021-01-28T16:54:04.343+0500][2.470s] GC(5) Concurrent Clear Claimed Marks 0.021ms
[2021-01-28T16:54:04.343+0500][2.470s] GC(5) Concurrent Scan Root Regions
[2021-01-28T16:54:04.347+0500][2.474s] GC(5) Concurrent Scan Root Regions 4.122ms
[2021-01-28T16:54:04.347+0500][2.474s] GC(5) Concurrent Mark (2.474s)
[2021-01-28T16:54:04.347+0500][2.474s] GC(5) Concurrent Mark From Roots
[2021-01-28T16:54:04.347+0500][2.474s] GC(5) Using 3 workers of 3 for marking
[2021-01-28T16:54:04.351+0500][2.478s] GC(5) Concurrent Mark From Roots 4.038ms
[2021-01-28T16:54:04.351+0500][2.478s] GC(5) Concurrent Preclean
[2021-01-28T16:54:04.351+0500][2.478s] GC(5) Concurrent Preclean 0.040ms
[2021-01-28T16:54:04.351+0500][2.478s] GC(5) Concurrent Mark (2.474s, 2.478s) 4.166ms
[2021-01-28T16:54:04.352+0500][2.479s] GC(5) Pause Remark
[2021-01-28T16:54:04.354+0500][2.480s] GC(5) Pause Remark 40M->40M(512M) 1.846ms
[2021-01-28T16:54:04.354+0500][2.480s] GC(5) User=0.02s Sys=0.00s Real=0.00s
[2021-01-28T16:54:04.354+0500][2.481s] GC(5) Concurrent Rebuild Remembered Sets
[2021-01-28T16:54:04.356+0500][2.483s] GC(5) Concurrent Rebuild Remembered Sets 2.585ms
[2021-01-28T16:54:04.357+0500][2.483s] GC(5) Pause Cleanup
[2021-01-28T16:54:04.357+0500][2.483s] GC(5) Pause Cleanup 44M->44M(512M) 0.115ms
[2021-01-28T16:54:04.357+0500][2.483s] GC(5) User=0.00s Sys=0.00s Real=0.00s
[2021-01-28T16:54:04.357+0500][2.484s] GC(5) Concurrent Cleanup for Next Mark
[2021-01-28T16:54:04.358+0500][2.484s] GC(5) Concurrent Cleanup for Next Mark 0.771ms
[2021-01-28T16:54:04.358+0500][2.484s] GC(5) Concurrent Cycle 14.481ms
[2021-01-28T16:54:04.852+0500][2.979s] GC(6) Pause Young (Normal) (G1 Evacuation Pause)
[2021-01-28T16:54:04.852+0500][2.979s] GC(6) Using 13 workers of 13 for evacuation
[2021-01-28T16:54:04.861+0500][2.987s] GC(6)   Pre Evacuate Collection Set: 0.1ms
[2021-01-28T16:54:04.861+0500][2.987s] GC(6)   Merge Heap Roots: 0.1ms
[2021-01-28T16:54:04.861+0500][2.987s] GC(6)   Evacuate Collection Set: 7.5ms
[2021-01-28T16:54:04.861+0500][2.987s] GC(6)   Post Evacuate Collection Set: 0.8ms
[2021-01-28T16:54:04.861+0500][2.987s] GC(6)   Other: 0.2ms
[2021-01-28T16:54:04.861+0500][2.987s] GC(6) Eden regions: 285->0(281)
[2021-01-28T16:54:04.861+0500][2.987s] GC(6) Survivor regions: 22->26(39)
[2021-01-28T16:54:04.861+0500][2.987s] GC(6) Old regions: 7->9
[2021-01-28T16:54:04.861+0500][2.988s] GC(6) Archive regions: 2->2
[2021-01-28T16:54:04.861+0500][2.988s] GC(6) Humongous regions: 6->5
[2021-01-28T16:54:04.861+0500][2.988s] GC(6) Metaspace: 40866K(41472K)->40866K(41472K) NonClass: 36247K(36608K)->36247K(36608K) Class: 4619K(4864K)->4619K(4864K)
[2021-01-28T16:54:04.861+0500][2.988s] GC(6) Pause Young (Normal) (G1 Evacuation Pause) 320M->39M(512M) 8.783ms
[2021-01-28T16:54:04.861+0500][2.988s] GC(6) User=0.11s Sys=0.00s Real=0.01s
[2021-01-28T16:56:00.549+0500][118.674s] Heap
[2021-01-28T16:56:00.549+0500][118.674s]  garbage-first heap   total 524288K, used 155473K [0x00000007e0000000, 0x0000000800000000)
[2021-01-28T16:56:00.549+0500][118.674s]   region size 1024K, 139 young (142336K), 26 survivors (26624K)
[2021-01-28T16:56:00.549+0500][118.674s]  Metaspace       used 52078K, capacity 52598K, committed 52864K, reserved 1095680K
[2021-01-28T16:56:00.549+0500][118.674s]   class space    used 6040K, capacity 6213K, committed 6272K, reserved 1048576K
