[2021-02-03T10:03:12.093+0500][0.009s] Using G1
[2021-02-03T10:03:12.279+0500][0.196s] Version: 15.0.1+9 (release)
[2021-02-03T10:03:12.279+0500][0.196s] CPUs: 16 total, 16 available
[2021-02-03T10:03:12.279+0500][0.196s] Memory: 16384M
[2021-02-03T10:03:12.279+0500][0.196s] Large Page Support: Disabled
[2021-02-03T10:03:12.279+0500][0.196s] NUMA Support: Disabled
[2021-02-03T10:03:12.279+0500][0.196s] Compressed Oops: Enabled (Zero based)
[2021-02-03T10:03:12.279+0500][0.196s] Heap Region Size: 1M
[2021-02-03T10:03:12.279+0500][0.196s] Heap Min Capacity: 512M
[2021-02-03T10:03:12.279+0500][0.196s] Heap Initial Capacity: 512M
[2021-02-03T10:03:12.279+0500][0.196s] Heap Max Capacity: 512M
[2021-02-03T10:03:12.279+0500][0.196s] Pre-touch: Enabled
[2021-02-03T10:03:12.279+0500][0.196s] Parallel Workers: 13
[2021-02-03T10:03:12.279+0500][0.196s] Concurrent Workers: 3
[2021-02-03T10:03:12.279+0500][0.196s] Concurrent Refinement Workers: 13
[2021-02-03T10:03:12.279+0500][0.196s] Periodic GC: Disabled
[2021-02-03T10:03:12.280+0500][0.196s] Mark closed archive regions in map: [0x00000007fff00000, 0x00000007fff78ff8]
[2021-02-03T10:03:12.280+0500][0.197s] Mark open archive regions in map: [0x00000007ffe00000, 0x00000007ffe50ff8]
[2021-02-03T10:03:12.280+0500][0.197s] CDS archive(s) mapped at: [0x0000000800000000-0x0000000800b2d000-0x0000000800b2d000), size 11718656, SharedBaseAddress: 0x0000000800000000, ArchiveRelocationMode: 0.
[2021-02-03T10:03:12.280+0500][0.197s] Compressed class space mapped at: 0x0000000800b30000-0x0000000840b30000, size: 1073741824
[2021-02-03T10:03:12.280+0500][0.197s] Narrow klass base: 0x0000000800000000, Narrow klass shift: 3, Narrow klass range: 0x100000000
[2021-02-03T10:03:12.616+0500][0.533s] GC(0) Pause Young (Normal) (G1 Evacuation Pause)
[2021-02-03T10:03:12.617+0500][0.534s] GC(0) Using 12 workers of 13 for evacuation
[2021-02-03T10:03:12.620+0500][0.536s] GC(0)   Pre Evacuate Collection Set: 0.1ms
[2021-02-03T10:03:12.620+0500][0.536s] GC(0)   Merge Heap Roots: 0.1ms
[2021-02-03T10:03:12.620+0500][0.536s] GC(0)   Evacuate Collection Set: 1.4ms
[2021-02-03T10:03:12.620+0500][0.536s] GC(0)   Post Evacuate Collection Set: 0.6ms
[2021-02-03T10:03:12.620+0500][0.536s] GC(0)   Other: 1.0ms
[2021-02-03T10:03:12.620+0500][0.536s] GC(0) Eden regions: 29->0(54)
[2021-02-03T10:03:12.620+0500][0.536s] GC(0) Survivor regions: 0->3(4)
[2021-02-03T10:03:12.620+0500][0.536s] GC(0) Old regions: 0->0
[2021-02-03T10:03:12.620+0500][0.536s] GC(0) Archive regions: 2->2
[2021-02-03T10:03:12.620+0500][0.536s] GC(0) Humongous regions: 0->0
[2021-02-03T10:03:12.620+0500][0.536s] GC(0) Metaspace: 6712K(7808K)->6712K(7808K) NonClass: 5923K(6912K)->5923K(6912K) Class: 788K(896K)->788K(896K)
[2021-02-03T10:03:12.620+0500][0.536s] GC(0) Pause Young (Normal) (G1 Evacuation Pause) 29M->3M(512M) 3.322ms
[2021-02-03T10:03:12.620+0500][0.536s] GC(0) User=0.01s Sys=0.00s Real=0.01s
[2021-02-03T10:03:13.070+0500][0.986s] GC(1) Pause Young (Normal) (G1 Evacuation Pause)
[2021-02-03T10:03:13.070+0500][0.986s] GC(1) Using 13 workers of 13 for evacuation
[2021-02-03T10:03:13.076+0500][0.992s] GC(1)   Pre Evacuate Collection Set: 0.1ms
[2021-02-03T10:03:13.076+0500][0.992s] GC(1)   Merge Heap Roots: 0.1ms
[2021-02-03T10:03:13.076+0500][0.992s] GC(1)   Evacuate Collection Set: 4.7ms
[2021-02-03T10:03:13.076+0500][0.992s] GC(1)   Post Evacuate Collection Set: 1.0ms
[2021-02-03T10:03:13.076+0500][0.992s] GC(1)   Other: 0.2ms
[2021-02-03T10:03:13.076+0500][0.992s] GC(1) Eden regions: 54->0(299)
[2021-02-03T10:03:13.076+0500][0.992s] GC(1) Survivor regions: 3->8(8)
[2021-02-03T10:03:13.076+0500][0.992s] GC(1) Old regions: 0->7
[2021-02-03T10:03:13.076+0500][0.992s] GC(1) Archive regions: 2->2
[2021-02-03T10:03:13.076+0500][0.992s] GC(1) Humongous regions: 4->4
[2021-02-03T10:03:13.076+0500][0.992s] GC(1) Metaspace: 15580K(16256K)->15580K(16256K) NonClass: 13772K(14336K)->13772K(14336K) Class: 1808K(1920K)->1808K(1920K)
[2021-02-03T10:03:13.076+0500][0.992s] GC(1) Pause Young (Normal) (G1 Evacuation Pause) 61M->19M(512M) 6.343ms
[2021-02-03T10:03:13.076+0500][0.992s] GC(1) User=0.04s Sys=0.01s Real=0.00s
[2021-02-03T10:03:13.334+0500][1.250s] GC(2) Pause Young (Concurrent Start) (Metadata GC Threshold)
[2021-02-03T10:03:13.334+0500][1.250s] GC(2) Using 13 workers of 13 for evacuation
[2021-02-03T10:03:13.339+0500][1.255s] GC(2)   Pre Evacuate Collection Set: 0.1ms
[2021-02-03T10:03:13.339+0500][1.255s] GC(2)   Merge Heap Roots: 0.1ms
[2021-02-03T10:03:13.339+0500][1.255s] GC(2)   Evacuate Collection Set: 3.2ms
[2021-02-03T10:03:13.339+0500][1.255s] GC(2)   Post Evacuate Collection Set: 1.2ms
[2021-02-03T10:03:13.339+0500][1.255s] GC(2)   Other: 0.3ms
[2021-02-03T10:03:13.339+0500][1.255s] GC(2) Eden regions: 34->0(291)
[2021-02-03T10:03:13.339+0500][1.255s] GC(2) Survivor regions: 8->13(39)
[2021-02-03T10:03:13.339+0500][1.255s] GC(2) Old regions: 7->7
[2021-02-03T10:03:13.339+0500][1.255s] GC(2) Archive regions: 2->2
[2021-02-03T10:03:13.339+0500][1.255s] GC(2) Humongous regions: 4->4
[2021-02-03T10:03:13.339+0500][1.255s] GC(2) Metaspace: 20730K(21296K)->20730K(21296K) NonClass: 18405K(18864K)->18405K(18864K) Class: 2325K(2432K)->2325K(2432K)
[2021-02-03T10:03:13.339+0500][1.255s] GC(2) Pause Young (Concurrent Start) (Metadata GC Threshold) 53M->23M(512M) 4.933ms
[2021-02-03T10:03:13.339+0500][1.255s] GC(2) User=0.04s Sys=0.00s Real=0.00s
[2021-02-03T10:03:13.339+0500][1.255s] GC(3) Concurrent Cycle
[2021-02-03T10:03:13.339+0500][1.255s] GC(3) Concurrent Clear Claimed Marks
[2021-02-03T10:03:13.339+0500][1.256s] GC(3) Concurrent Clear Claimed Marks 0.036ms
[2021-02-03T10:03:13.339+0500][1.256s] GC(3) Concurrent Scan Root Regions
[2021-02-03T10:03:13.341+0500][1.257s] GC(3) Concurrent Scan Root Regions 1.824ms
[2021-02-03T10:03:13.341+0500][1.257s] GC(3) Concurrent Mark (1.257s)
[2021-02-03T10:03:13.341+0500][1.257s] GC(3) Concurrent Mark From Roots
[2021-02-03T10:03:13.341+0500][1.257s] GC(3) Using 3 workers of 3 for marking
[2021-02-03T10:03:13.346+0500][1.262s] GC(3) Concurrent Mark From Roots 4.431ms
[2021-02-03T10:03:13.346+0500][1.262s] GC(3) Concurrent Preclean
[2021-02-03T10:03:13.346+0500][1.262s] GC(3) Concurrent Preclean 0.089ms
[2021-02-03T10:03:13.346+0500][1.262s] GC(3) Concurrent Mark (1.257s, 1.262s) 4.602ms
[2021-02-03T10:03:13.346+0500][1.262s] GC(3) Pause Remark
[2021-02-03T10:03:13.347+0500][1.264s] GC(3) Pause Remark 25M->25M(512M) 1.219ms
[2021-02-03T10:03:13.347+0500][1.264s] GC(3) User=0.00s Sys=0.00s Real=0.00s
[2021-02-03T10:03:13.347+0500][1.264s] GC(3) Concurrent Rebuild Remembered Sets
[2021-02-03T10:03:13.351+0500][1.267s] GC(3) Concurrent Rebuild Remembered Sets 3.355ms
[2021-02-03T10:03:13.351+0500][1.268s] GC(3) Pause Cleanup
[2021-02-03T10:03:13.351+0500][1.268s] GC(3) Pause Cleanup 25M->25M(512M) 0.126ms
[2021-02-03T10:03:13.351+0500][1.268s] GC(3) User=0.00s Sys=0.00s Real=0.00s
[2021-02-03T10:03:13.351+0500][1.268s] GC(3) Concurrent Cleanup for Next Mark
[2021-02-03T10:03:13.352+0500][1.269s] GC(3) Concurrent Cleanup for Next Mark 0.882ms
[2021-02-03T10:03:13.352+0500][1.269s] GC(3) Concurrent Cycle 13.260ms
[2021-02-03T10:03:51.075+0500][38.991s] Heap
[2021-02-03T10:03:51.075+0500][38.991s]  garbage-first heap   total 524288K, used 109318K [0x00000007e0000000, 0x0000000800000000)
[2021-02-03T10:03:51.075+0500][38.991s]   region size 1024K, 97 young (99328K), 13 survivors (13312K)
[2021-02-03T10:03:51.075+0500][38.991s]  Metaspace       used 34149K, capacity 34516K, committed 35072K, reserved 1081344K
[2021-02-03T10:03:51.075+0500][38.991s]   class space    used 3885K, capacity 4001K, committed 4096K, reserved 1048576K
