[2021-02-03T10:14:31.256+0500][0.009s] Using G1
[2021-02-03T10:14:31.441+0500][0.194s] Version: 15.0.1+9 (release)
[2021-02-03T10:14:31.441+0500][0.194s] CPUs: 16 total, 16 available
[2021-02-03T10:14:31.441+0500][0.194s] Memory: 16384M
[2021-02-03T10:14:31.441+0500][0.194s] Large Page Support: Disabled
[2021-02-03T10:14:31.441+0500][0.194s] NUMA Support: Disabled
[2021-02-03T10:14:31.441+0500][0.194s] Compressed Oops: Enabled (Zero based)
[2021-02-03T10:14:31.441+0500][0.194s] Heap Region Size: 1M
[2021-02-03T10:14:31.441+0500][0.194s] Heap Min Capacity: 512M
[2021-02-03T10:14:31.441+0500][0.194s] Heap Initial Capacity: 512M
[2021-02-03T10:14:31.441+0500][0.194s] Heap Max Capacity: 512M
[2021-02-03T10:14:31.441+0500][0.194s] Pre-touch: Enabled
[2021-02-03T10:14:31.441+0500][0.194s] Parallel Workers: 13
[2021-02-03T10:14:31.441+0500][0.194s] Concurrent Workers: 3
[2021-02-03T10:14:31.441+0500][0.194s] Concurrent Refinement Workers: 13
[2021-02-03T10:14:31.441+0500][0.194s] Periodic GC: Disabled
[2021-02-03T10:14:31.441+0500][0.195s] Mark closed archive regions in map: [0x00000007fff00000, 0x00000007fff78ff8]
[2021-02-03T10:14:31.441+0500][0.195s] Mark open archive regions in map: [0x00000007ffe00000, 0x00000007ffe50ff8]
[2021-02-03T10:14:31.442+0500][0.195s] CDS archive(s) mapped at: [0x0000000800000000-0x0000000800b2d000-0x0000000800b2d000), size 11718656, SharedBaseAddress: 0x0000000800000000, ArchiveRelocationMode: 0.
[2021-02-03T10:14:31.442+0500][0.195s] Compressed class space mapped at: 0x0000000800b30000-0x0000000840b30000, size: 1073741824
[2021-02-03T10:14:31.442+0500][0.195s] Narrow klass base: 0x0000000800000000, Narrow klass shift: 3, Narrow klass range: 0x100000000
[2021-02-03T10:14:31.785+0500][0.538s] GC(0) Pause Young (Normal) (G1 Evacuation Pause)
[2021-02-03T10:14:31.785+0500][0.539s] GC(0) Using 12 workers of 13 for evacuation
[2021-02-03T10:14:31.787+0500][0.541s] GC(0)   Pre Evacuate Collection Set: 0.1ms
[2021-02-03T10:14:31.787+0500][0.541s] GC(0)   Merge Heap Roots: 0.0ms
[2021-02-03T10:14:31.787+0500][0.541s] GC(0)   Evacuate Collection Set: 1.3ms
[2021-02-03T10:14:31.787+0500][0.541s] GC(0)   Post Evacuate Collection Set: 0.3ms
[2021-02-03T10:14:31.787+0500][0.541s] GC(0)   Other: 0.9ms
[2021-02-03T10:14:31.787+0500][0.541s] GC(0) Eden regions: 29->0(54)
[2021-02-03T10:14:31.787+0500][0.541s] GC(0) Survivor regions: 0->3(4)
[2021-02-03T10:14:31.787+0500][0.541s] GC(0) Old regions: 0->0
[2021-02-03T10:14:31.787+0500][0.541s] GC(0) Archive regions: 2->2
[2021-02-03T10:14:31.787+0500][0.541s] GC(0) Humongous regions: 0->0
[2021-02-03T10:14:31.787+0500][0.541s] GC(0) Metaspace: 6692K(7808K)->6692K(7808K) NonClass: 5906K(6912K)->5906K(6912K) Class: 785K(896K)->785K(896K)
[2021-02-03T10:14:31.788+0500][0.541s] GC(0) Pause Young (Normal) (G1 Evacuation Pause) 29M->3M(512M) 2.834ms
[2021-02-03T10:14:31.788+0500][0.541s] GC(0) User=0.01s Sys=0.00s Real=0.00s
[2021-02-03T10:14:32.219+0500][0.973s] GC(1) Pause Young (Normal) (G1 Evacuation Pause)
[2021-02-03T10:14:32.219+0500][0.973s] GC(1) Using 13 workers of 13 for evacuation
[2021-02-03T10:14:32.225+0500][0.979s] GC(1)   Pre Evacuate Collection Set: 0.1ms
[2021-02-03T10:14:32.225+0500][0.979s] GC(1)   Merge Heap Roots: 0.1ms
[2021-02-03T10:14:32.225+0500][0.979s] GC(1)   Evacuate Collection Set: 4.5ms
[2021-02-03T10:14:32.225+0500][0.979s] GC(1)   Post Evacuate Collection Set: 1.0ms
[2021-02-03T10:14:32.225+0500][0.979s] GC(1)   Other: 0.3ms
[2021-02-03T10:14:32.225+0500][0.979s] GC(1) Eden regions: 54->0(299)
[2021-02-03T10:14:32.225+0500][0.979s] GC(1) Survivor regions: 3->8(8)
[2021-02-03T10:14:32.225+0500][0.979s] GC(1) Old regions: 0->7
[2021-02-03T10:14:32.225+0500][0.979s] GC(1) Archive regions: 2->2
[2021-02-03T10:14:32.225+0500][0.979s] GC(1) Humongous regions: 4->4
[2021-02-03T10:14:32.225+0500][0.979s] GC(1) Metaspace: 15583K(16256K)->15583K(16256K) NonClass: 13775K(14336K)->13775K(14336K) Class: 1808K(1920K)->1808K(1920K)
[2021-02-03T10:14:32.225+0500][0.979s] GC(1) Pause Young (Normal) (G1 Evacuation Pause) 61M->19M(512M) 6.155ms
[2021-02-03T10:14:32.225+0500][0.979s] GC(1) User=0.05s Sys=0.01s Real=0.01s
[2021-02-03T10:14:32.463+0500][1.216s] GC(2) Pause Young (Concurrent Start) (Metadata GC Threshold)
[2021-02-03T10:14:32.463+0500][1.216s] GC(2) Using 13 workers of 13 for evacuation
[2021-02-03T10:14:32.468+0500][1.222s] GC(2)   Pre Evacuate Collection Set: 0.1ms
[2021-02-03T10:14:32.468+0500][1.222s] GC(2)   Merge Heap Roots: 0.1ms
[2021-02-03T10:14:32.468+0500][1.222s] GC(2)   Evacuate Collection Set: 3.7ms
[2021-02-03T10:14:32.469+0500][1.222s] GC(2)   Post Evacuate Collection Set: 1.2ms
[2021-02-03T10:14:32.469+0500][1.222s] GC(2)   Other: 0.3ms
[2021-02-03T10:14:32.469+0500][1.222s] GC(2) Eden regions: 35->0(273)
[2021-02-03T10:14:32.469+0500][1.222s] GC(2) Survivor regions: 8->13(39)
[2021-02-03T10:14:32.469+0500][1.222s] GC(2) Old regions: 7->7
[2021-02-03T10:14:32.469+0500][1.222s] GC(2) Archive regions: 2->2
[2021-02-03T10:14:32.469+0500][1.222s] GC(2) Humongous regions: 4->4
[2021-02-03T10:14:32.469+0500][1.222s] GC(2) Metaspace: 20747K(21296K)->20747K(21296K) NonClass: 18422K(18864K)->18422K(18864K) Class: 2325K(2432K)->2325K(2432K)
[2021-02-03T10:14:32.469+0500][1.222s] GC(2) Pause Young (Concurrent Start) (Metadata GC Threshold) 53M->24M(512M) 5.483ms
[2021-02-03T10:14:32.469+0500][1.222s] GC(2) User=0.05s Sys=0.00s Real=0.00s
[2021-02-03T10:14:32.469+0500][1.222s] GC(3) Concurrent Cycle
[2021-02-03T10:14:32.469+0500][1.222s] GC(3) Concurrent Clear Claimed Marks
[2021-02-03T10:14:32.469+0500][1.222s] GC(3) Concurrent Clear Claimed Marks 0.019ms
[2021-02-03T10:14:32.469+0500][1.222s] GC(3) Concurrent Scan Root Regions
[2021-02-03T10:14:32.471+0500][1.224s] GC(3) Concurrent Scan Root Regions 2.062ms
[2021-02-03T10:14:32.471+0500][1.224s] GC(3) Concurrent Mark (1.224s)
[2021-02-03T10:14:32.471+0500][1.224s] GC(3) Concurrent Mark From Roots
[2021-02-03T10:14:32.471+0500][1.224s] GC(3) Using 3 workers of 3 for marking
[2021-02-03T10:14:32.475+0500][1.228s] GC(3) Concurrent Mark From Roots 4.115ms
[2021-02-03T10:14:32.475+0500][1.228s] GC(3) Concurrent Preclean
[2021-02-03T10:14:32.475+0500][1.228s] GC(3) Concurrent Preclean 0.072ms
[2021-02-03T10:14:32.475+0500][1.228s] GC(3) Concurrent Mark (1.224s, 1.228s) 4.251ms
[2021-02-03T10:14:32.475+0500][1.228s] GC(3) Pause Remark
[2021-02-03T10:14:32.476+0500][1.229s] GC(3) Pause Remark 25M->25M(512M) 0.829ms
[2021-02-03T10:14:32.476+0500][1.229s] GC(3) User=0.00s Sys=0.00s Real=0.00s
[2021-02-03T10:14:32.476+0500][1.229s] GC(3) Concurrent Rebuild Remembered Sets
[2021-02-03T10:14:32.479+0500][1.232s] GC(3) Concurrent Rebuild Remembered Sets 2.650ms
[2021-02-03T10:14:32.479+0500][1.232s] GC(3) Pause Cleanup
[2021-02-03T10:14:32.479+0500][1.232s] GC(3) Pause Cleanup 25M->25M(512M) 0.107ms
[2021-02-03T10:14:32.479+0500][1.232s] GC(3) User=0.00s Sys=0.00s Real=0.00s
[2021-02-03T10:14:32.479+0500][1.233s] GC(3) Concurrent Cleanup for Next Mark
[2021-02-03T10:14:32.480+0500][1.233s] GC(3) Concurrent Cleanup for Next Mark 0.648ms
[2021-02-03T10:14:32.480+0500][1.233s] GC(3) Concurrent Cycle 11.190ms
[2021-02-03T10:14:33.486+0500][2.240s] GC(4) Pause Young (Concurrent Start) (Metadata GC Threshold)
[2021-02-03T10:14:33.486+0500][2.240s] GC(4) Using 13 workers of 13 for evacuation
[2021-02-03T10:14:33.493+0500][2.246s] GC(4)   Pre Evacuate Collection Set: 0.1ms
[2021-02-03T10:14:33.493+0500][2.246s] GC(4)   Merge Heap Roots: 0.1ms
[2021-02-03T10:14:33.493+0500][2.246s] GC(4)   Evacuate Collection Set: 5.0ms
[2021-02-03T10:14:33.493+0500][2.246s] GC(4)   Post Evacuate Collection Set: 1.3ms
[2021-02-03T10:14:33.493+0500][2.246s] GC(4)   Other: 0.2ms
[2021-02-03T10:14:33.493+0500][2.246s] GC(4) Eden regions: 150->0(284)
[2021-02-03T10:14:33.493+0500][2.246s] GC(4) Survivor regions: 13->23(37)
[2021-02-03T10:14:33.493+0500][2.246s] GC(4) Old regions: 7->7
[2021-02-03T10:14:33.493+0500][2.246s] GC(4) Archive regions: 2->2
[2021-02-03T10:14:33.493+0500][2.246s] GC(4) Humongous regions: 6->6
[2021-02-03T10:14:33.493+0500][2.246s] GC(4) Metaspace: 35456K(35968K)->35456K(35968K) NonClass: 31470K(31744K)->31470K(31744K) Class: 3986K(4224K)->3986K(4224K)
[2021-02-03T10:14:33.493+0500][2.246s] GC(4) Pause Young (Concurrent Start) (Metadata GC Threshold) 175M->36M(512M) 6.797ms
[2021-02-03T10:14:33.493+0500][2.246s] GC(4) User=0.06s Sys=0.00s Real=0.01s
[2021-02-03T10:14:33.493+0500][2.246s] GC(5) Concurrent Cycle
[2021-02-03T10:14:33.493+0500][2.246s] GC(5) Concurrent Clear Claimed Marks
[2021-02-03T10:14:33.493+0500][2.247s] GC(5) Concurrent Clear Claimed Marks 0.017ms
[2021-02-03T10:14:33.493+0500][2.247s] GC(5) Concurrent Scan Root Regions
[2021-02-03T10:14:33.496+0500][2.250s] GC(5) Concurrent Scan Root Regions 2.985ms
[2021-02-03T10:14:33.496+0500][2.250s] GC(5) Concurrent Mark (2.250s)
[2021-02-03T10:14:33.496+0500][2.250s] GC(5) Concurrent Mark From Roots
[2021-02-03T10:14:33.496+0500][2.250s] GC(5) Using 3 workers of 3 for marking
[2021-02-03T10:14:33.501+0500][2.254s] GC(5) Concurrent Mark From Roots 4.496ms
[2021-02-03T10:14:33.501+0500][2.254s] GC(5) Concurrent Preclean
[2021-02-03T10:14:33.501+0500][2.254s] GC(5) Concurrent Preclean 0.030ms
[2021-02-03T10:14:33.501+0500][2.254s] GC(5) Concurrent Mark (2.250s, 2.254s) 4.602ms
[2021-02-03T10:14:33.501+0500][2.254s] GC(5) Pause Remark
[2021-02-03T10:14:33.502+0500][2.256s] GC(5) Pause Remark 42M->42M(512M) 1.276ms
[2021-02-03T10:14:33.502+0500][2.256s] GC(5) User=0.01s Sys=0.00s Real=0.00s
[2021-02-03T10:14:33.502+0500][2.256s] GC(5) Concurrent Rebuild Remembered Sets
[2021-02-03T10:14:33.506+0500][2.260s] GC(5) Concurrent Rebuild Remembered Sets 3.772ms
[2021-02-03T10:14:33.507+0500][2.260s] GC(5) Pause Cleanup
[2021-02-03T10:14:33.507+0500][2.260s] GC(5) Pause Cleanup 45M->45M(512M) 0.161ms
[2021-02-03T10:14:33.507+0500][2.260s] GC(5) User=0.00s Sys=0.00s Real=0.00s
[2021-02-03T10:14:33.507+0500][2.260s] GC(5) Concurrent Cleanup for Next Mark
[2021-02-03T10:14:33.508+0500][2.261s] GC(5) Concurrent Cleanup for Next Mark 0.750ms
[2021-02-03T10:14:33.508+0500][2.261s] GC(5) Concurrent Cycle 14.429ms
[2021-02-03T10:14:33.958+0500][2.712s] GC(6) Pause Young (Normal) (G1 Evacuation Pause)
[2021-02-03T10:14:33.958+0500][2.712s] GC(6) Using 13 workers of 13 for evacuation
[2021-02-03T10:14:33.965+0500][2.719s] GC(6)   Pre Evacuate Collection Set: 0.1ms
[2021-02-03T10:14:33.965+0500][2.719s] GC(6)   Merge Heap Roots: 0.2ms
[2021-02-03T10:14:33.965+0500][2.719s] GC(6)   Evacuate Collection Set: 5.9ms
[2021-02-03T10:14:33.965+0500][2.719s] GC(6)   Post Evacuate Collection Set: 0.9ms
[2021-02-03T10:14:33.965+0500][2.719s] GC(6)   Other: 0.2ms
[2021-02-03T10:14:33.965+0500][2.719s] GC(6) Eden regions: 284->0(288)
[2021-02-03T10:14:33.966+0500][2.719s] GC(6) Survivor regions: 23->19(39)
[2021-02-03T10:14:33.966+0500][2.719s] GC(6) Old regions: 7->15
[2021-02-03T10:14:33.966+0500][2.719s] GC(6) Archive regions: 2->2
[2021-02-03T10:14:33.966+0500][2.719s] GC(6) Humongous regions: 6->5
[2021-02-03T10:14:33.966+0500][2.719s] GC(6) Metaspace: 40999K(41728K)->40999K(41728K) NonClass: 36369K(36864K)->36369K(36864K) Class: 4630K(4864K)->4630K(4864K)
[2021-02-03T10:14:33.966+0500][2.719s] GC(6) Pause Young (Normal) (G1 Evacuation Pause) 320M->38M(512M) 7.298ms
[2021-02-03T10:14:33.966+0500][2.719s] GC(6) User=0.06s Sys=0.00s Real=0.01s
[2021-02-03T10:20:29.157+0500][357.913s] GC(7) Pause Young (Normal) (G1 Evacuation Pause)
[2021-02-03T10:20:29.157+0500][357.913s] GC(7) Using 13 workers of 13 for evacuation
[2021-02-03T10:20:29.165+0500][357.920s] GC(7)   Pre Evacuate Collection Set: 0.1ms
[2021-02-03T10:20:29.165+0500][357.920s] GC(7)   Merge Heap Roots: 0.1ms
[2021-02-03T10:20:29.165+0500][357.920s] GC(7)   Evacuate Collection Set: 6.2ms
[2021-02-03T10:20:29.165+0500][357.920s] GC(7)   Post Evacuate Collection Set: 0.9ms
[2021-02-03T10:20:29.165+0500][357.920s] GC(7)   Other: 0.2ms
[2021-02-03T10:20:29.165+0500][357.920s] GC(7) Eden regions: 288->0(273)
[2021-02-03T10:20:29.165+0500][357.920s] GC(7) Survivor regions: 19->34(39)
[2021-02-03T10:20:29.165+0500][357.920s] GC(7) Old regions: 15->15
[2021-02-03T10:20:29.165+0500][357.920s] GC(7) Archive regions: 2->2
[2021-02-03T10:20:29.165+0500][357.920s] GC(7) Humongous regions: 6->5
[2021-02-03T10:20:29.165+0500][357.920s] GC(7) Metaspace: 55020K(55936K)->55020K(55936K) NonClass: 48749K(49408K)->48749K(49408K) Class: 6271K(6528K)->6271K(6528K)
[2021-02-03T10:20:29.165+0500][357.920s] GC(7) Pause Young (Normal) (G1 Evacuation Pause) 327M->54M(512M) 7.804ms
[2021-02-03T10:20:29.165+0500][357.920s] GC(7) User=0.09s Sys=0.00s Real=0.01s
[2021-02-03T10:20:29.813+0500][358.569s] GC(8) Pause Young (Normal) (G1 Evacuation Pause)
[2021-02-03T10:20:29.813+0500][358.569s] GC(8) Using 13 workers of 13 for evacuation
[2021-02-03T10:20:29.820+0500][358.575s] GC(8)   Pre Evacuate Collection Set: 0.1ms
[2021-02-03T10:20:29.820+0500][358.575s] GC(8)   Merge Heap Roots: 0.1ms
[2021-02-03T10:20:29.820+0500][358.575s] GC(8)   Evacuate Collection Set: 5.3ms
[2021-02-03T10:20:29.820+0500][358.575s] GC(8)   Post Evacuate Collection Set: 0.8ms
[2021-02-03T10:20:29.820+0500][358.575s] GC(8)   Other: 0.1ms
[2021-02-03T10:20:29.820+0500][358.575s] GC(8) Eden regions: 273->0(284)
[2021-02-03T10:20:29.820+0500][358.575s] GC(8) Survivor regions: 34->23(39)
[2021-02-03T10:20:29.820+0500][358.575s] GC(8) Old regions: 15->29
[2021-02-03T10:20:29.820+0500][358.575s] GC(8) Archive regions: 2->2
[2021-02-03T10:20:29.820+0500][358.575s] GC(8) Humongous regions: 6->5
[2021-02-03T10:20:29.820+0500][358.575s] GC(8) Metaspace: 55090K(56192K)->55090K(56192K) NonClass: 48819K(49664K)->48819K(49664K) Class: 6271K(6528K)->6271K(6528K)
[2021-02-03T10:20:29.820+0500][358.575s] GC(8) Pause Young (Normal) (G1 Evacuation Pause) 328M->56M(512M) 6.601ms
[2021-02-03T10:20:29.820+0500][358.575s] GC(8) User=0.07s Sys=0.00s Real=0.01s
[2021-02-03T10:20:30.510+0500][359.266s] GC(9) Pause Young (Normal) (G1 Evacuation Pause)
[2021-02-03T10:20:30.511+0500][359.266s] GC(9) Using 13 workers of 13 for evacuation
[2021-02-03T10:20:30.515+0500][359.271s] GC(9)   Pre Evacuate Collection Set: 0.1ms
[2021-02-03T10:20:30.515+0500][359.271s] GC(9)   Merge Heap Roots: 0.1ms
[2021-02-03T10:20:30.515+0500][359.271s] GC(9)   Evacuate Collection Set: 3.7ms
[2021-02-03T10:20:30.515+0500][359.271s] GC(9)   Post Evacuate Collection Set: 0.7ms
[2021-02-03T10:20:30.515+0500][359.271s] GC(9)   Other: 0.2ms
[2021-02-03T10:20:30.515+0500][359.271s] GC(9) Eden regions: 284->0(287)
[2021-02-03T10:20:30.515+0500][359.271s] GC(9) Survivor regions: 23->20(39)
[2021-02-03T10:20:30.515+0500][359.271s] GC(9) Old regions: 29->33
[2021-02-03T10:20:30.515+0500][359.271s] GC(9) Archive regions: 2->2
[2021-02-03T10:20:30.515+0500][359.271s] GC(9) Humongous regions: 5->5
[2021-02-03T10:20:30.515+0500][359.271s] GC(9) Metaspace: 55123K(56192K)->55123K(56192K) NonClass: 48849K(49664K)->48849K(49664K) Class: 6273K(6528K)->6273K(6528K)
[2021-02-03T10:20:30.515+0500][359.271s] GC(9) Pause Young (Normal) (G1 Evacuation Pause) 340M->57M(512M) 4.981ms
[2021-02-03T10:20:30.515+0500][359.271s] GC(9) User=0.05s Sys=0.00s Real=0.00s
[2021-02-03T10:20:31.080+0500][359.835s] GC(10) Pause Young (Normal) (G1 Evacuation Pause)
[2021-02-03T10:20:31.080+0500][359.835s] GC(10) Using 13 workers of 13 for evacuation
[2021-02-03T10:20:31.084+0500][359.840s] GC(10)   Pre Evacuate Collection Set: 0.1ms
[2021-02-03T10:20:31.084+0500][359.840s] GC(10)   Merge Heap Roots: 0.1ms
[2021-02-03T10:20:31.084+0500][359.840s] GC(10)   Evacuate Collection Set: 3.5ms
[2021-02-03T10:20:31.084+0500][359.840s] GC(10)   Post Evacuate Collection Set: 0.9ms
[2021-02-03T10:20:31.084+0500][359.840s] GC(10)   Other: 0.1ms
[2021-02-03T10:20:31.084+0500][359.840s] GC(10) Eden regions: 287->0(284)
[2021-02-03T10:20:31.084+0500][359.840s] GC(10) Survivor regions: 20->23(39)
[2021-02-03T10:20:31.084+0500][359.840s] GC(10) Old regions: 33->33
[2021-02-03T10:20:31.084+0500][359.840s] GC(10) Archive regions: 2->2
[2021-02-03T10:20:31.084+0500][359.840s] GC(10) Humongous regions: 7->6
[2021-02-03T10:20:31.084+0500][359.840s] GC(10) Metaspace: 55199K(56192K)->55199K(56192K) NonClass: 48921K(49664K)->48921K(49664K) Class: 6278K(6528K)->6278K(6528K)
[2021-02-03T10:20:31.084+0500][359.840s] GC(10) Pause Young (Normal) (G1 Evacuation Pause) 346M->61M(512M) 4.853ms
[2021-02-03T10:20:31.084+0500][359.840s] GC(10) User=0.05s Sys=0.01s Real=0.00s
[2021-02-03T10:20:31.675+0500][360.431s] GC(11) Pause Young (Normal) (G1 Evacuation Pause)
[2021-02-03T10:20:31.675+0500][360.431s] GC(11) Using 13 workers of 13 for evacuation
[2021-02-03T10:20:31.680+0500][360.436s] GC(11)   Pre Evacuate Collection Set: 0.1ms
[2021-02-03T10:20:31.680+0500][360.436s] GC(11)   Merge Heap Roots: 0.1ms
[2021-02-03T10:20:31.680+0500][360.436s] GC(11)   Evacuate Collection Set: 3.6ms
[2021-02-03T10:20:31.680+0500][360.436s] GC(11)   Post Evacuate Collection Set: 0.6ms
[2021-02-03T10:20:31.680+0500][360.436s] GC(11)   Other: 0.2ms
[2021-02-03T10:20:31.680+0500][360.436s] GC(11) Eden regions: 284->0(296)
[2021-02-03T10:20:31.680+0500][360.436s] GC(11) Survivor regions: 23->11(39)
[2021-02-03T10:20:31.680+0500][360.436s] GC(11) Old regions: 33->44
[2021-02-03T10:20:31.680+0500][360.436s] GC(11) Archive regions: 2->2
[2021-02-03T10:20:31.680+0500][360.436s] GC(11) Humongous regions: 8->5
[2021-02-03T10:20:31.680+0500][360.436s] GC(11) Metaspace: 55248K(56192K)->55248K(56192K) NonClass: 48969K(49664K)->48969K(49664K) Class: 6278K(6528K)->6278K(6528K)
[2021-02-03T10:20:31.680+0500][360.436s] GC(11) Pause Young (Normal) (G1 Evacuation Pause) 347M->59M(512M) 4.704ms
[2021-02-03T10:20:31.680+0500][360.436s] GC(11) User=0.05s Sys=0.01s Real=0.01s
[2021-02-03T10:20:32.309+0500][361.065s] GC(12) Pause Young (Normal) (G1 Evacuation Pause)
[2021-02-03T10:20:32.309+0500][361.065s] GC(12) Using 13 workers of 13 for evacuation
[2021-02-03T10:20:32.311+0500][361.067s] GC(12)   Pre Evacuate Collection Set: 0.1ms
[2021-02-03T10:20:32.312+0500][361.067s] GC(12)   Merge Heap Roots: 0.1ms
[2021-02-03T10:20:32.312+0500][361.067s] GC(12)   Evacuate Collection Set: 1.1ms
[2021-02-03T10:20:32.312+0500][361.067s] GC(12)   Post Evacuate Collection Set: 0.6ms
[2021-02-03T10:20:32.312+0500][361.067s] GC(12)   Other: 0.1ms
[2021-02-03T10:20:32.312+0500][361.067s] GC(12) Eden regions: 296->0(297)
[2021-02-03T10:20:32.312+0500][361.067s] GC(12) Survivor regions: 11->10(39)
[2021-02-03T10:20:32.312+0500][361.067s] GC(12) Old regions: 44->44
[2021-02-03T10:20:32.312+0500][361.067s] GC(12) Archive regions: 2->2
[2021-02-03T10:20:32.312+0500][361.067s] GC(12) Humongous regions: 5->5
[2021-02-03T10:20:32.312+0500][361.067s] GC(12) Metaspace: 55265K(56192K)->55265K(56192K) NonClass: 48986K(49664K)->48986K(49664K) Class: 6278K(6528K)->6278K(6528K)
[2021-02-03T10:20:32.312+0500][361.067s] GC(12) Pause Young (Normal) (G1 Evacuation Pause) 355M->59M(512M) 2.214ms
[2021-02-03T10:20:32.312+0500][361.067s] GC(12) User=0.02s Sys=0.00s Real=0.01s
[2021-02-03T10:20:32.819+0500][361.575s] GC(13) Pause Young (Normal) (G1 Evacuation Pause)
[2021-02-03T10:20:32.819+0500][361.575s] GC(13) Using 13 workers of 13 for evacuation
[2021-02-03T10:20:32.822+0500][361.577s] GC(13)   Pre Evacuate Collection Set: 0.1ms
[2021-02-03T10:20:32.822+0500][361.577s] GC(13)   Merge Heap Roots: 0.1ms
[2021-02-03T10:20:32.822+0500][361.577s] GC(13)   Evacuate Collection Set: 1.4ms
[2021-02-03T10:20:32.822+0500][361.577s] GC(13)   Post Evacuate Collection Set: 0.7ms
[2021-02-03T10:20:32.822+0500][361.577s] GC(13)   Other: 0.3ms
[2021-02-03T10:20:32.822+0500][361.577s] GC(13) Eden regions: 297->0(296)
[2021-02-03T10:20:32.822+0500][361.577s] GC(13) Survivor regions: 10->11(39)
[2021-02-03T10:20:32.822+0500][361.577s] GC(13) Old regions: 44->44
[2021-02-03T10:20:32.822+0500][361.577s] GC(13) Archive regions: 2->2
[2021-02-03T10:20:32.822+0500][361.577s] GC(13) Humongous regions: 8->7
[2021-02-03T10:20:32.822+0500][361.577s] GC(13) Metaspace: 55339K(56448K)->55339K(56448K) NonClass: 49060K(49920K)->49060K(49920K) Class: 6278K(6528K)->6278K(6528K)
[2021-02-03T10:20:32.822+0500][361.577s] GC(13) Pause Young (Normal) (G1 Evacuation Pause) 359M->62M(512M) 2.752ms
[2021-02-03T10:20:32.822+0500][361.577s] GC(13) User=0.02s Sys=0.00s Real=0.01s
[2021-02-03T10:20:33.491+0500][362.247s] GC(14) Pause Young (Normal) (G1 Evacuation Pause)
[2021-02-03T10:20:33.491+0500][362.247s] GC(14) Using 13 workers of 13 for evacuation
[2021-02-03T10:20:33.493+0500][362.249s] GC(14)   Pre Evacuate Collection Set: 0.1ms
[2021-02-03T10:20:33.493+0500][362.249s] GC(14)   Merge Heap Roots: 0.1ms
[2021-02-03T10:20:33.493+0500][362.249s] GC(14)   Evacuate Collection Set: 0.9ms
[2021-02-03T10:20:33.493+0500][362.249s] GC(14)   Post Evacuate Collection Set: 0.4ms
[2021-02-03T10:20:33.493+0500][362.249s] GC(14)   Other: 0.2ms
[2021-02-03T10:20:33.493+0500][362.249s] GC(14) Eden regions: 296->0(300)
[2021-02-03T10:20:33.493+0500][362.249s] GC(14) Survivor regions: 11->7(39)
[2021-02-03T10:20:33.493+0500][362.249s] GC(14) Old regions: 44->44
[2021-02-03T10:20:33.493+0500][362.249s] GC(14) Archive regions: 2->2
[2021-02-03T10:20:33.493+0500][362.249s] GC(14) Humongous regions: 7->5
[2021-02-03T10:20:33.493+0500][362.249s] GC(14) Metaspace: 55421K(56448K)->55421K(56448K) NonClass: 49140K(49920K)->49140K(49920K) Class: 6280K(6528K)->6280K(6528K)
[2021-02-03T10:20:33.493+0500][362.249s] GC(14) Pause Young (Normal) (G1 Evacuation Pause) 358M->55M(512M) 1.740ms
[2021-02-03T10:20:33.493+0500][362.249s] GC(14) User=0.01s Sys=0.00s Real=0.00s
[2021-02-03T10:20:34.090+0500][362.845s] GC(15) Pause Young (Normal) (G1 Evacuation Pause)
[2021-02-03T10:20:34.090+0500][362.845s] GC(15) Using 13 workers of 13 for evacuation
[2021-02-03T10:20:34.091+0500][362.847s] GC(15)   Pre Evacuate Collection Set: 0.1ms
[2021-02-03T10:20:34.092+0500][362.847s] GC(15)   Merge Heap Roots: 0.1ms
[2021-02-03T10:20:34.092+0500][362.847s] GC(15)   Evacuate Collection Set: 1.0ms
[2021-02-03T10:20:34.092+0500][362.847s] GC(15)   Post Evacuate Collection Set: 0.6ms
[2021-02-03T10:20:34.092+0500][362.847s] GC(15)   Other: 0.2ms
[2021-02-03T10:20:34.092+0500][362.847s] GC(15) Eden regions: 300->0(301)
[2021-02-03T10:20:34.092+0500][362.847s] GC(15) Survivor regions: 7->6(39)
[2021-02-03T10:20:34.092+0500][362.847s] GC(15) Old regions: 44->44
[2021-02-03T10:20:34.092+0500][362.847s] GC(15) Archive regions: 2->2
[2021-02-03T10:20:34.092+0500][362.847s] GC(15) Humongous regions: 5->5
[2021-02-03T10:20:34.092+0500][362.847s] GC(15) Metaspace: 55425K(56448K)->55425K(56448K) NonClass: 49145K(49920K)->49145K(49920K) Class: 6280K(6528K)->6280K(6528K)
[2021-02-03T10:20:34.092+0500][362.847s] GC(15) Pause Young (Normal) (G1 Evacuation Pause) 355M->55M(512M) 2.084ms
[2021-02-03T10:20:34.092+0500][362.847s] GC(15) User=0.01s Sys=0.00s Real=0.00s
[2021-02-03T10:20:34.745+0500][363.500s] GC(16) Pause Young (Normal) (G1 Evacuation Pause)
[2021-02-03T10:20:34.745+0500][363.500s] GC(16) Using 13 workers of 13 for evacuation
[2021-02-03T10:20:34.747+0500][363.502s] GC(16)   Pre Evacuate Collection Set: 0.1ms
[2021-02-03T10:20:34.747+0500][363.502s] GC(16)   Merge Heap Roots: 0.1ms
[2021-02-03T10:20:34.747+0500][363.502s] GC(16)   Evacuate Collection Set: 1.2ms
[2021-02-03T10:20:34.747+0500][363.502s] GC(16)   Post Evacuate Collection Set: 0.5ms
[2021-02-03T10:20:34.747+0500][363.502s] GC(16)   Other: 0.1ms
[2021-02-03T10:20:34.747+0500][363.502s] GC(16) Eden regions: 301->0(298)
[2021-02-03T10:20:34.747+0500][363.503s] GC(16) Survivor regions: 6->9(39)
[2021-02-03T10:20:34.747+0500][363.503s] GC(16) Old regions: 44->44
[2021-02-03T10:20:34.747+0500][363.503s] GC(16) Archive regions: 2->2
[2021-02-03T10:20:34.747+0500][363.503s] GC(16) Humongous regions: 6->5
[2021-02-03T10:20:34.747+0500][363.503s] GC(16) Metaspace: 55438K(56448K)->55438K(56448K) NonClass: 49158K(49920K)->49158K(49920K) Class: 6280K(6528K)->6280K(6528K)
[2021-02-03T10:20:34.747+0500][363.503s] GC(16) Pause Young (Normal) (G1 Evacuation Pause) 357M->57M(512M) 2.139ms
[2021-02-03T10:20:34.747+0500][363.503s] GC(16) User=0.02s Sys=0.00s Real=0.00s
[2021-02-03T10:20:35.287+0500][364.043s] GC(17) Pause Young (Normal) (G1 Evacuation Pause)
[2021-02-03T10:20:35.287+0500][364.043s] GC(17) Using 13 workers of 13 for evacuation
[2021-02-03T10:20:35.289+0500][364.044s] GC(17)   Pre Evacuate Collection Set: 0.1ms
[2021-02-03T10:20:35.289+0500][364.045s] GC(17)   Merge Heap Roots: 0.1ms
[2021-02-03T10:20:35.289+0500][364.045s] GC(17)   Evacuate Collection Set: 1.1ms
[2021-02-03T10:20:35.289+0500][364.045s] GC(17)   Post Evacuate Collection Set: 0.4ms
[2021-02-03T10:20:35.289+0500][364.045s] GC(17)   Other: 0.1ms
[2021-02-03T10:20:35.289+0500][364.045s] GC(17) Eden regions: 298->0(300)
[2021-02-03T10:20:35.289+0500][364.045s] GC(17) Survivor regions: 9->7(39)
[2021-02-03T10:20:35.289+0500][364.045s] GC(17) Old regions: 44->44
[2021-02-03T10:20:35.289+0500][364.045s] GC(17) Archive regions: 2->2
[2021-02-03T10:20:35.289+0500][364.045s] GC(17) Humongous regions: 5->5
[2021-02-03T10:20:35.289+0500][364.045s] GC(17) Metaspace: 55626K(56704K)->55626K(56704K) NonClass: 49345K(50176K)->49345K(50176K) Class: 6280K(6528K)->6280K(6528K)
[2021-02-03T10:20:35.289+0500][364.045s] GC(17) Pause Young (Normal) (G1 Evacuation Pause) 355M->55M(512M) 1.899ms
[2021-02-03T10:20:35.289+0500][364.045s] GC(17) User=0.01s Sys=0.00s Real=0.00s
[2021-02-03T10:20:35.871+0500][364.627s] GC(18) Pause Young (Normal) (G1 Evacuation Pause)
[2021-02-03T10:20:35.872+0500][364.627s] GC(18) Using 13 workers of 13 for evacuation
[2021-02-03T10:20:35.874+0500][364.629s] GC(18)   Pre Evacuate Collection Set: 0.1ms
[2021-02-03T10:20:35.874+0500][364.629s] GC(18)   Merge Heap Roots: 0.1ms
[2021-02-03T10:20:35.874+0500][364.629s] GC(18)   Evacuate Collection Set: 1.1ms
[2021-02-03T10:20:35.874+0500][364.629s] GC(18)   Post Evacuate Collection Set: 0.7ms
[2021-02-03T10:20:35.874+0500][364.629s] GC(18)   Other: 0.2ms
[2021-02-03T10:20:35.874+0500][364.629s] GC(18) Eden regions: 300->0(298)
[2021-02-03T10:20:35.874+0500][364.629s] GC(18) Survivor regions: 7->9(39)
[2021-02-03T10:20:35.874+0500][364.629s] GC(18) Old regions: 44->44
[2021-02-03T10:20:35.874+0500][364.629s] GC(18) Archive regions: 2->2
[2021-02-03T10:20:35.874+0500][364.629s] GC(18) Humongous regions: 6->5
[2021-02-03T10:20:35.874+0500][364.629s] GC(18) Metaspace: 55626K(56704K)->55626K(56704K) NonClass: 49345K(50176K)->49345K(50176K) Class: 6280K(6528K)->6280K(6528K)
[2021-02-03T10:20:35.874+0500][364.630s] GC(18) Pause Young (Normal) (G1 Evacuation Pause) 356M->57M(512M) 2.317ms
[2021-02-03T10:20:35.874+0500][364.630s] GC(18) User=0.01s Sys=0.00s Real=0.00s
[2021-02-03T10:20:36.543+0500][365.299s] GC(19) Pause Young (Normal) (G1 Evacuation Pause)
[2021-02-03T10:20:36.543+0500][365.299s] GC(19) Using 13 workers of 13 for evacuation
[2021-02-03T10:20:36.545+0500][365.301s] GC(19)   Pre Evacuate Collection Set: 0.1ms
[2021-02-03T10:20:36.545+0500][365.301s] GC(19)   Merge Heap Roots: 0.1ms
[2021-02-03T10:20:36.545+0500][365.301s] GC(19)   Evacuate Collection Set: 1.1ms
[2021-02-03T10:20:36.545+0500][365.301s] GC(19)   Post Evacuate Collection Set: 0.5ms
[2021-02-03T10:20:36.545+0500][365.301s] GC(19)   Other: 0.1ms
[2021-02-03T10:20:36.545+0500][365.301s] GC(19) Eden regions: 298->0(298)
[2021-02-03T10:20:36.545+0500][365.301s] GC(19) Survivor regions: 9->9(39)
[2021-02-03T10:20:36.545+0500][365.301s] GC(19) Old regions: 44->44
[2021-02-03T10:20:36.545+0500][365.301s] GC(19) Archive regions: 2->2
[2021-02-03T10:20:36.545+0500][365.301s] GC(19) Humongous regions: 5->5
[2021-02-03T10:20:36.545+0500][365.301s] GC(19) Metaspace: 55627K(56704K)->55627K(56704K) NonClass: 49346K(50176K)->49346K(50176K) Class: 6280K(6528K)->6280K(6528K)
[2021-02-03T10:20:36.545+0500][365.301s] GC(19) Pause Young (Normal) (G1 Evacuation Pause) 355M->58M(512M) 2.028ms
[2021-02-03T10:20:36.545+0500][365.301s] GC(19) User=0.02s Sys=0.00s Real=0.00s
[2021-02-03T10:20:37.120+0500][365.875s] GC(20) Pause Young (Normal) (G1 Evacuation Pause)
[2021-02-03T10:20:37.120+0500][365.876s] GC(20) Using 13 workers of 13 for evacuation
[2021-02-03T10:20:37.122+0500][365.878s] GC(20)   Pre Evacuate Collection Set: 0.1ms
[2021-02-03T10:20:37.122+0500][365.878s] GC(20)   Merge Heap Roots: 0.1ms
[2021-02-03T10:20:37.122+0500][365.878s] GC(20)   Evacuate Collection Set: 1.3ms
[2021-02-03T10:20:37.122+0500][365.878s] GC(20)   Post Evacuate Collection Set: 0.5ms
[2021-02-03T10:20:37.122+0500][365.878s] GC(20)   Other: 0.3ms
[2021-02-03T10:20:37.122+0500][365.878s] GC(20) Eden regions: 298->0(297)
[2021-02-03T10:20:37.122+0500][365.878s] GC(20) Survivor regions: 9->10(39)
[2021-02-03T10:20:37.122+0500][365.878s] GC(20) Old regions: 44->44
[2021-02-03T10:20:37.122+0500][365.878s] GC(20) Archive regions: 2->2
[2021-02-03T10:20:37.122+0500][365.878s] GC(20) Humongous regions: 6->5
[2021-02-03T10:20:37.122+0500][365.878s] GC(20) Metaspace: 55658K(56704K)->55658K(56704K) NonClass: 49376K(50176K)->49376K(50176K) Class: 6282K(6528K)->6282K(6528K)
[2021-02-03T10:20:37.122+0500][365.878s] GC(20) Pause Young (Normal) (G1 Evacuation Pause) 357M->58M(512M) 2.388ms
[2021-02-03T10:20:37.122+0500][365.878s] GC(20) User=0.02s Sys=0.00s Real=0.00s
[2021-02-03T10:20:37.720+0500][366.475s] GC(21) Pause Young (Normal) (G1 Evacuation Pause)
[2021-02-03T10:20:37.720+0500][366.475s] GC(21) Using 13 workers of 13 for evacuation
[2021-02-03T10:20:37.722+0500][366.478s] GC(21)   Pre Evacuate Collection Set: 0.1ms
[2021-02-03T10:20:37.722+0500][366.478s] GC(21)   Merge Heap Roots: 0.1ms
[2021-02-03T10:20:37.722+0500][366.478s] GC(21)   Evacuate Collection Set: 1.6ms
[2021-02-03T10:20:37.722+0500][366.478s] GC(21)   Post Evacuate Collection Set: 0.6ms
[2021-02-03T10:20:37.722+0500][366.478s] GC(21)   Other: 0.2ms
[2021-02-03T10:20:37.722+0500][366.478s] GC(21) Eden regions: 297->0(298)
[2021-02-03T10:20:37.722+0500][366.478s] GC(21) Survivor regions: 10->9(39)
[2021-02-03T10:20:37.722+0500][366.478s] GC(21) Old regions: 44->44
[2021-02-03T10:20:37.722+0500][366.478s] GC(21) Archive regions: 2->2
[2021-02-03T10:20:37.722+0500][366.478s] GC(21) Humongous regions: 6->5
[2021-02-03T10:20:37.722+0500][366.478s] GC(21) Metaspace: 55770K(56704K)->55770K(56704K) NonClass: 49486K(50176K)->49486K(50176K) Class: 6283K(6528K)->6283K(6528K)
[2021-02-03T10:20:37.722+0500][366.478s] GC(21) Pause Young (Normal) (G1 Evacuation Pause) 356M->57M(512M) 2.758ms
[2021-02-03T10:20:37.722+0500][366.478s] GC(21) User=0.02s Sys=0.00s Real=0.00s
[2021-02-03T10:20:38.344+0500][367.100s] GC(22) Pause Young (Normal) (G1 Evacuation Pause)
[2021-02-03T10:20:38.345+0500][367.100s] GC(22) Using 13 workers of 13 for evacuation
[2021-02-03T10:20:38.346+0500][367.102s] GC(22)   Pre Evacuate Collection Set: 0.1ms
[2021-02-03T10:20:38.347+0500][367.102s] GC(22)   Merge Heap Roots: 0.2ms
[2021-02-03T10:20:38.347+0500][367.102s] GC(22)   Evacuate Collection Set: 1.1ms
[2021-02-03T10:20:38.347+0500][367.102s] GC(22)   Post Evacuate Collection Set: 0.5ms
[2021-02-03T10:20:38.347+0500][367.102s] GC(22)   Other: 0.2ms
[2021-02-03T10:20:38.347+0500][367.102s] GC(22) Eden regions: 298->0(298)
[2021-02-03T10:20:38.347+0500][367.102s] GC(22) Survivor regions: 9->9(39)
[2021-02-03T10:20:38.347+0500][367.102s] GC(22) Old regions: 44->44
[2021-02-03T10:20:38.347+0500][367.102s] GC(22) Archive regions: 2->2
[2021-02-03T10:20:38.347+0500][367.102s] GC(22) Humongous regions: 5->5
[2021-02-03T10:20:38.347+0500][367.102s] GC(22) Metaspace: 55770K(56704K)->55770K(56704K) NonClass: 49487K(50176K)->49487K(50176K) Class: 6283K(6528K)->6283K(6528K)
[2021-02-03T10:20:38.347+0500][367.102s] GC(22) Pause Young (Normal) (G1 Evacuation Pause) 355M->57M(512M) 2.092ms
[2021-02-03T10:20:38.347+0500][367.102s] GC(22) User=0.02s Sys=0.00s Real=0.00s
[2021-02-03T10:20:38.806+0500][367.562s] GC(23) Pause Young (Normal) (G1 Evacuation Pause)
[2021-02-03T10:20:38.806+0500][367.562s] GC(23) Using 13 workers of 13 for evacuation
[2021-02-03T10:20:38.809+0500][367.564s] GC(23)   Pre Evacuate Collection Set: 0.1ms
[2021-02-03T10:20:38.809+0500][367.564s] GC(23)   Merge Heap Roots: 0.1ms
[2021-02-03T10:20:38.809+0500][367.564s] GC(23)   Evacuate Collection Set: 1.5ms
[2021-02-03T10:20:38.809+0500][367.564s] GC(23)   Post Evacuate Collection Set: 0.6ms
[2021-02-03T10:20:38.809+0500][367.565s] GC(23)   Other: 0.2ms
[2021-02-03T10:20:38.809+0500][367.565s] GC(23) Eden regions: 298->0(295)
[2021-02-03T10:20:38.809+0500][367.565s] GC(23) Survivor regions: 9->12(39)
[2021-02-03T10:20:38.809+0500][367.565s] GC(23) Old regions: 44->44
[2021-02-03T10:20:38.809+0500][367.565s] GC(23) Archive regions: 2->2
[2021-02-03T10:20:38.809+0500][367.565s] GC(23) Humongous regions: 6->5
[2021-02-03T10:20:38.809+0500][367.565s] GC(23) Metaspace: 55779K(56704K)->55779K(56704K) NonClass: 49495K(50176K)->49495K(50176K) Class: 6283K(6528K)->6283K(6528K)
[2021-02-03T10:20:38.809+0500][367.565s] GC(23) Pause Young (Normal) (G1 Evacuation Pause) 356M->60M(512M) 2.748ms
[2021-02-03T10:20:38.809+0500][367.565s] GC(23) User=0.02s Sys=0.00s Real=0.00s
[2021-02-03T10:20:39.517+0500][368.272s] GC(24) Pause Young (Normal) (G1 Evacuation Pause)
[2021-02-03T10:20:39.517+0500][368.272s] GC(24) Using 13 workers of 13 for evacuation
[2021-02-03T10:20:39.519+0500][368.274s] GC(24)   Pre Evacuate Collection Set: 0.1ms
[2021-02-03T10:20:39.519+0500][368.274s] GC(24)   Merge Heap Roots: 0.1ms
[2021-02-03T10:20:39.519+0500][368.274s] GC(24)   Evacuate Collection Set: 0.8ms
[2021-02-03T10:20:39.519+0500][368.274s] GC(24)   Post Evacuate Collection Set: 0.8ms
[2021-02-03T10:20:39.519+0500][368.274s] GC(24)   Other: 0.2ms
[2021-02-03T10:20:39.519+0500][368.274s] GC(24) Eden regions: 295->0(303)
[2021-02-03T10:20:39.519+0500][368.274s] GC(24) Survivor regions: 12->4(39)
[2021-02-03T10:20:39.519+0500][368.274s] GC(24) Old regions: 44->45
[2021-02-03T10:20:39.519+0500][368.274s] GC(24) Archive regions: 2->2
[2021-02-03T10:20:39.519+0500][368.274s] GC(24) Humongous regions: 5->5
[2021-02-03T10:20:39.519+0500][368.274s] GC(24) Metaspace: 55817K(56704K)->55817K(56704K) NonClass: 49533K(50176K)->49533K(50176K) Class: 6284K(6528K)->6284K(6528K)
[2021-02-03T10:20:39.519+0500][368.274s] GC(24) Pause Young (Normal) (G1 Evacuation Pause) 355M->53M(512M) 2.161ms
[2021-02-03T10:20:39.519+0500][368.274s] GC(24) User=0.01s Sys=0.00s Real=0.00s
[2021-02-03T10:20:40.155+0500][368.910s] GC(25) Pause Young (Normal) (G1 Evacuation Pause)
[2021-02-03T10:20:40.155+0500][368.910s] GC(25) Using 13 workers of 13 for evacuation
[2021-02-03T10:20:40.156+0500][368.912s] GC(25)   Pre Evacuate Collection Set: 0.1ms
[2021-02-03T10:20:40.156+0500][368.912s] GC(25)   Merge Heap Roots: 0.1ms
[2021-02-03T10:20:40.156+0500][368.912s] GC(25)   Evacuate Collection Set: 0.9ms
[2021-02-03T10:20:40.156+0500][368.912s] GC(25)   Post Evacuate Collection Set: 0.6ms
[2021-02-03T10:20:40.156+0500][368.912s] GC(25)   Other: 0.2ms
[2021-02-03T10:20:40.156+0500][368.912s] GC(25) Eden regions: 303->0(303)
[2021-02-03T10:20:40.156+0500][368.912s] GC(25) Survivor regions: 4->4(39)
[2021-02-03T10:20:40.156+0500][368.912s] GC(25) Old regions: 45->45
[2021-02-03T10:20:40.156+0500][368.912s] GC(25) Archive regions: 2->2
[2021-02-03T10:20:40.156+0500][368.912s] GC(25) Humongous regions: 5->5
[2021-02-03T10:20:40.156+0500][368.912s] GC(25) Metaspace: 55818K(56704K)->55818K(56704K) NonClass: 49534K(50176K)->49534K(50176K) Class: 6284K(6528K)->6284K(6528K)
[2021-02-03T10:20:40.156+0500][368.912s] GC(25) Pause Young (Normal) (G1 Evacuation Pause) 356M->54M(512M) 1.909ms
[2021-02-03T10:20:40.156+0500][368.912s] GC(25) User=0.01s Sys=0.00s Real=0.00s
[2021-02-03T10:20:40.761+0500][369.517s] GC(26) Pause Young (Normal) (G1 Evacuation Pause)
[2021-02-03T10:20:40.761+0500][369.517s] GC(26) Using 13 workers of 13 for evacuation
[2021-02-03T10:20:40.763+0500][369.518s] GC(26)   Pre Evacuate Collection Set: 0.1ms
[2021-02-03T10:20:40.763+0500][369.518s] GC(26)   Merge Heap Roots: 0.1ms
[2021-02-03T10:20:40.763+0500][369.518s] GC(26)   Evacuate Collection Set: 0.7ms
[2021-02-03T10:20:40.763+0500][369.518s] GC(26)   Post Evacuate Collection Set: 0.6ms
[2021-02-03T10:20:40.763+0500][369.518s] GC(26)   Other: 0.2ms
[2021-02-03T10:20:40.763+0500][369.518s] GC(26) Eden regions: 303->0(303)
[2021-02-03T10:20:40.763+0500][369.518s] GC(26) Survivor regions: 4->4(39)
[2021-02-03T10:20:40.763+0500][369.518s] GC(26) Old regions: 45->45
[2021-02-03T10:20:40.763+0500][369.518s] GC(26) Archive regions: 2->2
[2021-02-03T10:20:40.763+0500][369.518s] GC(26) Humongous regions: 5->5
[2021-02-03T10:20:40.763+0500][369.519s] GC(26) Metaspace: 55818K(56704K)->55818K(56704K) NonClass: 49534K(50176K)->49534K(50176K) Class: 6284K(6528K)->6284K(6528K)
[2021-02-03T10:20:40.763+0500][369.519s] GC(26) Pause Young (Normal) (G1 Evacuation Pause) 356M->53M(512M) 1.847ms
[2021-02-03T10:20:40.763+0500][369.519s] GC(26) User=0.01s Sys=0.00s Real=0.00s
[2021-02-03T10:20:43.014+0500][371.770s] GC(27) Pause Young (Normal) (G1 Evacuation Pause)
[2021-02-03T10:20:43.035+0500][371.791s] GC(27) Using 13 workers of 13 for evacuation
[2021-02-03T10:20:43.039+0500][371.794s] GC(27)   Pre Evacuate Collection Set: 0.2ms
[2021-02-03T10:20:43.039+0500][371.794s] GC(27)   Merge Heap Roots: 0.2ms
[2021-02-03T10:20:43.039+0500][371.794s] GC(27)   Evacuate Collection Set: 1.8ms
[2021-02-03T10:20:43.039+0500][371.794s] GC(27)   Post Evacuate Collection Set: 0.9ms
[2021-02-03T10:20:43.039+0500][371.794s] GC(27)   Other: 21.4ms
[2021-02-03T10:20:43.039+0500][371.794s] GC(27) Eden regions: 303->0(297)
[2021-02-03T10:20:43.039+0500][371.794s] GC(27) Survivor regions: 4->10(39)
[2021-02-03T10:20:43.039+0500][371.794s] GC(27) Old regions: 45->46
[2021-02-03T10:20:43.039+0500][371.794s] GC(27) Archive regions: 2->2
[2021-02-03T10:20:43.039+0500][371.794s] GC(27) Humongous regions: 14->8
[2021-02-03T10:20:43.039+0500][371.794s] GC(27) Metaspace: 56007K(56960K)->56007K(56960K) NonClass: 49708K(50432K)->49708K(50432K) Class: 6298K(6528K)->6298K(6528K)
[2021-02-03T10:20:43.039+0500][371.795s] GC(27) Pause Young (Normal) (G1 Evacuation Pause) 365M->63M(512M) 24.620ms
[2021-02-03T10:20:43.039+0500][371.795s] GC(27) User=0.03s Sys=0.00s Real=0.02s
[2021-02-03T10:20:43.598+0500][372.354s] GC(28) Pause Young (Normal) (G1 Evacuation Pause)
[2021-02-03T10:20:43.609+0500][372.364s] GC(28) Using 13 workers of 13 for evacuation
[2021-02-03T10:20:43.611+0500][372.367s] GC(28)   Pre Evacuate Collection Set: 0.1ms
[2021-02-03T10:20:43.611+0500][372.367s] GC(28)   Merge Heap Roots: 0.1ms
[2021-02-03T10:20:43.611+0500][372.367s] GC(28)   Evacuate Collection Set: 1.4ms
[2021-02-03T10:20:43.611+0500][372.367s] GC(28)   Post Evacuate Collection Set: 0.4ms
[2021-02-03T10:20:43.611+0500][372.367s] GC(28)   Other: 10.4ms
[2021-02-03T10:20:43.611+0500][372.367s] GC(28) Eden regions: 297->0(296)
[2021-02-03T10:20:43.611+0500][372.367s] GC(28) Survivor regions: 10->11(39)
[2021-02-03T10:20:43.611+0500][372.367s] GC(28) Old regions: 46->46
[2021-02-03T10:20:43.611+0500][372.367s] GC(28) Archive regions: 2->2
[2021-02-03T10:20:43.611+0500][372.367s] GC(28) Humongous regions: 26->11
[2021-02-03T10:20:43.611+0500][372.367s] GC(28) Metaspace: 56008K(56960K)->56008K(56960K) NonClass: 49709K(50432K)->49709K(50432K) Class: 6298K(6528K)->6298K(6528K)
[2021-02-03T10:20:43.611+0500][372.367s] GC(28) Pause Young (Normal) (G1 Evacuation Pause) 378M->67M(512M) 12.539ms
[2021-02-03T10:20:43.611+0500][372.367s] GC(28) User=0.02s Sys=0.00s Real=0.02s
[2021-02-03T10:20:44.412+0500][373.167s] GC(29) Pause Young (Normal) (G1 Evacuation Pause)
[2021-02-03T10:20:44.427+0500][373.183s] GC(29) Using 13 workers of 13 for evacuation
[2021-02-03T10:20:44.430+0500][373.186s] GC(29)   Pre Evacuate Collection Set: 0.1ms
[2021-02-03T10:20:44.430+0500][373.186s] GC(29)   Merge Heap Roots: 0.1ms
[2021-02-03T10:20:44.430+0500][373.186s] GC(29)   Evacuate Collection Set: 1.5ms
[2021-02-03T10:20:44.430+0500][373.186s] GC(29)   Post Evacuate Collection Set: 0.6ms
[2021-02-03T10:20:44.430+0500][373.186s] GC(29)   Other: 15.9ms
[2021-02-03T10:20:44.430+0500][373.186s] GC(29) Eden regions: 296->0(297)
[2021-02-03T10:20:44.430+0500][373.186s] GC(29) Survivor regions: 11->10(39)
[2021-02-03T10:20:44.430+0500][373.186s] GC(29) Old regions: 46->46
[2021-02-03T10:20:44.430+0500][373.186s] GC(29) Archive regions: 2->2
[2021-02-03T10:20:44.430+0500][373.186s] GC(29) Humongous regions: 11->11
[2021-02-03T10:20:44.430+0500][373.186s] GC(29) Metaspace: 56171K(57216K)->56171K(57216K) NonClass: 49859K(50688K)->49859K(50688K) Class: 6311K(6528K)->6311K(6528K)
[2021-02-03T10:20:44.430+0500][373.186s] GC(29) Pause Young (Normal) (G1 Evacuation Pause) 363M->66M(512M) 18.463ms
[2021-02-03T10:20:44.430+0500][373.186s] GC(29) User=0.02s Sys=0.01s Real=0.02s
[2021-02-03T10:20:45.071+0500][373.827s] GC(30) Pause Young (Normal) (G1 Evacuation Pause)
[2021-02-03T10:20:45.077+0500][373.833s] GC(30) Using 13 workers of 13 for evacuation
[2021-02-03T10:20:45.079+0500][373.835s] GC(30)   Pre Evacuate Collection Set: 0.1ms
[2021-02-03T10:20:45.080+0500][373.835s] GC(30)   Merge Heap Roots: 0.1ms
[2021-02-03T10:20:45.080+0500][373.835s] GC(30)   Evacuate Collection Set: 1.5ms
[2021-02-03T10:20:45.080+0500][373.835s] GC(30)   Post Evacuate Collection Set: 0.5ms
[2021-02-03T10:20:45.080+0500][373.835s] GC(30)   Other: 6.4ms
[2021-02-03T10:20:45.080+0500][373.835s] GC(30) Eden regions: 297->0(294)
[2021-02-03T10:20:45.080+0500][373.835s] GC(30) Survivor regions: 10->13(39)
[2021-02-03T10:20:45.080+0500][373.835s] GC(30) Old regions: 46->46
[2021-02-03T10:20:45.080+0500][373.835s] GC(30) Archive regions: 2->2
[2021-02-03T10:20:45.080+0500][373.835s] GC(30) Humongous regions: 12->11
[2021-02-03T10:20:45.080+0500][373.835s] GC(30) Metaspace: 56211K(57216K)->56211K(57216K) NonClass: 49899K(50688K)->49899K(50688K) Class: 6311K(6528K)->6311K(6528K)
[2021-02-03T10:20:45.080+0500][373.835s] GC(30) Pause Young (Normal) (G1 Evacuation Pause) 364M->69M(512M) 8.789ms
[2021-02-03T10:20:45.080+0500][373.835s] GC(30) User=0.04s Sys=0.00s Real=0.01s
[2021-02-03T10:20:45.848+0500][374.603s] GC(31) Pause Young (Normal) (G1 Evacuation Pause)
[2021-02-03T10:20:45.857+0500][374.613s] GC(31) Using 13 workers of 13 for evacuation
[2021-02-03T10:20:45.859+0500][374.615s] GC(31)   Pre Evacuate Collection Set: 0.1ms
[2021-02-03T10:20:45.859+0500][374.615s] GC(31)   Merge Heap Roots: 0.1ms
[2021-02-03T10:20:45.859+0500][374.615s] GC(31)   Evacuate Collection Set: 1.3ms
[2021-02-03T10:20:45.859+0500][374.615s] GC(31)   Post Evacuate Collection Set: 0.5ms
[2021-02-03T10:20:45.859+0500][374.615s] GC(31)   Other: 9.5ms
[2021-02-03T10:20:45.859+0500][374.615s] GC(31) Eden regions: 294->0(297)
[2021-02-03T10:20:45.859+0500][374.615s] GC(31) Survivor regions: 13->10(39)
[2021-02-03T10:20:45.859+0500][374.615s] GC(31) Old regions: 46->46
[2021-02-03T10:20:45.859+0500][374.615s] GC(31) Archive regions: 2->2
[2021-02-03T10:20:45.859+0500][374.615s] GC(31) Humongous regions: 11->11
[2021-02-03T10:20:45.859+0500][374.615s] GC(31) Metaspace: 56221K(57216K)->56221K(57216K) NonClass: 49908K(50688K)->49908K(50688K) Class: 6312K(6528K)->6312K(6528K)
[2021-02-03T10:20:45.859+0500][374.615s] GC(31) Pause Young (Normal) (G1 Evacuation Pause) 363M->66M(512M) 11.650ms
[2021-02-03T10:20:45.859+0500][374.615s] GC(31) User=0.02s Sys=0.00s Real=0.01s
[2021-02-03T10:20:46.597+0500][375.353s] GC(32) Pause Young (Normal) (G1 Evacuation Pause)
[2021-02-03T10:20:46.613+0500][375.369s] GC(32) Using 13 workers of 13 for evacuation
[2021-02-03T10:20:46.616+0500][375.372s] GC(32)   Pre Evacuate Collection Set: 0.2ms
[2021-02-03T10:20:46.616+0500][375.372s] GC(32)   Merge Heap Roots: 0.2ms
[2021-02-03T10:20:46.616+0500][375.372s] GC(32)   Evacuate Collection Set: 1.6ms
[2021-02-03T10:20:46.616+0500][375.372s] GC(32)   Post Evacuate Collection Set: 0.6ms
[2021-02-03T10:20:46.616+0500][375.372s] GC(32)   Other: 16.8ms
[2021-02-03T10:20:46.616+0500][375.372s] GC(32) Eden regions: 297->0(298)
[2021-02-03T10:20:46.616+0500][375.372s] GC(32) Survivor regions: 10->9(39)
[2021-02-03T10:20:46.616+0500][375.372s] GC(32) Old regions: 46->47
[2021-02-03T10:20:46.616+0500][375.372s] GC(32) Archive regions: 2->2
[2021-02-03T10:20:46.616+0500][375.372s] GC(32) Humongous regions: 11->11
[2021-02-03T10:20:46.616+0500][375.372s] GC(32) Metaspace: 56221K(57216K)->56221K(57216K) NonClass: 49909K(50688K)->49909K(50688K) Class: 6312K(6528K)->6312K(6528K)
[2021-02-03T10:20:46.616+0500][375.372s] GC(32) Pause Young (Normal) (G1 Evacuation Pause) 363M->66M(512M) 19.490ms
[2021-02-03T10:20:46.616+0500][375.372s] GC(32) User=0.02s Sys=0.01s Real=0.02s
[2021-02-03T10:20:47.162+0500][375.918s] GC(33) Pause Young (Normal) (G1 Evacuation Pause)
[2021-02-03T10:20:47.176+0500][375.932s] GC(33) Using 13 workers of 13 for evacuation
[2021-02-03T10:20:47.178+0500][375.934s] GC(33)   Pre Evacuate Collection Set: 0.2ms
[2021-02-03T10:20:47.178+0500][375.934s] GC(33)   Merge Heap Roots: 0.1ms
[2021-02-03T10:20:47.178+0500][375.934s] GC(33)   Evacuate Collection Set: 1.3ms
[2021-02-03T10:20:47.178+0500][375.934s] GC(33)   Post Evacuate Collection Set: 0.6ms
[2021-02-03T10:20:47.179+0500][375.934s] GC(33)   Other: 13.8ms
[2021-02-03T10:20:47.179+0500][375.934s] GC(33) Eden regions: 298->0(296)
[2021-02-03T10:20:47.179+0500][375.934s] GC(33) Survivor regions: 9->11(39)
[2021-02-03T10:20:47.179+0500][375.934s] GC(33) Old regions: 47->47
[2021-02-03T10:20:47.179+0500][375.934s] GC(33) Archive regions: 2->2
[2021-02-03T10:20:47.179+0500][375.934s] GC(33) Humongous regions: 11->11
[2021-02-03T10:20:47.179+0500][375.934s] GC(33) Metaspace: 56230K(57216K)->56230K(57216K) NonClass: 49917K(50688K)->49917K(50688K) Class: 6312K(6528K)->6312K(6528K)
[2021-02-03T10:20:47.179+0500][375.934s] GC(33) Pause Young (Normal) (G1 Evacuation Pause) 364M->68M(512M) 16.190ms
[2021-02-03T10:20:47.179+0500][375.934s] GC(33) User=0.01s Sys=0.00s Real=0.01s
[2021-02-03T10:20:48.115+0500][376.870s] GC(34) Pause Young (Normal) (G1 Evacuation Pause)
[2021-02-03T10:20:48.127+0500][376.883s] GC(34) Using 13 workers of 13 for evacuation
[2021-02-03T10:20:48.129+0500][376.885s] GC(34)   Pre Evacuate Collection Set: 0.1ms
[2021-02-03T10:20:48.129+0500][376.885s] GC(34)   Merge Heap Roots: 0.1ms
[2021-02-03T10:20:48.129+0500][376.885s] GC(34)   Evacuate Collection Set: 1.1ms
[2021-02-03T10:20:48.129+0500][376.885s] GC(34)   Post Evacuate Collection Set: 0.7ms
[2021-02-03T10:20:48.129+0500][376.885s] GC(34)   Other: 12.5ms
[2021-02-03T10:20:48.129+0500][376.885s] GC(34) Eden regions: 296->0(299)
[2021-02-03T10:20:48.129+0500][376.885s] GC(34) Survivor regions: 11->8(39)
[2021-02-03T10:20:48.129+0500][376.885s] GC(34) Old regions: 47->47
[2021-02-03T10:20:48.129+0500][376.885s] GC(34) Archive regions: 2->2
[2021-02-03T10:20:48.129+0500][376.885s] GC(34) Humongous regions: 12->11
[2021-02-03T10:20:48.129+0500][376.885s] GC(34) Metaspace: 56246K(57216K)->56246K(57216K) NonClass: 49933K(50688K)->49933K(50688K) Class: 6312K(6528K)->6312K(6528K)
[2021-02-03T10:20:48.129+0500][376.885s] GC(34) Pause Young (Normal) (G1 Evacuation Pause) 365M->65M(512M) 14.735ms
[2021-02-03T10:20:48.129+0500][376.885s] GC(34) User=0.01s Sys=0.00s Real=0.01s
[2021-02-03T10:20:48.645+0500][377.401s] GC(35) Pause Young (Normal) (G1 Evacuation Pause)
[2021-02-03T10:20:48.645+0500][377.401s] GC(35) Using 13 workers of 13 for evacuation
[2021-02-03T10:20:48.647+0500][377.403s] GC(35)   Pre Evacuate Collection Set: 0.1ms
[2021-02-03T10:20:48.647+0500][377.403s] GC(35)   Merge Heap Roots: 0.1ms
[2021-02-03T10:20:48.647+0500][377.403s] GC(35)   Evacuate Collection Set: 1.1ms
[2021-02-03T10:20:48.647+0500][377.403s] GC(35)   Post Evacuate Collection Set: 0.5ms
[2021-02-03T10:20:48.647+0500][377.403s] GC(35)   Other: 0.2ms
[2021-02-03T10:20:48.647+0500][377.403s] GC(35) Eden regions: 299->0(299)
[2021-02-03T10:20:48.647+0500][377.403s] GC(35) Survivor regions: 8->8(39)
[2021-02-03T10:20:48.647+0500][377.403s] GC(35) Old regions: 47->47
[2021-02-03T10:20:48.647+0500][377.403s] GC(35) Archive regions: 2->2
[2021-02-03T10:20:48.647+0500][377.403s] GC(35) Humongous regions: 11->11
[2021-02-03T10:20:48.647+0500][377.403s] GC(35) Metaspace: 56251K(57216K)->56251K(57216K) NonClass: 49939K(50688K)->49939K(50688K) Class: 6312K(6528K)->6312K(6528K)
[2021-02-03T10:20:48.647+0500][377.403s] GC(35) Pause Young (Normal) (G1 Evacuation Pause) 364M->66M(512M) 2.025ms
[2021-02-03T10:20:48.647+0500][377.403s] GC(35) User=0.01s Sys=0.00s Real=0.00s
[2021-02-03T10:20:49.246+0500][378.002s] GC(36) Pause Young (Normal) (G1 Evacuation Pause)
[2021-02-03T10:20:49.246+0500][378.002s] GC(36) Using 13 workers of 13 for evacuation
[2021-02-03T10:20:49.248+0500][378.003s] GC(36)   Pre Evacuate Collection Set: 0.1ms
[2021-02-03T10:20:49.248+0500][378.003s] GC(36)   Merge Heap Roots: 0.1ms
[2021-02-03T10:20:49.248+0500][378.003s] GC(36)   Evacuate Collection Set: 1.1ms
[2021-02-03T10:20:49.248+0500][378.003s] GC(36)   Post Evacuate Collection Set: 0.3ms
[2021-02-03T10:20:49.248+0500][378.004s] GC(36)   Other: 0.1ms
[2021-02-03T10:20:49.248+0500][378.004s] GC(36) Eden regions: 299->0(299)
[2021-02-03T10:20:49.248+0500][378.004s] GC(36) Survivor regions: 8->8(39)
[2021-02-03T10:20:49.248+0500][378.004s] GC(36) Old regions: 47->48
[2021-02-03T10:20:49.248+0500][378.004s] GC(36) Archive regions: 2->2
[2021-02-03T10:20:49.248+0500][378.004s] GC(36) Humongous regions: 11->5
[2021-02-03T10:20:49.248+0500][378.004s] GC(36) Metaspace: 56516K(57472K)->56516K(57472K) NonClass: 50181K(50944K)->50181K(50944K) Class: 6334K(6528K)->6334K(6528K)
[2021-02-03T10:20:49.248+0500][378.004s] GC(36) Pause Young (Normal) (G1 Evacuation Pause) 365M->60M(512M) 1.854ms
[2021-02-03T10:20:49.248+0500][378.004s] GC(36) User=0.01s Sys=0.00s Real=0.00s
[2021-02-03T10:20:49.876+0500][378.632s] GC(37) Pause Young (Normal) (G1 Evacuation Pause)
[2021-02-03T10:20:49.876+0500][378.632s] GC(37) Using 13 workers of 13 for evacuation
[2021-02-03T10:20:49.878+0500][378.633s] GC(37)   Pre Evacuate Collection Set: 0.1ms
[2021-02-03T10:20:49.878+0500][378.633s] GC(37)   Merge Heap Roots: 0.1ms
[2021-02-03T10:20:49.878+0500][378.633s] GC(37)   Evacuate Collection Set: 1.1ms
[2021-02-03T10:20:49.878+0500][378.633s] GC(37)   Post Evacuate Collection Set: 0.4ms
[2021-02-03T10:20:49.878+0500][378.633s] GC(37)   Other: 0.1ms
[2021-02-03T10:20:49.878+0500][378.633s] GC(37) Eden regions: 299->0(298)
[2021-02-03T10:20:49.878+0500][378.633s] GC(37) Survivor regions: 8->9(39)
[2021-02-03T10:20:49.878+0500][378.633s] GC(37) Old regions: 48->48
[2021-02-03T10:20:49.878+0500][378.633s] GC(37) Archive regions: 2->2
[2021-02-03T10:20:49.878+0500][378.633s] GC(37) Humongous regions: 6->5
[2021-02-03T10:20:49.878+0500][378.633s] GC(37) Metaspace: 56536K(57472K)->56536K(57472K) NonClass: 50202K(50944K)->50202K(50944K) Class: 6334K(6528K)->6334K(6528K)
[2021-02-03T10:20:49.878+0500][378.633s] GC(37) Pause Young (Normal) (G1 Evacuation Pause) 360M->61M(512M) 1.911ms
[2021-02-03T10:20:49.878+0500][378.633s] GC(37) User=0.02s Sys=0.00s Real=0.00s
[2021-02-03T10:20:50.593+0500][379.349s] GC(38) Pause Young (Normal) (G1 Evacuation Pause)
[2021-02-03T10:20:50.595+0500][379.351s] GC(38) Using 13 workers of 13 for evacuation
[2021-02-03T10:20:50.597+0500][379.353s] GC(38)   Pre Evacuate Collection Set: 0.1ms
[2021-02-03T10:20:50.597+0500][379.353s] GC(38)   Merge Heap Roots: 0.1ms
[2021-02-03T10:20:50.597+0500][379.353s] GC(38)   Evacuate Collection Set: 1.1ms
[2021-02-03T10:20:50.597+0500][379.353s] GC(38)   Post Evacuate Collection Set: 0.5ms
[2021-02-03T10:20:50.597+0500][379.353s] GC(38)   Other: 2.5ms
[2021-02-03T10:20:50.597+0500][379.353s] GC(38) Eden regions: 298->0(301)
[2021-02-03T10:20:50.597+0500][379.353s] GC(38) Survivor regions: 9->6(39)
[2021-02-03T10:20:50.597+0500][379.353s] GC(38) Old regions: 48->48
[2021-02-03T10:20:50.597+0500][379.353s] GC(38) Archive regions: 2->2
[2021-02-03T10:20:50.597+0500][379.353s] GC(38) Humongous regions: 5->5
[2021-02-03T10:20:50.597+0500][379.353s] GC(38) Metaspace: 56544K(57472K)->56544K(57472K) NonClass: 50209K(50944K)->50209K(50944K) Class: 6334K(6528K)->6334K(6528K)
[2021-02-03T10:20:50.597+0500][379.353s] GC(38) Pause Young (Normal) (G1 Evacuation Pause) 359M->58M(512M) 4.440ms
[2021-02-03T10:20:50.597+0500][379.353s] GC(38) User=0.01s Sys=0.00s Real=0.00s
[2021-02-03T10:20:51.218+0500][379.974s] GC(39) Pause Young (Normal) (G1 Evacuation Pause)
[2021-02-03T10:20:51.218+0500][379.974s] GC(39) Using 13 workers of 13 for evacuation
[2021-02-03T10:20:51.221+0500][379.976s] GC(39)   Pre Evacuate Collection Set: 0.1ms
[2021-02-03T10:20:51.221+0500][379.976s] GC(39)   Merge Heap Roots: 0.1ms
[2021-02-03T10:20:51.221+0500][379.976s] GC(39)   Evacuate Collection Set: 1.5ms
[2021-02-03T10:20:51.221+0500][379.977s] GC(39)   Post Evacuate Collection Set: 0.7ms
[2021-02-03T10:20:51.221+0500][379.977s] GC(39)   Other: 0.3ms
[2021-02-03T10:20:51.221+0500][379.977s] GC(39) Eden regions: 301->0(297)
[2021-02-03T10:20:51.221+0500][379.977s] GC(39) Survivor regions: 6->10(39)
[2021-02-03T10:20:51.221+0500][379.977s] GC(39) Old regions: 48->48
[2021-02-03T10:20:51.221+0500][379.977s] GC(39) Archive regions: 2->2
[2021-02-03T10:20:51.221+0500][379.977s] GC(39) Humongous regions: 6->5
[2021-02-03T10:20:51.221+0500][379.977s] GC(39) Metaspace: 56555K(57472K)->56555K(57472K) NonClass: 50220K(50944K)->50220K(50944K) Class: 6334K(6528K)->6334K(6528K)
[2021-02-03T10:20:51.221+0500][379.977s] GC(39) Pause Young (Normal) (G1 Evacuation Pause) 360M->63M(512M) 3.094ms
[2021-02-03T10:20:51.221+0500][379.977s] GC(39) User=0.02s Sys=0.00s Real=0.01s
[2021-02-03T10:20:51.863+0500][380.619s] GC(40) Pause Young (Normal) (G1 Evacuation Pause)
[2021-02-03T10:20:51.863+0500][380.619s] GC(40) Using 13 workers of 13 for evacuation
[2021-02-03T10:20:51.865+0500][380.621s] GC(40)   Pre Evacuate Collection Set: 0.1ms
[2021-02-03T10:20:51.865+0500][380.621s] GC(40)   Merge Heap Roots: 0.1ms
[2021-02-03T10:20:51.865+0500][380.621s] GC(40)   Evacuate Collection Set: 1.4ms
[2021-02-03T10:20:51.865+0500][380.621s] GC(40)   Post Evacuate Collection Set: 0.6ms
[2021-02-03T10:20:51.865+0500][380.621s] GC(40)   Other: 0.2ms
[2021-02-03T10:20:51.865+0500][380.621s] GC(40) Eden regions: 297->0(296)
[2021-02-03T10:20:51.865+0500][380.621s] GC(40) Survivor regions: 10->11(39)
[2021-02-03T10:20:51.865+0500][380.621s] GC(40) Old regions: 48->48
[2021-02-03T10:20:51.865+0500][380.621s] GC(40) Archive regions: 2->2
[2021-02-03T10:20:51.865+0500][380.621s] GC(40) Humongous regions: 5->5
[2021-02-03T10:20:51.866+0500][380.621s] GC(40) Metaspace: 56555K(57472K)->56555K(57472K) NonClass: 50220K(50944K)->50220K(50944K) Class: 6334K(6528K)->6334K(6528K)
[2021-02-03T10:20:51.866+0500][380.621s] GC(40) Pause Young (Normal) (G1 Evacuation Pause) 360M->63M(512M) 2.417ms
[2021-02-03T10:20:51.866+0500][380.621s] GC(40) User=0.01s Sys=0.00s Real=0.00s
[2021-02-03T10:20:52.522+0500][381.278s] GC(41) Pause Young (Normal) (G1 Evacuation Pause)
[2021-02-03T10:20:52.522+0500][381.278s] GC(41) Using 13 workers of 13 for evacuation
[2021-02-03T10:20:52.525+0500][381.281s] GC(41)   Pre Evacuate Collection Set: 0.1ms
[2021-02-03T10:20:52.525+0500][381.281s] GC(41)   Merge Heap Roots: 0.1ms
[2021-02-03T10:20:52.525+0500][381.281s] GC(41)   Evacuate Collection Set: 1.5ms
[2021-02-03T10:20:52.525+0500][381.281s] GC(41)   Post Evacuate Collection Set: 0.7ms
[2021-02-03T10:20:52.525+0500][381.281s] GC(41)   Other: 0.1ms
[2021-02-03T10:20:52.525+0500][381.281s] GC(41) Eden regions: 296->0(296)
[2021-02-03T10:20:52.525+0500][381.281s] GC(41) Survivor regions: 11->11(39)
[2021-02-03T10:20:52.525+0500][381.281s] GC(41) Old regions: 48->48
[2021-02-03T10:20:52.525+0500][381.281s] GC(41) Archive regions: 2->2
[2021-02-03T10:20:52.525+0500][381.281s] GC(41) Humongous regions: 6->5
[2021-02-03T10:20:52.525+0500][381.281s] GC(41) Metaspace: 56603K(57600K)->56603K(57600K) NonClass: 50267K(50944K)->50267K(50944K) Class: 6336K(6656K)->6336K(6656K)
[2021-02-03T10:20:52.525+0500][381.281s] GC(41) Pause Young (Normal) (G1 Evacuation Pause) 360M->63M(512M) 2.649ms
[2021-02-03T10:20:52.525+0500][381.281s] GC(41) User=0.02s Sys=0.01s Real=0.00s
[2021-02-03T10:20:53.183+0500][381.939s] GC(42) Pause Young (Normal) (G1 Evacuation Pause)
[2021-02-03T10:20:53.183+0500][381.939s] GC(42) Using 13 workers of 13 for evacuation
[2021-02-03T10:20:53.185+0500][381.941s] GC(42)   Pre Evacuate Collection Set: 0.1ms
[2021-02-03T10:20:53.185+0500][381.941s] GC(42)   Merge Heap Roots: 0.1ms
[2021-02-03T10:20:53.185+0500][381.941s] GC(42)   Evacuate Collection Set: 1.3ms
[2021-02-03T10:20:53.185+0500][381.941s] GC(42)   Post Evacuate Collection Set: 0.3ms
[2021-02-03T10:20:53.185+0500][381.941s] GC(42)   Other: 0.1ms
[2021-02-03T10:20:53.185+0500][381.941s] GC(42) Eden regions: 296->0(297)
[2021-02-03T10:20:53.185+0500][381.941s] GC(42) Survivor regions: 11->10(39)
[2021-02-03T10:20:53.185+0500][381.941s] GC(42) Old regions: 48->49
[2021-02-03T10:20:53.185+0500][381.941s] GC(42) Archive regions: 2->2
[2021-02-03T10:20:53.185+0500][381.941s] GC(42) Humongous regions: 5->5
[2021-02-03T10:20:53.185+0500][381.941s] GC(42) Metaspace: 56604K(57600K)->56604K(57600K) NonClass: 50268K(50944K)->50268K(50944K) Class: 6336K(6656K)->6336K(6656K)
[2021-02-03T10:20:53.185+0500][381.941s] GC(42) Pause Young (Normal) (G1 Evacuation Pause) 359M->63M(512M) 1.993ms
[2021-02-03T10:20:53.185+0500][381.941s] GC(42) User=0.02s Sys=0.00s Real=0.00s
[2021-02-03T10:20:53.839+0500][382.595s] GC(43) Pause Young (Normal) (G1 Evacuation Pause)
[2021-02-03T10:20:53.839+0500][382.595s] GC(43) Using 13 workers of 13 for evacuation
[2021-02-03T10:20:53.842+0500][382.597s] GC(43)   Pre Evacuate Collection Set: 0.1ms
[2021-02-03T10:20:53.842+0500][382.597s] GC(43)   Merge Heap Roots: 0.1ms
[2021-02-03T10:20:53.842+0500][382.597s] GC(43)   Evacuate Collection Set: 1.6ms
[2021-02-03T10:20:53.842+0500][382.597s] GC(43)   Post Evacuate Collection Set: 0.5ms
[2021-02-03T10:20:53.842+0500][382.598s] GC(43)   Other: 0.2ms
[2021-02-03T10:20:53.842+0500][382.598s] GC(43) Eden regions: 297->0(295)
[2021-02-03T10:20:53.842+0500][382.598s] GC(43) Survivor regions: 10->12(39)
[2021-02-03T10:20:53.842+0500][382.598s] GC(43) Old regions: 49->49
[2021-02-03T10:20:53.842+0500][382.598s] GC(43) Archive regions: 2->2
[2021-02-03T10:20:53.842+0500][382.598s] GC(43) Humongous regions: 6->5
[2021-02-03T10:20:53.842+0500][382.598s] GC(43) Metaspace: 56607K(57600K)->56607K(57600K) NonClass: 50271K(50944K)->50271K(50944K) Class: 6336K(6656K)->6336K(6656K)
[2021-02-03T10:20:53.842+0500][382.598s] GC(43) Pause Young (Normal) (G1 Evacuation Pause) 361M->65M(512M) 2.655ms
[2021-02-03T10:20:53.842+0500][382.598s] GC(43) User=0.02s Sys=0.00s Real=0.01s
[2021-02-03T10:20:54.502+0500][383.258s] GC(44) Pause Young (Normal) (G1 Evacuation Pause)
[2021-02-03T10:20:54.502+0500][383.258s] GC(44) Using 13 workers of 13 for evacuation
[2021-02-03T10:20:54.504+0500][383.260s] GC(44)   Pre Evacuate Collection Set: 0.1ms
[2021-02-03T10:20:54.504+0500][383.260s] GC(44)   Merge Heap Roots: 0.1ms
[2021-02-03T10:20:54.504+0500][383.260s] GC(44)   Evacuate Collection Set: 1.1ms
[2021-02-03T10:20:54.504+0500][383.260s] GC(44)   Post Evacuate Collection Set: 0.9ms
[2021-02-03T10:20:54.504+0500][383.260s] GC(44)   Other: 0.2ms
[2021-02-03T10:20:54.504+0500][383.260s] GC(44) Eden regions: 295->0(301)
[2021-02-03T10:20:54.504+0500][383.260s] GC(44) Survivor regions: 12->6(39)
[2021-02-03T10:20:54.504+0500][383.260s] GC(44) Old regions: 49->49
[2021-02-03T10:20:54.504+0500][383.260s] GC(44) Archive regions: 2->2
[2021-02-03T10:20:54.505+0500][383.260s] GC(44) Humongous regions: 5->5
[2021-02-03T10:20:54.505+0500][383.260s] GC(44) Metaspace: 56617K(57600K)->56617K(57600K) NonClass: 50281K(50944K)->50281K(50944K) Class: 6336K(6656K)->6336K(6656K)
[2021-02-03T10:20:54.505+0500][383.260s] GC(44) Pause Young (Normal) (G1 Evacuation Pause) 360M->59M(512M) 2.532ms
[2021-02-03T10:20:54.505+0500][383.260s] GC(44) User=0.01s Sys=0.00s Real=0.00s
[2021-02-03T10:20:55.117+0500][383.873s] GC(45) Pause Young (Normal) (G1 Evacuation Pause)
[2021-02-03T10:20:55.117+0500][383.873s] GC(45) Using 13 workers of 13 for evacuation
[2021-02-03T10:20:55.119+0500][383.875s] GC(45)   Pre Evacuate Collection Set: 0.1ms
[2021-02-03T10:20:55.119+0500][383.875s] GC(45)   Merge Heap Roots: 0.1ms
[2021-02-03T10:20:55.119+0500][383.875s] GC(45)   Evacuate Collection Set: 1.6ms
[2021-02-03T10:20:55.119+0500][383.875s] GC(45)   Post Evacuate Collection Set: 0.6ms
[2021-02-03T10:20:55.119+0500][383.875s] GC(45)   Other: 0.2ms
[2021-02-03T10:20:55.119+0500][383.875s] GC(45) Eden regions: 301->0(298)
[2021-02-03T10:20:55.119+0500][383.875s] GC(45) Survivor regions: 6->9(39)
[2021-02-03T10:20:55.119+0500][383.875s] GC(45) Old regions: 49->50
[2021-02-03T10:20:55.119+0500][383.875s] GC(45) Archive regions: 2->2
[2021-02-03T10:20:55.119+0500][383.875s] GC(45) Humongous regions: 5->5
[2021-02-03T10:20:55.119+0500][383.875s] GC(45) Metaspace: 56624K(57600K)->56624K(57600K) NonClass: 50287K(50944K)->50287K(50944K) Class: 6336K(6656K)->6336K(6656K)
[2021-02-03T10:20:55.119+0500][383.875s] GC(45) Pause Young (Normal) (G1 Evacuation Pause) 360M->63M(512M) 2.829ms
[2021-02-03T10:20:55.120+0500][383.875s] GC(45) User=0.02s Sys=0.00s Real=0.01s
[2021-02-03T10:20:55.879+0500][384.635s] GC(46) Pause Young (Normal) (G1 Evacuation Pause)
[2021-02-03T10:20:55.879+0500][384.635s] GC(46) Using 13 workers of 13 for evacuation
[2021-02-03T10:20:55.880+0500][384.636s] GC(46)   Pre Evacuate Collection Set: 0.1ms
[2021-02-03T10:20:55.880+0500][384.636s] GC(46)   Merge Heap Roots: 0.1ms
[2021-02-03T10:20:55.880+0500][384.636s] GC(46)   Evacuate Collection Set: 1.1ms
[2021-02-03T10:20:55.880+0500][384.636s] GC(46)   Post Evacuate Collection Set: 0.4ms
[2021-02-03T10:20:55.880+0500][384.636s] GC(46)   Other: 0.1ms
[2021-02-03T10:20:55.880+0500][384.636s] GC(46) Eden regions: 298->0(298)
[2021-02-03T10:20:55.880+0500][384.636s] GC(46) Survivor regions: 9->9(39)
[2021-02-03T10:20:55.880+0500][384.636s] GC(46) Old regions: 50->50
[2021-02-03T10:20:55.880+0500][384.636s] GC(46) Archive regions: 2->2
[2021-02-03T10:20:55.880+0500][384.636s] GC(46) Humongous regions: 6->6
[2021-02-03T10:20:55.881+0500][384.636s] GC(46) Metaspace: 56630K(57600K)->56630K(57600K) NonClass: 50294K(50944K)->50294K(50944K) Class: 6336K(6656K)->6336K(6656K)
[2021-02-03T10:20:55.881+0500][384.636s] GC(46) Pause Young (Normal) (G1 Evacuation Pause) 362M->65M(512M) 1.870ms
[2021-02-03T10:20:55.881+0500][384.636s] GC(46) User=0.01s Sys=0.00s Real=0.01s
[2021-02-03T10:20:56.404+0500][385.160s] GC(47) Pause Young (Normal) (G1 Evacuation Pause)
[2021-02-03T10:20:56.404+0500][385.160s] GC(47) Using 13 workers of 13 for evacuation
[2021-02-03T10:20:56.407+0500][385.163s] GC(47)   Pre Evacuate Collection Set: 0.1ms
[2021-02-03T10:20:56.407+0500][385.163s] GC(47)   Merge Heap Roots: 0.1ms
[2021-02-03T10:20:56.407+0500][385.163s] GC(47)   Evacuate Collection Set: 1.6ms
[2021-02-03T10:20:56.407+0500][385.163s] GC(47)   Post Evacuate Collection Set: 0.6ms
[2021-02-03T10:20:56.407+0500][385.163s] GC(47)   Other: 0.2ms
[2021-02-03T10:20:56.407+0500][385.163s] GC(47) Eden regions: 298->0(296)
[2021-02-03T10:20:56.407+0500][385.163s] GC(47) Survivor regions: 9->11(39)
[2021-02-03T10:20:56.407+0500][385.163s] GC(47) Old regions: 50->50
[2021-02-03T10:20:56.407+0500][385.163s] GC(47) Archive regions: 2->2
[2021-02-03T10:20:56.407+0500][385.163s] GC(47) Humongous regions: 6->5
[2021-02-03T10:20:56.407+0500][385.163s] GC(47) Metaspace: 56638K(57600K)->56638K(57600K) NonClass: 50301K(50944K)->50301K(50944K) Class: 6336K(6656K)->6336K(6656K)
[2021-02-03T10:20:56.407+0500][385.163s] GC(47) Pause Young (Normal) (G1 Evacuation Pause) 363M->65M(512M) 2.734ms
[2021-02-03T10:20:56.407+0500][385.163s] GC(47) User=0.02s Sys=0.01s Real=0.00s
[2021-02-03T10:20:57.095+0500][385.850s] GC(48) Pause Young (Normal) (G1 Evacuation Pause)
[2021-02-03T10:20:57.095+0500][385.850s] GC(48) Using 13 workers of 13 for evacuation
[2021-02-03T10:20:57.097+0500][385.853s] GC(48)   Pre Evacuate Collection Set: 0.1ms
[2021-02-03T10:20:57.097+0500][385.853s] GC(48)   Merge Heap Roots: 0.1ms
[2021-02-03T10:20:57.097+0500][385.853s] GC(48)   Evacuate Collection Set: 1.3ms
[2021-02-03T10:20:57.097+0500][385.853s] GC(48)   Post Evacuate Collection Set: 0.9ms
[2021-02-03T10:20:57.097+0500][385.853s] GC(48)   Other: 0.2ms
[2021-02-03T10:20:57.097+0500][385.853s] GC(48) Eden regions: 296->0(297)
[2021-02-03T10:20:57.097+0500][385.853s] GC(48) Survivor regions: 11->10(39)
[2021-02-03T10:20:57.097+0500][385.853s] GC(48) Old regions: 50->50
[2021-02-03T10:20:57.097+0500][385.853s] GC(48) Archive regions: 2->2
[2021-02-03T10:20:57.097+0500][385.853s] GC(48) Humongous regions: 7->5
[2021-02-03T10:20:57.097+0500][385.853s] GC(48) Metaspace: 56663K(57600K)->56663K(57600K) NonClass: 50327K(50944K)->50327K(50944K) Class: 6336K(6656K)->6336K(6656K)
[2021-02-03T10:20:57.097+0500][385.853s] GC(48) Pause Young (Normal) (G1 Evacuation Pause) 363M->65M(512M) 2.644ms
[2021-02-03T10:20:57.097+0500][385.853s] GC(48) User=0.02s Sys=0.00s Real=0.00s
[2021-02-03T10:20:57.751+0500][386.507s] GC(49) Pause Young (Normal) (G1 Evacuation Pause)
[2021-02-03T10:20:57.751+0500][386.507s] GC(49) Using 13 workers of 13 for evacuation
[2021-02-03T10:20:57.753+0500][386.509s] GC(49)   Pre Evacuate Collection Set: 0.1ms
[2021-02-03T10:20:57.753+0500][386.509s] GC(49)   Merge Heap Roots: 0.1ms
[2021-02-03T10:20:57.753+0500][386.509s] GC(49)   Evacuate Collection Set: 1.5ms
[2021-02-03T10:20:57.753+0500][386.509s] GC(49)   Post Evacuate Collection Set: 0.6ms
[2021-02-03T10:20:57.753+0500][386.509s] GC(49)   Other: 0.2ms
[2021-02-03T10:20:57.753+0500][386.509s] GC(49) Eden regions: 297->0(298)
[2021-02-03T10:20:57.753+0500][386.509s] GC(49) Survivor regions: 10->9(39)
[2021-02-03T10:20:57.753+0500][386.509s] GC(49) Old regions: 50->51
[2021-02-03T10:20:57.753+0500][386.509s] GC(49) Archive regions: 2->2
[2021-02-03T10:20:57.753+0500][386.509s] GC(49) Humongous regions: 5->5
[2021-02-03T10:20:57.753+0500][386.509s] GC(49) Metaspace: 56673K(57600K)->56673K(57600K) NonClass: 50336K(50944K)->50336K(50944K) Class: 6336K(6656K)->6336K(6656K)
[2021-02-03T10:20:57.753+0500][386.509s] GC(49) Pause Young (Normal) (G1 Evacuation Pause) 362M->65M(512M) 2.562ms
[2021-02-03T10:20:57.753+0500][386.509s] GC(49) User=0.02s Sys=0.00s Real=0.00s
[2021-02-03T10:20:58.311+0500][387.067s] GC(50) Pause Young (Normal) (G1 Evacuation Pause)
[2021-02-03T10:20:58.311+0500][387.067s] GC(50) Using 13 workers of 13 for evacuation
[2021-02-03T10:20:58.313+0500][387.069s] GC(50)   Pre Evacuate Collection Set: 0.1ms
[2021-02-03T10:20:58.313+0500][387.069s] GC(50)   Merge Heap Roots: 0.1ms
[2021-02-03T10:20:58.313+0500][387.069s] GC(50)   Evacuate Collection Set: 1.1ms
[2021-02-03T10:20:58.313+0500][387.069s] GC(50)   Post Evacuate Collection Set: 0.6ms
[2021-02-03T10:20:58.313+0500][387.069s] GC(50)   Other: 0.1ms
[2021-02-03T10:20:58.313+0500][387.069s] GC(50) Eden regions: 298->0(298)
[2021-02-03T10:20:58.313+0500][387.069s] GC(50) Survivor regions: 9->9(39)
[2021-02-03T10:20:58.313+0500][387.069s] GC(50) Old regions: 51->51
[2021-02-03T10:20:58.313+0500][387.069s] GC(50) Archive regions: 2->2
[2021-02-03T10:20:58.313+0500][387.069s] GC(50) Humongous regions: 5->5
[2021-02-03T10:20:58.313+0500][387.069s] GC(50) Metaspace: 56711K(57600K)->56711K(57600K) NonClass: 50375K(50944K)->50375K(50944K) Class: 6336K(6656K)->6336K(6656K)
[2021-02-03T10:20:58.313+0500][387.069s] GC(50) Pause Young (Normal) (G1 Evacuation Pause) 363M->64M(512M) 2.119ms
[2021-02-03T10:20:58.313+0500][387.069s] GC(50) User=0.01s Sys=0.00s Real=0.00s
[2021-02-03T10:20:58.911+0500][387.667s] GC(51) Pause Young (Normal) (G1 Evacuation Pause)
[2021-02-03T10:20:58.911+0500][387.667s] GC(51) Using 13 workers of 13 for evacuation
[2021-02-03T10:20:58.913+0500][387.669s] GC(51)   Pre Evacuate Collection Set: 0.1ms
[2021-02-03T10:20:58.913+0500][387.669s] GC(51)   Merge Heap Roots: 0.1ms
[2021-02-03T10:20:58.913+0500][387.669s] GC(51)   Evacuate Collection Set: 1.1ms
[2021-02-03T10:20:58.913+0500][387.669s] GC(51)   Post Evacuate Collection Set: 0.8ms
[2021-02-03T10:20:58.913+0500][387.669s] GC(51)   Other: 0.2ms
[2021-02-03T10:20:58.913+0500][387.669s] GC(51) Eden regions: 298->0(300)
[2021-02-03T10:20:58.913+0500][387.669s] GC(51) Survivor regions: 9->7(39)
[2021-02-03T10:20:58.913+0500][387.669s] GC(51) Old regions: 51->51
[2021-02-03T10:20:58.913+0500][387.669s] GC(51) Archive regions: 2->2
[2021-02-03T10:20:58.913+0500][387.669s] GC(51) Humongous regions: 19->8
[2021-02-03T10:20:58.913+0500][387.669s] GC(51) Metaspace: 56719K(57600K)->56719K(57600K) NonClass: 50383K(50944K)->50383K(50944K) Class: 6336K(6656K)->6336K(6656K)
[2021-02-03T10:20:58.913+0500][387.669s] GC(51) Pause Young (Normal) (G1 Evacuation Pause) 376M->66M(512M) 2.357ms
[2021-02-03T10:20:58.913+0500][387.669s] GC(51) User=0.01s Sys=0.01s Real=0.00s
[2021-02-03T10:20:59.351+0500][388.107s] GC(52) Pause Young (Normal) (G1 Evacuation Pause)
[2021-02-03T10:20:59.351+0500][388.107s] GC(52) Using 13 workers of 13 for evacuation
[2021-02-03T10:20:59.353+0500][388.109s] GC(52)   Pre Evacuate Collection Set: 0.1ms
[2021-02-03T10:20:59.353+0500][388.109s] GC(52)   Merge Heap Roots: 0.1ms
[2021-02-03T10:20:59.353+0500][388.109s] GC(52)   Evacuate Collection Set: 1.5ms
[2021-02-03T10:20:59.353+0500][388.109s] GC(52)   Post Evacuate Collection Set: 0.5ms
[2021-02-03T10:20:59.353+0500][388.109s] GC(52)   Other: 0.1ms
[2021-02-03T10:20:59.353+0500][388.109s] GC(52) Eden regions: 300->0(297)
[2021-02-03T10:20:59.353+0500][388.109s] GC(52) Survivor regions: 7->10(39)
[2021-02-03T10:20:59.353+0500][388.109s] GC(52) Old regions: 51->52
[2021-02-03T10:20:59.353+0500][388.109s] GC(52) Archive regions: 2->2
[2021-02-03T10:20:59.353+0500][388.109s] GC(52) Humongous regions: 23->13
[2021-02-03T10:20:59.353+0500][388.109s] GC(52) Metaspace: 56741K(57856K)->56741K(57856K) NonClass: 50405K(51200K)->50405K(51200K) Class: 6336K(6656K)->6336K(6656K)
[2021-02-03T10:20:59.353+0500][388.109s] GC(52) Pause Young (Normal) (G1 Evacuation Pause) 381M->74M(512M) 2.489ms
[2021-02-03T10:20:59.353+0500][388.109s] GC(52) User=0.02s Sys=0.00s Real=0.00s
[2021-02-03T10:20:59.752+0500][388.508s] GC(53) Pause Young (Normal) (G1 Evacuation Pause)
[2021-02-03T10:20:59.752+0500][388.508s] GC(53) Using 13 workers of 13 for evacuation
[2021-02-03T10:20:59.755+0500][388.511s] GC(53)   Pre Evacuate Collection Set: 0.1ms
[2021-02-03T10:20:59.755+0500][388.511s] GC(53)   Merge Heap Roots: 0.1ms
[2021-02-03T10:20:59.755+0500][388.511s] GC(53)   Evacuate Collection Set: 1.5ms
[2021-02-03T10:20:59.755+0500][388.511s] GC(53)   Post Evacuate Collection Set: 0.7ms
[2021-02-03T10:20:59.755+0500][388.511s] GC(53)   Other: 0.3ms
[2021-02-03T10:20:59.755+0500][388.511s] GC(53) Eden regions: 297->0(297)
[2021-02-03T10:20:59.755+0500][388.511s] GC(53) Survivor regions: 10->10(39)
[2021-02-03T10:20:59.755+0500][388.511s] GC(53) Old regions: 52->52
[2021-02-03T10:20:59.755+0500][388.511s] GC(53) Archive regions: 2->2
[2021-02-03T10:20:59.755+0500][388.511s] GC(53) Humongous regions: 13->13
[2021-02-03T10:20:59.755+0500][388.511s] GC(53) Metaspace: 56742K(57856K)->56742K(57856K) NonClass: 50406K(51200K)->50406K(51200K) Class: 6336K(6656K)->6336K(6656K)
[2021-02-03T10:20:59.755+0500][388.511s] GC(53) Pause Young (Normal) (G1 Evacuation Pause) 371M->75M(512M) 2.881ms
[2021-02-03T10:20:59.755+0500][388.511s] GC(53) User=0.02s Sys=0.00s Real=0.00s
[2021-02-03T10:21:00.365+0500][389.121s] GC(54) Pause Young (Normal) (G1 Evacuation Pause)
[2021-02-03T10:21:00.365+0500][389.121s] GC(54) Using 13 workers of 13 for evacuation
[2021-02-03T10:21:00.367+0500][389.123s] GC(54)   Pre Evacuate Collection Set: 0.1ms
[2021-02-03T10:21:00.367+0500][389.123s] GC(54)   Merge Heap Roots: 0.1ms
[2021-02-03T10:21:00.367+0500][389.123s] GC(54)   Evacuate Collection Set: 1.1ms
[2021-02-03T10:21:00.367+0500][389.123s] GC(54)   Post Evacuate Collection Set: 0.5ms
[2021-02-03T10:21:00.367+0500][389.123s] GC(54)   Other: 0.5ms
[2021-02-03T10:21:00.367+0500][389.123s] GC(54) Eden regions: 297->0(298)
[2021-02-03T10:21:00.367+0500][389.123s] GC(54) Survivor regions: 10->9(39)
[2021-02-03T10:21:00.367+0500][389.123s] GC(54) Old regions: 52->53
[2021-02-03T10:21:00.367+0500][389.123s] GC(54) Archive regions: 2->2
[2021-02-03T10:21:00.367+0500][389.123s] GC(54) Humongous regions: 13->5
[2021-02-03T10:21:00.367+0500][389.123s] GC(54) Metaspace: 56752K(57856K)->56752K(57856K) NonClass: 50415K(51200K)->50415K(51200K) Class: 6336K(6656K)->6336K(6656K)
[2021-02-03T10:21:00.367+0500][389.123s] GC(54) Pause Young (Normal) (G1 Evacuation Pause) 372M->66M(512M) 2.496ms
[2021-02-03T10:21:00.367+0500][389.123s] GC(54) User=0.01s Sys=0.01s Real=0.00s
[2021-02-03T10:21:00.928+0500][389.684s] GC(55) Pause Young (Normal) (G1 Evacuation Pause)
[2021-02-03T10:21:00.928+0500][389.684s] GC(55) Using 13 workers of 13 for evacuation
[2021-02-03T10:21:00.930+0500][389.686s] GC(55)   Pre Evacuate Collection Set: 0.1ms
[2021-02-03T10:21:00.930+0500][389.686s] GC(55)   Merge Heap Roots: 0.1ms
[2021-02-03T10:21:00.930+0500][389.686s] GC(55)   Evacuate Collection Set: 1.2ms
[2021-02-03T10:21:00.930+0500][389.686s] GC(55)   Post Evacuate Collection Set: 0.4ms
[2021-02-03T10:21:00.930+0500][389.686s] GC(55)   Other: 0.2ms
[2021-02-03T10:21:00.930+0500][389.686s] GC(55) Eden regions: 298->0(297)
[2021-02-03T10:21:00.930+0500][389.686s] GC(55) Survivor regions: 9->10(39)
[2021-02-03T10:21:00.930+0500][389.686s] GC(55) Old regions: 53->53
[2021-02-03T10:21:00.930+0500][389.686s] GC(55) Archive regions: 2->2
[2021-02-03T10:21:00.930+0500][389.686s] GC(55) Humongous regions: 7->5
[2021-02-03T10:21:00.930+0500][389.686s] GC(55) Metaspace: 56752K(57856K)->56752K(57856K) NonClass: 50415K(51200K)->50415K(51200K) Class: 6336K(6656K)->6336K(6656K)
[2021-02-03T10:21:00.930+0500][389.686s] GC(55) Pause Young (Normal) (G1 Evacuation Pause) 366M->67M(512M) 2.220ms
[2021-02-03T10:21:00.931+0500][389.686s] GC(55) User=0.02s Sys=0.00s Real=0.01s
[2021-02-03T10:21:01.560+0500][390.316s] GC(56) Pause Young (Normal) (G1 Evacuation Pause)
[2021-02-03T10:21:01.560+0500][390.316s] GC(56) Using 13 workers of 13 for evacuation
[2021-02-03T10:21:01.562+0500][390.318s] GC(56)   Pre Evacuate Collection Set: 0.1ms
[2021-02-03T10:21:01.562+0500][390.318s] GC(56)   Merge Heap Roots: 0.1ms
[2021-02-03T10:21:01.562+0500][390.318s] GC(56)   Evacuate Collection Set: 1.3ms
[2021-02-03T10:21:01.562+0500][390.318s] GC(56)   Post Evacuate Collection Set: 0.6ms
[2021-02-03T10:21:01.562+0500][390.318s] GC(56)   Other: 0.2ms
[2021-02-03T10:21:01.562+0500][390.318s] GC(56) Eden regions: 297->0(299)
[2021-02-03T10:21:01.562+0500][390.318s] GC(56) Survivor regions: 10->8(39)
[2021-02-03T10:21:01.562+0500][390.318s] GC(56) Old regions: 53->53
[2021-02-03T10:21:01.562+0500][390.318s] GC(56) Archive regions: 2->2
[2021-02-03T10:21:01.562+0500][390.318s] GC(56) Humongous regions: 5->5
[2021-02-03T10:21:01.562+0500][390.318s] GC(56) Metaspace: 56767K(57856K)->56767K(57856K) NonClass: 50431K(51200K)->50431K(51200K) Class: 6336K(6656K)->6336K(6656K)
[2021-02-03T10:21:01.562+0500][390.318s] GC(56) Pause Young (Normal) (G1 Evacuation Pause) 364M->66M(512M) 2.488ms
[2021-02-03T10:21:01.562+0500][390.318s] GC(56) User=0.01s Sys=0.00s Real=0.00s
[2021-02-03T10:21:02.193+0500][390.949s] GC(57) Pause Young (Normal) (G1 Evacuation Pause)
[2021-02-03T10:21:02.193+0500][390.949s] GC(57) Using 13 workers of 13 for evacuation
[2021-02-03T10:21:02.195+0500][390.951s] GC(57)   Pre Evacuate Collection Set: 0.1ms
[2021-02-03T10:21:02.195+0500][390.951s] GC(57)   Merge Heap Roots: 0.1ms
[2021-02-03T10:21:02.195+0500][390.951s] GC(57)   Evacuate Collection Set: 1.0ms
[2021-02-03T10:21:02.195+0500][390.951s] GC(57)   Post Evacuate Collection Set: 0.5ms
[2021-02-03T10:21:02.195+0500][390.951s] GC(57)   Other: 0.2ms
[2021-02-03T10:21:02.195+0500][390.951s] GC(57) Eden regions: 299->0(299)
[2021-02-03T10:21:02.195+0500][390.951s] GC(57) Survivor regions: 8->8(39)
[2021-02-03T10:21:02.195+0500][390.951s] GC(57) Old regions: 53->54
[2021-02-03T10:21:02.195+0500][390.951s] GC(57) Archive regions: 2->2
[2021-02-03T10:21:02.195+0500][390.951s] GC(57) Humongous regions: 5->5
[2021-02-03T10:21:02.195+0500][390.951s] GC(57) Metaspace: 56767K(57856K)->56767K(57856K) NonClass: 50431K(51200K)->50431K(51200K) Class: 6336K(6656K)->6336K(6656K)
[2021-02-03T10:21:02.195+0500][390.951s] GC(57) Pause Young (Normal) (G1 Evacuation Pause) 365M->66M(512M) 2.066ms
[2021-02-03T10:21:02.195+0500][390.951s] GC(57) User=0.01s Sys=0.00s Real=0.00s
[2021-02-03T10:21:02.934+0500][391.690s] GC(58) Pause Young (Normal) (G1 Evacuation Pause)
[2021-02-03T10:21:02.934+0500][391.690s] GC(58) Using 13 workers of 13 for evacuation
[2021-02-03T10:21:02.936+0500][391.692s] GC(58)   Pre Evacuate Collection Set: 0.1ms
[2021-02-03T10:21:02.936+0500][391.692s] GC(58)   Merge Heap Roots: 0.1ms
[2021-02-03T10:21:02.936+0500][391.692s] GC(58)   Evacuate Collection Set: 1.3ms
[2021-02-03T10:21:02.936+0500][391.692s] GC(58)   Post Evacuate Collection Set: 0.7ms
[2021-02-03T10:21:02.936+0500][391.692s] GC(58)   Other: 0.2ms
[2021-02-03T10:21:02.936+0500][391.692s] GC(58) Eden regions: 299->0(297)
[2021-02-03T10:21:02.936+0500][391.692s] GC(58) Survivor regions: 8->10(39)
[2021-02-03T10:21:02.936+0500][391.692s] GC(58) Old regions: 54->54
[2021-02-03T10:21:02.936+0500][391.692s] GC(58) Archive regions: 2->2
[2021-02-03T10:21:02.936+0500][391.692s] GC(58) Humongous regions: 6->5
[2021-02-03T10:21:02.936+0500][391.692s] GC(58) Metaspace: 56782K(57856K)->56782K(57856K) NonClass: 50446K(51200K)->50446K(51200K) Class: 6336K(6656K)->6336K(6656K)
[2021-02-03T10:21:02.937+0500][391.692s] GC(58) Pause Young (Normal) (G1 Evacuation Pause) 366M->68M(512M) 2.731ms
[2021-02-03T10:21:02.937+0500][391.692s] GC(58) User=0.02s Sys=0.01s Real=0.00s
[2021-02-03T10:21:03.517+0500][392.273s] GC(59) Pause Young (Normal) (G1 Evacuation Pause)
[2021-02-03T10:21:03.517+0500][392.273s] GC(59) Using 13 workers of 13 for evacuation
[2021-02-03T10:21:03.519+0500][392.275s] GC(59)   Pre Evacuate Collection Set: 0.1ms
[2021-02-03T10:21:03.519+0500][392.275s] GC(59)   Merge Heap Roots: 0.1ms
[2021-02-03T10:21:03.519+0500][392.275s] GC(59)   Evacuate Collection Set: 0.9ms
[2021-02-03T10:21:03.519+0500][392.275s] GC(59)   Post Evacuate Collection Set: 0.5ms
[2021-02-03T10:21:03.519+0500][392.275s] GC(59)   Other: 0.1ms
[2021-02-03T10:21:03.519+0500][392.275s] GC(59) Eden regions: 297->0(299)
[2021-02-03T10:21:03.519+0500][392.275s] GC(59) Survivor regions: 10->8(39)
[2021-02-03T10:21:03.519+0500][392.275s] GC(59) Old regions: 54->54
[2021-02-03T10:21:03.519+0500][392.275s] GC(59) Archive regions: 2->2
[2021-02-03T10:21:03.519+0500][392.275s] GC(59) Humongous regions: 6->5
[2021-02-03T10:21:03.519+0500][392.275s] GC(59) Metaspace: 56803K(57856K)->56803K(57856K) NonClass: 50467K(51200K)->50467K(51200K) Class: 6336K(6656K)->6336K(6656K)
[2021-02-03T10:21:03.519+0500][392.275s] GC(59) Pause Young (Normal) (G1 Evacuation Pause) 366M->66M(512M) 1.825ms
[2021-02-03T10:21:03.519+0500][392.275s] GC(59) User=0.01s Sys=0.01s Real=0.00s
[2021-02-03T10:21:04.210+0500][392.966s] GC(60) Pause Young (Normal) (G1 Evacuation Pause)
[2021-02-03T10:21:04.210+0500][392.966s] GC(60) Using 13 workers of 13 for evacuation
[2021-02-03T10:21:04.212+0500][392.968s] GC(60)   Pre Evacuate Collection Set: 0.1ms
[2021-02-03T10:21:04.212+0500][392.968s] GC(60)   Merge Heap Roots: 0.1ms
[2021-02-03T10:21:04.212+0500][392.968s] GC(60)   Evacuate Collection Set: 0.9ms
[2021-02-03T10:21:04.212+0500][392.968s] GC(60)   Post Evacuate Collection Set: 0.5ms
[2021-02-03T10:21:04.212+0500][392.968s] GC(60)   Other: 0.2ms
[2021-02-03T10:21:04.212+0500][392.968s] GC(60) Eden regions: 299->0(302)
[2021-02-03T10:21:04.212+0500][392.968s] GC(60) Survivor regions: 8->5(39)
[2021-02-03T10:21:04.212+0500][392.968s] GC(60) Old regions: 54->54
[2021-02-03T10:21:04.212+0500][392.968s] GC(60) Archive regions: 2->2
[2021-02-03T10:21:04.212+0500][392.968s] GC(60) Humongous regions: 5->5
[2021-02-03T10:21:04.212+0500][392.968s] GC(60) Metaspace: 56813K(57856K)->56813K(57856K) NonClass: 50477K(51200K)->50477K(51200K) Class: 6336K(6656K)->6336K(6656K)
[2021-02-03T10:21:04.212+0500][392.968s] GC(60) Pause Young (Normal) (G1 Evacuation Pause) 365M->63M(512M) 1.958ms
[2021-02-03T10:21:04.212+0500][392.968s] GC(60) User=0.01s Sys=0.00s Real=0.00s
[2021-02-03T10:21:04.858+0500][393.614s] GC(61) Pause Young (Normal) (G1 Evacuation Pause)
[2021-02-03T10:21:04.858+0500][393.614s] GC(61) Using 13 workers of 13 for evacuation
[2021-02-03T10:21:04.860+0500][393.616s] GC(61)   Pre Evacuate Collection Set: 0.1ms
[2021-02-03T10:21:04.860+0500][393.616s] GC(61)   Merge Heap Roots: 0.1ms
[2021-02-03T10:21:04.860+0500][393.616s] GC(61)   Evacuate Collection Set: 1.0ms
[2021-02-03T10:21:04.860+0500][393.616s] GC(61)   Post Evacuate Collection Set: 0.5ms
[2021-02-03T10:21:04.860+0500][393.616s] GC(61)   Other: 0.2ms
[2021-02-03T10:21:04.860+0500][393.616s] GC(61) Eden regions: 302->0(301)
[2021-02-03T10:21:04.860+0500][393.616s] GC(61) Survivor regions: 5->6(39)
[2021-02-03T10:21:04.860+0500][393.616s] GC(61) Old regions: 54->54
[2021-02-03T10:21:04.860+0500][393.616s] GC(61) Archive regions: 2->2
[2021-02-03T10:21:04.860+0500][393.616s] GC(61) Humongous regions: 5->5
[2021-02-03T10:21:04.860+0500][393.616s] GC(61) Metaspace: 56816K(57856K)->56816K(57856K) NonClass: 50479K(51200K)->50479K(51200K) Class: 6336K(6656K)->6336K(6656K)
[2021-02-03T10:21:04.860+0500][393.616s] GC(61) Pause Young (Normal) (G1 Evacuation Pause) 365M->64M(512M) 1.975ms
[2021-02-03T10:21:04.860+0500][393.616s] GC(61) User=0.01s Sys=0.00s Real=0.01s
[2021-02-03T10:21:05.552+0500][394.308s] GC(62) Pause Young (Normal) (G1 Evacuation Pause)
[2021-02-03T10:21:05.552+0500][394.308s] GC(62) Using 13 workers of 13 for evacuation
[2021-02-03T10:21:05.554+0500][394.310s] GC(62)   Pre Evacuate Collection Set: 0.1ms
[2021-02-03T10:21:05.554+0500][394.310s] GC(62)   Merge Heap Roots: 0.1ms
[2021-02-03T10:21:05.554+0500][394.310s] GC(62)   Evacuate Collection Set: 1.1ms
[2021-02-03T10:21:05.554+0500][394.310s] GC(62)   Post Evacuate Collection Set: 0.8ms
[2021-02-03T10:21:05.554+0500][394.310s] GC(62)   Other: 0.2ms
[2021-02-03T10:21:05.555+0500][394.310s] GC(62) Eden regions: 301->0(301)
[2021-02-03T10:21:05.555+0500][394.310s] GC(62) Survivor regions: 6->6(39)
[2021-02-03T10:21:05.555+0500][394.310s] GC(62) Old regions: 54->54
[2021-02-03T10:21:05.555+0500][394.310s] GC(62) Archive regions: 2->2
[2021-02-03T10:21:05.555+0500][394.310s] GC(62) Humongous regions: 5->5
[2021-02-03T10:21:05.555+0500][394.311s] GC(62) Metaspace: 56816K(57856K)->56816K(57856K) NonClass: 50479K(51200K)->50479K(51200K) Class: 6336K(6656K)->6336K(6656K)
[2021-02-03T10:21:05.555+0500][394.311s] GC(62) Pause Young (Normal) (G1 Evacuation Pause) 365M->64M(512M) 2.583ms
[2021-02-03T10:21:05.555+0500][394.311s] GC(62) User=0.01s Sys=0.00s Real=0.00s
[2021-02-03T10:21:06.269+0500][395.025s] GC(63) Pause Young (Normal) (G1 Evacuation Pause)
[2021-02-03T10:21:06.269+0500][395.025s] GC(63) Using 13 workers of 13 for evacuation
[2021-02-03T10:21:06.271+0500][395.027s] GC(63)   Pre Evacuate Collection Set: 0.1ms
[2021-02-03T10:21:06.271+0500][395.027s] GC(63)   Merge Heap Roots: 0.1ms
[2021-02-03T10:21:06.271+0500][395.027s] GC(63)   Evacuate Collection Set: 0.8ms
[2021-02-03T10:21:06.271+0500][395.027s] GC(63)   Post Evacuate Collection Set: 0.8ms
[2021-02-03T10:21:06.271+0500][395.027s] GC(63)   Other: 0.4ms
[2021-02-03T10:21:06.271+0500][395.027s] GC(63) Eden regions: 301->0(304)
[2021-02-03T10:21:06.271+0500][395.027s] GC(63) Survivor regions: 6->3(39)
[2021-02-03T10:21:06.271+0500][395.027s] GC(63) Old regions: 54->54
[2021-02-03T10:21:06.271+0500][395.027s] GC(63) Archive regions: 2->2
[2021-02-03T10:21:06.271+0500][395.027s] GC(63) Humongous regions: 6->5
[2021-02-03T10:21:06.271+0500][395.027s] GC(63) Metaspace: 56829K(57856K)->56829K(57856K) NonClass: 50493K(51200K)->50493K(51200K) Class: 6336K(6656K)->6336K(6656K)
[2021-02-03T10:21:06.271+0500][395.027s] GC(63) Pause Young (Normal) (G1 Evacuation Pause) 366M->61M(512M) 2.286ms
[2021-02-03T10:21:06.271+0500][395.027s] GC(63) User=0.01s Sys=0.00s Real=0.01s
[2021-02-03T10:21:06.884+0500][395.640s] GC(64) Pause Young (Normal) (G1 Evacuation Pause)
[2021-02-03T10:21:06.884+0500][395.640s] GC(64) Using 13 workers of 13 for evacuation
[2021-02-03T10:21:06.885+0500][395.641s] GC(64)   Pre Evacuate Collection Set: 0.1ms
[2021-02-03T10:21:06.885+0500][395.641s] GC(64)   Merge Heap Roots: 0.1ms
[2021-02-03T10:21:06.885+0500][395.641s] GC(64)   Evacuate Collection Set: 0.8ms
[2021-02-03T10:21:06.885+0500][395.641s] GC(64)   Post Evacuate Collection Set: 0.3ms
[2021-02-03T10:21:06.885+0500][395.641s] GC(64)   Other: 0.1ms
[2021-02-03T10:21:06.885+0500][395.641s] GC(64) Eden regions: 304->0(302)
[2021-02-03T10:21:06.885+0500][395.641s] GC(64) Survivor regions: 3->5(39)
[2021-02-03T10:21:06.885+0500][395.641s] GC(64) Old regions: 54->54
[2021-02-03T10:21:06.885+0500][395.641s] GC(64) Archive regions: 2->2
[2021-02-03T10:21:06.885+0500][395.641s] GC(64) Humongous regions: 5->5
[2021-02-03T10:21:06.885+0500][395.641s] GC(64) Metaspace: 56831K(57856K)->56831K(57856K) NonClass: 50494K(51200K)->50494K(51200K) Class: 6336K(6656K)->6336K(6656K)
[2021-02-03T10:21:06.885+0500][395.641s] GC(64) Pause Young (Normal) (G1 Evacuation Pause) 365M->63M(512M) 1.501ms
[2021-02-03T10:21:06.885+0500][395.641s] GC(64) User=0.01s Sys=0.01s Real=0.00s
[2021-02-03T10:21:07.647+0500][396.403s] GC(65) Pause Young (Normal) (G1 Evacuation Pause)
[2021-02-03T10:21:07.647+0500][396.403s] GC(65) Using 13 workers of 13 for evacuation
[2021-02-03T10:21:07.649+0500][396.404s] GC(65)   Pre Evacuate Collection Set: 0.1ms
[2021-02-03T10:21:07.649+0500][396.404s] GC(65)   Merge Heap Roots: 0.1ms
[2021-02-03T10:21:07.649+0500][396.404s] GC(65)   Evacuate Collection Set: 1.0ms
[2021-02-03T10:21:07.649+0500][396.405s] GC(65)   Post Evacuate Collection Set: 0.5ms
[2021-02-03T10:21:07.649+0500][396.405s] GC(65)   Other: 0.2ms
[2021-02-03T10:21:07.649+0500][396.405s] GC(65) Eden regions: 302->0(300)
[2021-02-03T10:21:07.649+0500][396.405s] GC(65) Survivor regions: 5->7(39)
[2021-02-03T10:21:07.649+0500][396.405s] GC(65) Old regions: 54->54
[2021-02-03T10:21:07.649+0500][396.405s] GC(65) Archive regions: 2->2
[2021-02-03T10:21:07.649+0500][396.405s] GC(65) Humongous regions: 5->5
[2021-02-03T10:21:07.649+0500][396.405s] GC(65) Metaspace: 56844K(57856K)->56844K(57856K) NonClass: 50508K(51200K)->50508K(51200K) Class: 6336K(6656K)->6336K(6656K)
[2021-02-03T10:21:07.649+0500][396.405s] GC(65) Pause Young (Normal) (G1 Evacuation Pause) 365M->65M(512M) 2.005ms
[2021-02-03T10:21:07.649+0500][396.405s] GC(65) User=0.02s Sys=0.00s Real=0.00s
[2021-02-03T10:21:08.262+0500][397.018s] GC(66) Pause Young (Normal) (G1 Evacuation Pause)
[2021-02-03T10:21:08.262+0500][397.018s] GC(66) Using 13 workers of 13 for evacuation
[2021-02-03T10:21:08.264+0500][397.019s] GC(66)   Pre Evacuate Collection Set: 0.1ms
[2021-02-03T10:21:08.264+0500][397.020s] GC(66)   Merge Heap Roots: 0.1ms
[2021-02-03T10:21:08.264+0500][397.020s] GC(66)   Evacuate Collection Set: 0.6ms
[2021-02-03T10:21:08.264+0500][397.020s] GC(66)   Post Evacuate Collection Set: 0.4ms
[2021-02-03T10:21:08.264+0500][397.020s] GC(66)   Other: 0.1ms
[2021-02-03T10:21:08.264+0500][397.020s] GC(66) Eden regions: 300->0(303)
[2021-02-03T10:21:08.264+0500][397.020s] GC(66) Survivor regions: 7->4(39)
[2021-02-03T10:21:08.264+0500][397.020s] GC(66) Old regions: 54->54
[2021-02-03T10:21:08.264+0500][397.020s] GC(66) Archive regions: 2->2
[2021-02-03T10:21:08.264+0500][397.020s] GC(66) Humongous regions: 5->5
[2021-02-03T10:21:08.264+0500][397.020s] GC(66) Metaspace: 56851K(57856K)->56851K(57856K) NonClass: 50515K(51200K)->50515K(51200K) Class: 6336K(6656K)->6336K(6656K)
[2021-02-03T10:21:08.264+0500][397.020s] GC(66) Pause Young (Normal) (G1 Evacuation Pause) 365M->62M(512M) 1.472ms
[2021-02-03T10:21:08.264+0500][397.020s] GC(66) User=0.00s Sys=0.00s Real=0.00s
[2021-02-03T10:21:08.965+0500][397.721s] GC(67) Pause Young (Normal) (G1 Evacuation Pause)
[2021-02-03T10:21:08.965+0500][397.721s] GC(67) Using 13 workers of 13 for evacuation
[2021-02-03T10:21:08.967+0500][397.723s] GC(67)   Pre Evacuate Collection Set: 0.1ms
[2021-02-03T10:21:08.967+0500][397.723s] GC(67)   Merge Heap Roots: 0.1ms
[2021-02-03T10:21:08.967+0500][397.723s] GC(67)   Evacuate Collection Set: 1.0ms
[2021-02-03T10:21:08.967+0500][397.723s] GC(67)   Post Evacuate Collection Set: 0.5ms
[2021-02-03T10:21:08.967+0500][397.723s] GC(67)   Other: 0.2ms
[2021-02-03T10:21:08.967+0500][397.723s] GC(67) Eden regions: 303->0(301)
[2021-02-03T10:21:08.967+0500][397.723s] GC(67) Survivor regions: 4->6(39)
[2021-02-03T10:21:08.967+0500][397.723s] GC(67) Old regions: 54->54
[2021-02-03T10:21:08.967+0500][397.723s] GC(67) Archive regions: 2->2
[2021-02-03T10:21:08.967+0500][397.723s] GC(67) Humongous regions: 5->5
[2021-02-03T10:21:08.967+0500][397.723s] GC(67) Metaspace: 56854K(57856K)->56854K(57856K) NonClass: 50518K(51200K)->50518K(51200K) Class: 6336K(6656K)->6336K(6656K)
[2021-02-03T10:21:08.967+0500][397.723s] GC(67) Pause Young (Normal) (G1 Evacuation Pause) 365M->65M(512M) 2.022ms
[2021-02-03T10:21:08.967+0500][397.723s] GC(67) User=0.01s Sys=0.00s Real=0.00s
[2021-02-03T10:21:09.634+0500][398.390s] GC(68) Pause Young (Normal) (G1 Evacuation Pause)
[2021-02-03T10:21:09.634+0500][398.390s] GC(68) Using 13 workers of 13 for evacuation
[2021-02-03T10:21:09.636+0500][398.392s] GC(68)   Pre Evacuate Collection Set: 0.1ms
[2021-02-03T10:21:09.636+0500][398.392s] GC(68)   Merge Heap Roots: 0.1ms
[2021-02-03T10:21:09.636+0500][398.392s] GC(68)   Evacuate Collection Set: 1.1ms
[2021-02-03T10:21:09.636+0500][398.392s] GC(68)   Post Evacuate Collection Set: 0.5ms
[2021-02-03T10:21:09.636+0500][398.392s] GC(68)   Other: 0.1ms
[2021-02-03T10:21:09.636+0500][398.392s] GC(68) Eden regions: 301->0(300)
[2021-02-03T10:21:09.636+0500][398.392s] GC(68) Survivor regions: 6->7(39)
[2021-02-03T10:21:09.636+0500][398.392s] GC(68) Old regions: 54->54
[2021-02-03T10:21:09.636+0500][398.392s] GC(68) Archive regions: 2->2
[2021-02-03T10:21:09.636+0500][398.392s] GC(68) Humongous regions: 5->5
[2021-02-03T10:21:09.636+0500][398.392s] GC(68) Metaspace: 56854K(57856K)->56854K(57856K) NonClass: 50518K(51200K)->50518K(51200K) Class: 6336K(6656K)->6336K(6656K)
[2021-02-03T10:21:09.636+0500][398.392s] GC(68) Pause Young (Normal) (G1 Evacuation Pause) 366M->65M(512M) 2.285ms
[2021-02-03T10:21:09.636+0500][398.392s] GC(68) User=0.02s Sys=0.01s Real=0.00s
[2021-02-03T10:21:10.275+0500][399.031s] GC(69) Pause Young (Normal) (G1 Evacuation Pause)
[2021-02-03T10:21:10.275+0500][399.031s] GC(69) Using 13 workers of 13 for evacuation
[2021-02-03T10:21:10.277+0500][399.033s] GC(69)   Pre Evacuate Collection Set: 0.1ms
[2021-02-03T10:21:10.277+0500][399.033s] GC(69)   Merge Heap Roots: 0.1ms
[2021-02-03T10:21:10.277+0500][399.033s] GC(69)   Evacuate Collection Set: 1.1ms
[2021-02-03T10:21:10.277+0500][399.033s] GC(69)   Post Evacuate Collection Set: 0.6ms
[2021-02-03T10:21:10.277+0500][399.033s] GC(69)   Other: 0.2ms
[2021-02-03T10:21:10.277+0500][399.033s] GC(69) Eden regions: 300->0(299)
[2021-02-03T10:21:10.277+0500][399.033s] GC(69) Survivor regions: 7->8(39)
[2021-02-03T10:21:10.277+0500][399.033s] GC(69) Old regions: 54->54
[2021-02-03T10:21:10.277+0500][399.033s] GC(69) Archive regions: 2->2
[2021-02-03T10:21:10.277+0500][399.033s] GC(69) Humongous regions: 6->5
[2021-02-03T10:21:10.277+0500][399.033s] GC(69) Metaspace: 56860K(57856K)->56860K(57856K) NonClass: 50523K(51200K)->50523K(51200K) Class: 6336K(6656K)->6336K(6656K)
[2021-02-03T10:21:10.277+0500][399.033s] GC(69) Pause Young (Normal) (G1 Evacuation Pause) 366M->66M(512M) 2.268ms
[2021-02-03T10:21:10.277+0500][399.033s] GC(69) User=0.02s Sys=0.00s Real=0.00s
[2021-02-03T10:21:11.003+0500][399.759s] GC(70) Pause Young (Normal) (G1 Evacuation Pause)
[2021-02-03T10:21:11.003+0500][399.759s] GC(70) Using 13 workers of 13 for evacuation
[2021-02-03T10:21:11.006+0500][399.762s] GC(70)   Pre Evacuate Collection Set: 0.1ms
[2021-02-03T10:21:11.006+0500][399.762s] GC(70)   Merge Heap Roots: 0.1ms
[2021-02-03T10:21:11.006+0500][399.762s] GC(70)   Evacuate Collection Set: 1.4ms
[2021-02-03T10:21:11.006+0500][399.762s] GC(70)   Post Evacuate Collection Set: 0.9ms
[2021-02-03T10:21:11.006+0500][399.762s] GC(70)   Other: 0.3ms
[2021-02-03T10:21:11.006+0500][399.762s] GC(70) Eden regions: 299->0(300)
[2021-02-03T10:21:11.006+0500][399.762s] GC(70) Survivor regions: 8->7(39)
[2021-02-03T10:21:11.006+0500][399.762s] GC(70) Old regions: 54->54
[2021-02-03T10:21:11.006+0500][399.762s] GC(70) Archive regions: 2->2
[2021-02-03T10:21:11.006+0500][399.762s] GC(70) Humongous regions: 5->5
[2021-02-03T10:21:11.006+0500][399.762s] GC(70) Metaspace: 56868K(57856K)->56868K(57856K) NonClass: 50532K(51200K)->50532K(51200K) Class: 6336K(6656K)->6336K(6656K)
[2021-02-03T10:21:11.006+0500][399.762s] GC(70) Pause Young (Normal) (G1 Evacuation Pause) 365M->66M(512M) 2.868ms
[2021-02-03T10:21:11.006+0500][399.762s] GC(70) User=0.02s Sys=0.00s Real=0.00s
[2021-02-03T10:21:11.555+0500][400.311s] GC(71) Pause Young (Normal) (G1 Evacuation Pause)
[2021-02-03T10:21:11.555+0500][400.311s] GC(71) Using 13 workers of 13 for evacuation
[2021-02-03T10:21:11.557+0500][400.313s] GC(71)   Pre Evacuate Collection Set: 0.1ms
[2021-02-03T10:21:11.557+0500][400.313s] GC(71)   Merge Heap Roots: 0.1ms
[2021-02-03T10:21:11.557+0500][400.313s] GC(71)   Evacuate Collection Set: 1.5ms
[2021-02-03T10:21:11.557+0500][400.313s] GC(71)   Post Evacuate Collection Set: 0.6ms
[2021-02-03T10:21:11.558+0500][400.313s] GC(71)   Other: 0.2ms
[2021-02-03T10:21:11.558+0500][400.313s] GC(71) Eden regions: 300->0(298)
[2021-02-03T10:21:11.558+0500][400.313s] GC(71) Survivor regions: 7->9(39)
[2021-02-03T10:21:11.558+0500][400.313s] GC(71) Old regions: 54->55
[2021-02-03T10:21:11.558+0500][400.313s] GC(71) Archive regions: 2->2
[2021-02-03T10:21:11.558+0500][400.314s] GC(71) Humongous regions: 6->5
[2021-02-03T10:21:11.558+0500][400.314s] GC(71) Metaspace: 56869K(57856K)->56869K(57856K) NonClass: 50532K(51200K)->50532K(51200K) Class: 6336K(6656K)->6336K(6656K)
[2021-02-03T10:21:11.558+0500][400.314s] GC(71) Pause Young (Normal) (G1 Evacuation Pause) 367M->68M(512M) 2.782ms
[2021-02-03T10:21:11.558+0500][400.314s] GC(71) User=0.02s Sys=0.00s Real=0.00s
[2021-02-03T10:21:12.297+0500][401.053s] GC(72) Pause Young (Normal) (G1 Evacuation Pause)
[2021-02-03T10:21:12.297+0500][401.053s] GC(72) Using 13 workers of 13 for evacuation
[2021-02-03T10:21:12.299+0500][401.055s] GC(72)   Pre Evacuate Collection Set: 0.1ms
[2021-02-03T10:21:12.299+0500][401.055s] GC(72)   Merge Heap Roots: 0.1ms
[2021-02-03T10:21:12.299+0500][401.055s] GC(72)   Evacuate Collection Set: 1.2ms
[2021-02-03T10:21:12.299+0500][401.055s] GC(72)   Post Evacuate Collection Set: 0.5ms
[2021-02-03T10:21:12.299+0500][401.055s] GC(72)   Other: 0.2ms
[2021-02-03T10:21:12.299+0500][401.055s] GC(72) Eden regions: 298->0(296)
[2021-02-03T10:21:12.299+0500][401.055s] GC(72) Survivor regions: 9->11(39)
[2021-02-03T10:21:12.299+0500][401.055s] GC(72) Old regions: 55->55
[2021-02-03T10:21:12.299+0500][401.055s] GC(72) Archive regions: 2->2
[2021-02-03T10:21:12.299+0500][401.055s] GC(72) Humongous regions: 5->5
[2021-02-03T10:21:12.299+0500][401.055s] GC(72) Metaspace: 56870K(57856K)->56870K(57856K) NonClass: 50534K(51200K)->50534K(51200K) Class: 6336K(6656K)->6336K(6656K)
[2021-02-03T10:21:12.299+0500][401.055s] GC(72) Pause Young (Normal) (G1 Evacuation Pause) 366M->70M(512M) 2.226ms
[2021-02-03T10:21:12.299+0500][401.055s] GC(72) User=0.01s Sys=0.00s Real=0.00s
[2021-02-03T10:21:12.790+0500][401.546s] GC(73) Pause Young (Normal) (G1 Evacuation Pause)
[2021-02-03T10:21:12.790+0500][401.546s] GC(73) Using 13 workers of 13 for evacuation
[2021-02-03T10:21:12.792+0500][401.548s] GC(73)   Pre Evacuate Collection Set: 0.1ms
[2021-02-03T10:21:12.792+0500][401.548s] GC(73)   Merge Heap Roots: 0.1ms
[2021-02-03T10:21:12.792+0500][401.548s] GC(73)   Evacuate Collection Set: 1.2ms
[2021-02-03T10:21:12.792+0500][401.548s] GC(73)   Post Evacuate Collection Set: 0.3ms
[2021-02-03T10:21:12.792+0500][401.548s] GC(73)   Other: 0.1ms
[2021-02-03T10:21:12.792+0500][401.548s] GC(73) Eden regions: 296->0(295)
[2021-02-03T10:21:12.792+0500][401.548s] GC(73) Survivor regions: 11->12(39)
[2021-02-03T10:21:12.792+0500][401.548s] GC(73) Old regions: 55->55
[2021-02-03T10:21:12.792+0500][401.548s] GC(73) Archive regions: 2->2
[2021-02-03T10:21:12.792+0500][401.548s] GC(73) Humongous regions: 6->5
[2021-02-03T10:21:12.792+0500][401.548s] GC(73) Metaspace: 56870K(57856K)->56870K(57856K) NonClass: 50534K(51200K)->50534K(51200K) Class: 6336K(6656K)->6336K(6656K)
[2021-02-03T10:21:12.792+0500][401.548s] GC(73) Pause Young (Normal) (G1 Evacuation Pause) 367M->71M(512M) 2.017ms
[2021-02-03T10:21:12.792+0500][401.548s] GC(73) User=0.01s Sys=0.00s Real=0.00s
[2021-02-03T10:21:13.356+0500][402.112s] GC(74) Pause Young (Normal) (G1 Evacuation Pause)
[2021-02-03T10:21:13.356+0500][402.112s] GC(74) Using 13 workers of 13 for evacuation
[2021-02-03T10:21:13.358+0500][402.114s] GC(74)   Pre Evacuate Collection Set: 0.1ms
[2021-02-03T10:21:13.358+0500][402.114s] GC(74)   Merge Heap Roots: 0.1ms
[2021-02-03T10:21:13.358+0500][402.114s] GC(74)   Evacuate Collection Set: 1.0ms
[2021-02-03T10:21:13.358+0500][402.114s] GC(74)   Post Evacuate Collection Set: 0.7ms
[2021-02-03T10:21:13.358+0500][402.114s] GC(74)   Other: 0.2ms
[2021-02-03T10:21:13.358+0500][402.114s] GC(74) Eden regions: 295->0(301)
[2021-02-03T10:21:13.358+0500][402.114s] GC(74) Survivor regions: 12->6(39)
[2021-02-03T10:21:13.358+0500][402.114s] GC(74) Old regions: 55->55
[2021-02-03T10:21:13.358+0500][402.114s] GC(74) Archive regions: 2->2
[2021-02-03T10:21:13.358+0500][402.114s] GC(74) Humongous regions: 6->5
[2021-02-03T10:21:13.358+0500][402.114s] GC(74) Metaspace: 56883K(57856K)->56883K(57856K) NonClass: 50547K(51200K)->50547K(51200K) Class: 6336K(6656K)->6336K(6656K)
[2021-02-03T10:21:13.358+0500][402.114s] GC(74) Pause Young (Normal) (G1 Evacuation Pause) 367M->66M(512M) 2.278ms
[2021-02-03T10:21:13.358+0500][402.114s] GC(74) User=0.01s Sys=0.00s Real=0.00s
[2021-02-03T10:21:13.960+0500][402.716s] GC(75) Pause Young (Normal) (G1 Evacuation Pause)
[2021-02-03T10:21:13.960+0500][402.716s] GC(75) Using 13 workers of 13 for evacuation
[2021-02-03T10:21:13.962+0500][402.718s] GC(75)   Pre Evacuate Collection Set: 0.1ms
[2021-02-03T10:21:13.962+0500][402.718s] GC(75)   Merge Heap Roots: 0.1ms
[2021-02-03T10:21:13.962+0500][402.718s] GC(75)   Evacuate Collection Set: 1.1ms
[2021-02-03T10:21:13.962+0500][402.718s] GC(75)   Post Evacuate Collection Set: 0.5ms
[2021-02-03T10:21:13.962+0500][402.718s] GC(75)   Other: 0.2ms
[2021-02-03T10:21:13.962+0500][402.718s] GC(75) Eden regions: 301->0(299)
[2021-02-03T10:21:13.962+0500][402.718s] GC(75) Survivor regions: 6->8(39)
[2021-02-03T10:21:13.962+0500][402.718s] GC(75) Old regions: 55->56
[2021-02-03T10:21:13.962+0500][402.718s] GC(75) Archive regions: 2->2
[2021-02-03T10:21:13.962+0500][402.718s] GC(75) Humongous regions: 5->5
[2021-02-03T10:21:13.962+0500][402.718s] GC(75) Metaspace: 56902K(57856K)->56902K(57856K) NonClass: 50565K(51200K)->50565K(51200K) Class: 6336K(6656K)->6336K(6656K)
[2021-02-03T10:21:13.962+0500][402.718s] GC(75) Pause Young (Normal) (G1 Evacuation Pause) 367M->68M(512M) 2.164ms
[2021-02-03T10:21:13.962+0500][402.718s] GC(75) User=0.01s Sys=0.00s Real=0.00s
[2021-02-03T10:21:14.698+0500][403.454s] GC(76) Pause Young (Normal) (G1 Evacuation Pause)
[2021-02-03T10:21:14.698+0500][403.454s] GC(76) Using 13 workers of 13 for evacuation
[2021-02-03T10:21:14.700+0500][403.456s] GC(76)   Pre Evacuate Collection Set: 0.1ms
[2021-02-03T10:21:14.700+0500][403.456s] GC(76)   Merge Heap Roots: 0.1ms
[2021-02-03T10:21:14.700+0500][403.456s] GC(76)   Evacuate Collection Set: 1.1ms
[2021-02-03T10:21:14.700+0500][403.456s] GC(76)   Post Evacuate Collection Set: 0.3ms
[2021-02-03T10:21:14.700+0500][403.456s] GC(76)   Other: 0.1ms
[2021-02-03T10:21:14.700+0500][403.456s] GC(76) Eden regions: 299->0(298)
[2021-02-03T10:21:14.700+0500][403.456s] GC(76) Survivor regions: 8->9(39)
[2021-02-03T10:21:14.700+0500][403.456s] GC(76) Old regions: 56->56
[2021-02-03T10:21:14.700+0500][403.456s] GC(76) Archive regions: 2->2
[2021-02-03T10:21:14.700+0500][403.456s] GC(76) Humongous regions: 6->5
[2021-02-03T10:21:14.700+0500][403.456s] GC(76) Metaspace: 56912K(57856K)->56912K(57856K) NonClass: 50576K(51200K)->50576K(51200K) Class: 6336K(6656K)->6336K(6656K)
[2021-02-03T10:21:14.700+0500][403.456s] GC(76) Pause Young (Normal) (G1 Evacuation Pause) 368M->69M(512M) 1.820ms
[2021-02-03T10:21:14.700+0500][403.456s] GC(76) User=0.01s Sys=0.00s Real=0.01s
[2021-02-03T10:21:15.279+0500][404.035s] GC(77) Pause Young (Normal) (G1 Evacuation Pause)
[2021-02-03T10:21:15.279+0500][404.035s] GC(77) Using 13 workers of 13 for evacuation
[2021-02-03T10:21:15.281+0500][404.037s] GC(77)   Pre Evacuate Collection Set: 0.1ms
[2021-02-03T10:21:15.281+0500][404.037s] GC(77)   Merge Heap Roots: 0.1ms
[2021-02-03T10:21:15.281+0500][404.037s] GC(77)   Evacuate Collection Set: 1.2ms
[2021-02-03T10:21:15.281+0500][404.037s] GC(77)   Post Evacuate Collection Set: 0.5ms
[2021-02-03T10:21:15.281+0500][404.037s] GC(77)   Other: 0.2ms
[2021-02-03T10:21:15.281+0500][404.037s] GC(77) Eden regions: 298->0(298)
[2021-02-03T10:21:15.281+0500][404.037s] GC(77) Survivor regions: 9->9(39)
[2021-02-03T10:21:15.281+0500][404.037s] GC(77) Old regions: 56->56
[2021-02-03T10:21:15.281+0500][404.037s] GC(77) Archive regions: 2->2
[2021-02-03T10:21:15.281+0500][404.037s] GC(77) Humongous regions: 5->5
[2021-02-03T10:21:15.281+0500][404.037s] GC(77) Metaspace: 56913K(57856K)->56913K(57856K) NonClass: 50577K(51200K)->50577K(51200K) Class: 6336K(6656K)->6336K(6656K)
[2021-02-03T10:21:15.281+0500][404.037s] GC(77) Pause Young (Normal) (G1 Evacuation Pause) 367M->69M(512M) 2.158ms
[2021-02-03T10:21:15.281+0500][404.037s] GC(77) User=0.02s Sys=0.01s Real=0.01s
[2021-02-03T10:21:16.055+0500][404.811s] GC(78) Pause Young (Normal) (G1 Evacuation Pause)
[2021-02-03T10:21:16.055+0500][404.811s] GC(78) Using 13 workers of 13 for evacuation
[2021-02-03T10:21:16.058+0500][404.814s] GC(78)   Pre Evacuate Collection Set: 0.1ms
[2021-02-03T10:21:16.058+0500][404.814s] GC(78)   Merge Heap Roots: 0.1ms
[2021-02-03T10:21:16.058+0500][404.814s] GC(78)   Evacuate Collection Set: 1.4ms
[2021-02-03T10:21:16.058+0500][404.814s] GC(78)   Post Evacuate Collection Set: 1.0ms
[2021-02-03T10:21:16.058+0500][404.814s] GC(78)   Other: 0.2ms
[2021-02-03T10:21:16.058+0500][404.814s] GC(78) Eden regions: 298->0(299)
[2021-02-03T10:21:16.058+0500][404.814s] GC(78) Survivor regions: 9->8(39)
[2021-02-03T10:21:16.058+0500][404.814s] GC(78) Old regions: 56->56
[2021-02-03T10:21:16.058+0500][404.814s] GC(78) Archive regions: 2->2
[2021-02-03T10:21:16.058+0500][404.814s] GC(78) Humongous regions: 46->7
[2021-02-03T10:21:16.058+0500][404.814s] GC(78) Metaspace: 56930K(57856K)->56930K(57856K) NonClass: 50591K(51200K)->50591K(51200K) Class: 6338K(6656K)->6338K(6656K)
[2021-02-03T10:21:16.058+0500][404.814s] GC(78) Pause Young (Normal) (G1 Evacuation Pause) 408M->70M(512M) 2.963ms
[2021-02-03T10:21:16.058+0500][404.814s] GC(78) User=0.01s Sys=0.01s Real=0.00s
[2021-02-03T10:21:16.570+0500][405.326s] GC(79) Pause Young (Normal) (G1 Evacuation Pause)
[2021-02-03T10:21:16.571+0500][405.327s] GC(79) Using 13 workers of 13 for evacuation
[2021-02-03T10:21:16.574+0500][405.330s] GC(79)   Pre Evacuate Collection Set: 0.1ms
[2021-02-03T10:21:16.574+0500][405.330s] GC(79)   Merge Heap Roots: 0.1ms
[2021-02-03T10:21:16.574+0500][405.330s] GC(79)   Evacuate Collection Set: 1.5ms
[2021-02-03T10:21:16.574+0500][405.330s] GC(79)   Post Evacuate Collection Set: 0.6ms
[2021-02-03T10:21:16.574+0500][405.330s] GC(79)   Other: 1.0ms
[2021-02-03T10:21:16.574+0500][405.330s] GC(79) Eden regions: 299->0(297)
[2021-02-03T10:21:16.574+0500][405.330s] GC(79) Survivor regions: 8->10(39)
[2021-02-03T10:21:16.574+0500][405.330s] GC(79) Old regions: 56->56
[2021-02-03T10:21:16.574+0500][405.330s] GC(79) Archive regions: 2->2
[2021-02-03T10:21:16.574+0500][405.330s] GC(79) Humongous regions: 46->11
[2021-02-03T10:21:16.574+0500][405.330s] GC(79) Metaspace: 56934K(57856K)->56934K(57856K) NonClass: 50595K(51200K)->50595K(51200K) Class: 6338K(6656K)->6338K(6656K)
[2021-02-03T10:21:16.574+0500][405.330s] GC(79) Pause Young (Normal) (G1 Evacuation Pause) 408M->76M(512M) 3.359ms
[2021-02-03T10:21:16.574+0500][405.330s] GC(79) User=0.02s Sys=0.00s Real=0.00s
[2021-02-03T10:21:17.326+0500][406.082s] GC(80) Pause Young (Normal) (G1 Evacuation Pause)
[2021-02-03T10:21:17.326+0500][406.082s] GC(80) Using 13 workers of 13 for evacuation
[2021-02-03T10:21:17.329+0500][406.085s] GC(80)   Pre Evacuate Collection Set: 0.1ms
[2021-02-03T10:21:17.329+0500][406.085s] GC(80)   Merge Heap Roots: 0.1ms
[2021-02-03T10:21:17.329+0500][406.085s] GC(80)   Evacuate Collection Set: 1.4ms
[2021-02-03T10:21:17.329+0500][406.085s] GC(80)   Post Evacuate Collection Set: 0.6ms
[2021-02-03T10:21:17.329+0500][406.085s] GC(80)   Other: 0.3ms
[2021-02-03T10:21:17.329+0500][406.085s] GC(80) Eden regions: 297->0(298)
[2021-02-03T10:21:17.329+0500][406.085s] GC(80) Survivor regions: 10->9(39)
[2021-02-03T10:21:17.329+0500][406.085s] GC(80) Old regions: 56->57
[2021-02-03T10:21:17.329+0500][406.085s] GC(80) Archive regions: 2->2
[2021-02-03T10:21:17.329+0500][406.085s] GC(80) Humongous regions: 17->13
[2021-02-03T10:21:17.329+0500][406.085s] GC(80) Metaspace: 56945K(57856K)->56945K(57856K) NonClass: 50606K(51200K)->50606K(51200K) Class: 6338K(6656K)->6338K(6656K)
[2021-02-03T10:21:17.329+0500][406.085s] GC(80) Pause Young (Normal) (G1 Evacuation Pause) 379M->78M(512M) 2.593ms
[2021-02-03T10:21:17.329+0500][406.085s] GC(80) User=0.02s Sys=0.00s Real=0.00s
[2021-02-03T10:21:17.830+0500][406.586s] GC(81) Pause Young (Normal) (G1 Evacuation Pause)
[2021-02-03T10:21:17.830+0500][406.586s] GC(81) Using 13 workers of 13 for evacuation
[2021-02-03T10:21:17.833+0500][406.589s] GC(81)   Pre Evacuate Collection Set: 0.1ms
[2021-02-03T10:21:17.833+0500][406.589s] GC(81)   Merge Heap Roots: 0.1ms
[2021-02-03T10:21:17.833+0500][406.589s] GC(81)   Evacuate Collection Set: 1.3ms
[2021-02-03T10:21:17.833+0500][406.589s] GC(81)   Post Evacuate Collection Set: 0.7ms
[2021-02-03T10:21:17.833+0500][406.589s] GC(81)   Other: 0.2ms
[2021-02-03T10:21:17.833+0500][406.589s] GC(81) Eden regions: 298->0(298)
[2021-02-03T10:21:17.833+0500][406.589s] GC(81) Survivor regions: 9->9(39)
[2021-02-03T10:21:17.833+0500][406.589s] GC(81) Old regions: 57->57
[2021-02-03T10:21:17.833+0500][406.589s] GC(81) Archive regions: 2->2
[2021-02-03T10:21:17.833+0500][406.589s] GC(81) Humongous regions: 13->13
[2021-02-03T10:21:17.833+0500][406.589s] GC(81) Metaspace: 56947K(57856K)->56947K(57856K) NonClass: 50608K(51200K)->50608K(51200K) Class: 6338K(6656K)->6338K(6656K)
[2021-02-03T10:21:17.833+0500][406.589s] GC(81) Pause Young (Normal) (G1 Evacuation Pause) 376M->78M(512M) 2.441ms
[2021-02-03T10:21:17.833+0500][406.589s] GC(81) User=0.01s Sys=0.00s Real=0.00s
[2021-02-03T10:21:18.390+0500][407.146s] GC(82) Pause Young (Normal) (G1 Evacuation Pause)
[2021-02-03T10:21:18.390+0500][407.146s] GC(82) Using 13 workers of 13 for evacuation
[2021-02-03T10:21:18.393+0500][407.149s] GC(82)   Pre Evacuate Collection Set: 0.1ms
[2021-02-03T10:21:18.393+0500][407.149s] GC(82)   Merge Heap Roots: 0.1ms
[2021-02-03T10:21:18.393+0500][407.149s] GC(82)   Evacuate Collection Set: 1.3ms
[2021-02-03T10:21:18.393+0500][407.149s] GC(82)   Post Evacuate Collection Set: 0.9ms
[2021-02-03T10:21:18.393+0500][407.149s] GC(82)   Other: 0.2ms
[2021-02-03T10:21:18.393+0500][407.149s] GC(82) Eden regions: 298->0(299)
[2021-02-03T10:21:18.393+0500][407.149s] GC(82) Survivor regions: 9->8(39)
[2021-02-03T10:21:18.393+0500][407.149s] GC(82) Old regions: 57->57
[2021-02-03T10:21:18.393+0500][407.149s] GC(82) Archive regions: 2->2
[2021-02-03T10:21:18.393+0500][407.149s] GC(82) Humongous regions: 13->13
[2021-02-03T10:21:18.393+0500][407.149s] GC(82) Metaspace: 56957K(58112K)->56957K(58112K) NonClass: 50618K(51456K)->50618K(51456K) Class: 6338K(6656K)->6338K(6656K)
[2021-02-03T10:21:18.393+0500][407.149s] GC(82) Pause Young (Normal) (G1 Evacuation Pause) 376M->77M(512M) 2.734ms
[2021-02-03T10:21:18.393+0500][407.149s] GC(82) User=0.02s Sys=0.00s Real=0.00s
[2021-02-03T10:21:18.978+0500][407.734s] GC(83) Pause Young (Normal) (G1 Evacuation Pause)
[2021-02-03T10:21:18.978+0500][407.734s] GC(83) Using 13 workers of 13 for evacuation
[2021-02-03T10:21:18.980+0500][407.736s] GC(83)   Pre Evacuate Collection Set: 0.1ms
[2021-02-03T10:21:18.980+0500][407.736s] GC(83)   Merge Heap Roots: 0.1ms
[2021-02-03T10:21:18.980+0500][407.736s] GC(83)   Evacuate Collection Set: 1.1ms
[2021-02-03T10:21:18.980+0500][407.736s] GC(83)   Post Evacuate Collection Set: 0.6ms
[2021-02-03T10:21:18.980+0500][407.736s] GC(83)   Other: 0.2ms
[2021-02-03T10:21:18.980+0500][407.736s] GC(83) Eden regions: 299->0(299)
[2021-02-03T10:21:18.980+0500][407.736s] GC(83) Survivor regions: 8->8(39)
[2021-02-03T10:21:18.980+0500][407.736s] GC(83) Old regions: 57->57
[2021-02-03T10:21:18.980+0500][407.736s] GC(83) Archive regions: 2->2
[2021-02-03T10:21:18.980+0500][407.736s] GC(83) Humongous regions: 13->13
[2021-02-03T10:21:18.980+0500][407.736s] GC(83) Metaspace: 56958K(58112K)->56958K(58112K) NonClass: 50619K(51456K)->50619K(51456K) Class: 6338K(6656K)->6338K(6656K)
[2021-02-03T10:21:18.980+0500][407.736s] GC(83) Pause Young (Normal) (G1 Evacuation Pause) 376M->78M(512M) 2.155ms
[2021-02-03T10:21:18.980+0500][407.736s] GC(83) User=0.01s Sys=0.00s Real=0.01s
[2021-02-03T10:21:19.600+0500][408.356s] GC(84) Pause Young (Normal) (G1 Evacuation Pause)
[2021-02-03T10:21:19.600+0500][408.356s] GC(84) Using 13 workers of 13 for evacuation
[2021-02-03T10:21:19.603+0500][408.359s] GC(84)   Pre Evacuate Collection Set: 0.1ms
[2021-02-03T10:21:19.603+0500][408.359s] GC(84)   Merge Heap Roots: 0.1ms
[2021-02-03T10:21:19.603+0500][408.359s] GC(84)   Evacuate Collection Set: 1.1ms
[2021-02-03T10:21:19.603+0500][408.359s] GC(84)   Post Evacuate Collection Set: 0.6ms
[2021-02-03T10:21:19.603+0500][408.359s] GC(84)   Other: 0.2ms
[2021-02-03T10:21:19.603+0500][408.359s] GC(84) Eden regions: 299->0(299)
[2021-02-03T10:21:19.603+0500][408.359s] GC(84) Survivor regions: 8->8(39)
[2021-02-03T10:21:19.603+0500][408.359s] GC(84) Old regions: 57->57
[2021-02-03T10:21:19.603+0500][408.359s] GC(84) Archive regions: 2->2
[2021-02-03T10:21:19.603+0500][408.359s] GC(84) Humongous regions: 13->13
[2021-02-03T10:21:19.603+0500][408.359s] GC(84) Metaspace: 56963K(58112K)->56963K(58112K) NonClass: 50624K(51456K)->50624K(51456K) Class: 6338K(6656K)->6338K(6656K)
[2021-02-03T10:21:19.603+0500][408.359s] GC(84) Pause Young (Normal) (G1 Evacuation Pause) 377M->78M(512M) 2.366ms
[2021-02-03T10:21:19.603+0500][408.359s] GC(84) User=0.01s Sys=0.00s Real=0.00s
[2021-02-03T10:21:20.211+0500][408.967s] GC(85) Pause Young (Normal) (G1 Evacuation Pause)
[2021-02-03T10:21:20.211+0500][408.967s] GC(85) Using 13 workers of 13 for evacuation
[2021-02-03T10:21:20.213+0500][408.969s] GC(85)   Pre Evacuate Collection Set: 0.1ms
[2021-02-03T10:21:20.213+0500][408.969s] GC(85)   Merge Heap Roots: 0.1ms
[2021-02-03T10:21:20.213+0500][408.969s] GC(85)   Evacuate Collection Set: 1.2ms
[2021-02-03T10:21:20.213+0500][408.969s] GC(85)   Post Evacuate Collection Set: 0.6ms
[2021-02-03T10:21:20.213+0500][408.969s] GC(85)   Other: 0.2ms
[2021-02-03T10:21:20.213+0500][408.969s] GC(85) Eden regions: 299->0(299)
[2021-02-03T10:21:20.213+0500][408.969s] GC(85) Survivor regions: 8->8(39)
[2021-02-03T10:21:20.213+0500][408.969s] GC(85) Old regions: 57->58
[2021-02-03T10:21:20.213+0500][408.969s] GC(85) Archive regions: 2->2
[2021-02-03T10:21:20.213+0500][408.969s] GC(85) Humongous regions: 13->13
[2021-02-03T10:21:20.213+0500][408.969s] GC(85) Metaspace: 56968K(58112K)->56968K(58112K) NonClass: 50629K(51456K)->50629K(51456K) Class: 6338K(6656K)->6338K(6656K)
[2021-02-03T10:21:20.213+0500][408.969s] GC(85) Pause Young (Normal) (G1 Evacuation Pause) 377M->78M(512M) 2.299ms
[2021-02-03T10:21:20.213+0500][408.969s] GC(85) User=0.02s Sys=0.00s Real=0.00s
[2021-02-03T10:21:20.818+0500][409.574s] GC(86) Pause Young (Normal) (G1 Evacuation Pause)
[2021-02-03T10:21:20.818+0500][409.574s] GC(86) Using 13 workers of 13 for evacuation
[2021-02-03T10:21:20.821+0500][409.577s] GC(86)   Pre Evacuate Collection Set: 0.1ms
[2021-02-03T10:21:20.821+0500][409.577s] GC(86)   Merge Heap Roots: 0.1ms
[2021-02-03T10:21:20.821+0500][409.577s] GC(86)   Evacuate Collection Set: 1.1ms
[2021-02-03T10:21:20.821+0500][409.577s] GC(86)   Post Evacuate Collection Set: 1.0ms
[2021-02-03T10:21:20.821+0500][409.577s] GC(86)   Other: 0.2ms
[2021-02-03T10:21:20.821+0500][409.577s] GC(86) Eden regions: 299->0(300)
[2021-02-03T10:21:20.821+0500][409.577s] GC(86) Survivor regions: 8->7(39)
[2021-02-03T10:21:20.821+0500][409.577s] GC(86) Old regions: 58->58
[2021-02-03T10:21:20.821+0500][409.577s] GC(86) Archive regions: 2->2
[2021-02-03T10:21:20.821+0500][409.577s] GC(86) Humongous regions: 13->13
[2021-02-03T10:21:20.821+0500][409.577s] GC(86) Metaspace: 56991K(58112K)->56991K(58112K) NonClass: 50652K(51456K)->50652K(51456K) Class: 6338K(6656K)->6338K(6656K)
[2021-02-03T10:21:20.821+0500][409.577s] GC(86) Pause Young (Normal) (G1 Evacuation Pause) 377M->77M(512M) 2.857ms
[2021-02-03T10:21:20.821+0500][409.577s] GC(86) User=0.02s Sys=0.01s Real=0.01s
[2021-02-03T10:21:21.462+0500][410.218s] GC(87) Pause Young (Normal) (G1 Evacuation Pause)
[2021-02-03T10:21:21.462+0500][410.218s] GC(87) Using 13 workers of 13 for evacuation
[2021-02-03T10:21:21.463+0500][410.219s] GC(87)   Pre Evacuate Collection Set: 0.1ms
[2021-02-03T10:21:21.463+0500][410.219s] GC(87)   Merge Heap Roots: 0.1ms
[2021-02-03T10:21:21.463+0500][410.219s] GC(87)   Evacuate Collection Set: 0.9ms
[2021-02-03T10:21:21.463+0500][410.219s] GC(87)   Post Evacuate Collection Set: 0.5ms
[2021-02-03T10:21:21.463+0500][410.219s] GC(87)   Other: 0.2ms
[2021-02-03T10:21:21.463+0500][410.219s] GC(87) Eden regions: 300->0(300)
[2021-02-03T10:21:21.463+0500][410.219s] GC(87) Survivor regions: 7->7(39)
[2021-02-03T10:21:21.463+0500][410.219s] GC(87) Old regions: 58->58
[2021-02-03T10:21:21.463+0500][410.219s] GC(87) Archive regions: 2->2
[2021-02-03T10:21:21.463+0500][410.220s] GC(87) Humongous regions: 13->13
[2021-02-03T10:21:21.463+0500][410.220s] GC(87) Metaspace: 56997K(58112K)->56997K(58112K) NonClass: 50658K(51456K)->50658K(51456K) Class: 6338K(6656K)->6338K(6656K)
[2021-02-03T10:21:21.464+0500][410.220s] GC(87) Pause Young (Normal) (G1 Evacuation Pause) 377M->78M(512M) 1.901ms
[2021-02-03T10:21:21.464+0500][410.220s] GC(87) User=0.01s Sys=0.00s Real=0.00s
[2021-02-03T10:21:22.074+0500][410.831s] GC(88) Pause Young (Normal) (G1 Evacuation Pause)
[2021-02-03T10:21:22.075+0500][410.831s] GC(88) Using 13 workers of 13 for evacuation
[2021-02-03T10:21:22.077+0500][410.833s] GC(88)   Pre Evacuate Collection Set: 0.1ms
[2021-02-03T10:21:22.077+0500][410.833s] GC(88)   Merge Heap Roots: 0.1ms
[2021-02-03T10:21:22.077+0500][410.833s] GC(88)   Evacuate Collection Set: 1.1ms
[2021-02-03T10:21:22.077+0500][410.833s] GC(88)   Post Evacuate Collection Set: 0.7ms
[2021-02-03T10:21:22.077+0500][410.833s] GC(88)   Other: 0.2ms
[2021-02-03T10:21:22.077+0500][410.833s] GC(88) Eden regions: 300->0(300)
[2021-02-03T10:21:22.077+0500][410.833s] GC(88) Survivor regions: 7->7(39)
[2021-02-03T10:21:22.077+0500][410.833s] GC(88) Old regions: 58->59
[2021-02-03T10:21:22.077+0500][410.833s] GC(88) Archive regions: 2->2
[2021-02-03T10:21:22.077+0500][410.833s] GC(88) Humongous regions: 13->13
[2021-02-03T10:21:22.077+0500][410.833s] GC(88) Metaspace: 57006K(58112K)->57006K(58112K) NonClass: 50667K(51456K)->50667K(51456K) Class: 6338K(6656K)->6338K(6656K)
[2021-02-03T10:21:22.077+0500][410.833s] GC(88) Pause Young (Normal) (G1 Evacuation Pause) 378M->78M(512M) 2.403ms
[2021-02-03T10:21:22.077+0500][410.833s] GC(88) User=0.01s Sys=0.00s Real=0.00s
[2021-02-03T10:21:22.716+0500][411.472s] GC(89) Pause Young (Normal) (G1 Evacuation Pause)
[2021-02-03T10:21:22.716+0500][411.472s] GC(89) Using 13 workers of 13 for evacuation
[2021-02-03T10:21:22.718+0500][411.474s] GC(89)   Pre Evacuate Collection Set: 0.1ms
[2021-02-03T10:21:22.718+0500][411.474s] GC(89)   Merge Heap Roots: 0.1ms
[2021-02-03T10:21:22.718+0500][411.474s] GC(89)   Evacuate Collection Set: 1.2ms
[2021-02-03T10:21:22.718+0500][411.474s] GC(89)   Post Evacuate Collection Set: 0.5ms
[2021-02-03T10:21:22.718+0500][411.474s] GC(89)   Other: 0.2ms
[2021-02-03T10:21:22.718+0500][411.474s] GC(89) Eden regions: 300->0(300)
[2021-02-03T10:21:22.718+0500][411.474s] GC(89) Survivor regions: 7->7(39)
[2021-02-03T10:21:22.718+0500][411.474s] GC(89) Old regions: 59->59
[2021-02-03T10:21:22.718+0500][411.474s] GC(89) Archive regions: 2->2
[2021-02-03T10:21:22.718+0500][411.474s] GC(89) Humongous regions: 13->13
[2021-02-03T10:21:22.718+0500][411.474s] GC(89) Metaspace: 57007K(58112K)->57007K(58112K) NonClass: 50668K(51456K)->50668K(51456K) Class: 6338K(6656K)->6338K(6656K)
[2021-02-03T10:21:22.718+0500][411.474s] GC(89) Pause Young (Normal) (G1 Evacuation Pause) 378M->78M(512M) 2.157ms
[2021-02-03T10:21:22.718+0500][411.474s] GC(89) User=0.01s Sys=0.00s Real=0.00s
[2021-02-03T10:21:23.299+0500][412.055s] GC(90) Pause Young (Normal) (G1 Evacuation Pause)
[2021-02-03T10:21:23.299+0500][412.055s] GC(90) Using 13 workers of 13 for evacuation
[2021-02-03T10:21:23.301+0500][412.057s] GC(90)   Pre Evacuate Collection Set: 0.1ms
[2021-02-03T10:21:23.301+0500][412.057s] GC(90)   Merge Heap Roots: 0.1ms
[2021-02-03T10:21:23.301+0500][412.057s] GC(90)   Evacuate Collection Set: 1.0ms
[2021-02-03T10:21:23.301+0500][412.057s] GC(90)   Post Evacuate Collection Set: 0.9ms
[2021-02-03T10:21:23.301+0500][412.057s] GC(90)   Other: 0.1ms
[2021-02-03T10:21:23.301+0500][412.058s] GC(90) Eden regions: 300->0(302)
[2021-02-03T10:21:23.301+0500][412.058s] GC(90) Survivor regions: 7->5(39)
[2021-02-03T10:21:23.302+0500][412.058s] GC(90) Old regions: 59->59
[2021-02-03T10:21:23.302+0500][412.058s] GC(90) Archive regions: 2->2
[2021-02-03T10:21:23.302+0500][412.058s] GC(90) Humongous regions: 13->13
[2021-02-03T10:21:23.302+0500][412.058s] GC(90) Metaspace: 57016K(58112K)->57016K(58112K) NonClass: 50677K(51456K)->50677K(51456K) Class: 6338K(6656K)->6338K(6656K)
[2021-02-03T10:21:23.302+0500][412.058s] GC(90) Pause Young (Normal) (G1 Evacuation Pause) 378M->77M(512M) 2.393ms
[2021-02-03T10:21:23.302+0500][412.058s] GC(90) User=0.02s Sys=0.00s Real=0.01s
[2021-02-03T10:21:23.950+0500][412.706s] GC(91) Pause Young (Normal) (G1 Evacuation Pause)
[2021-02-03T10:21:23.950+0500][412.706s] GC(91) Using 13 workers of 13 for evacuation
[2021-02-03T10:21:23.951+0500][412.707s] GC(91)   Pre Evacuate Collection Set: 0.1ms
[2021-02-03T10:21:23.951+0500][412.707s] GC(91)   Merge Heap Roots: 0.1ms
[2021-02-03T10:21:23.951+0500][412.707s] GC(91)   Evacuate Collection Set: 1.0ms
[2021-02-03T10:21:23.951+0500][412.707s] GC(91)   Post Evacuate Collection Set: 0.5ms
[2021-02-03T10:21:23.951+0500][412.708s] GC(91)   Other: 0.2ms
[2021-02-03T10:21:23.951+0500][412.708s] GC(91) Eden regions: 302->0(301)
[2021-02-03T10:21:23.951+0500][412.708s] GC(91) Survivor regions: 5->6(39)
[2021-02-03T10:21:23.951+0500][412.708s] GC(91) Old regions: 59->59
[2021-02-03T10:21:23.952+0500][412.708s] GC(91) Archive regions: 2->2
[2021-02-03T10:21:23.952+0500][412.708s] GC(91) Humongous regions: 13->13
[2021-02-03T10:21:23.952+0500][412.708s] GC(91) Metaspace: 57017K(58112K)->57017K(58112K) NonClass: 50678K(51456K)->50678K(51456K) Class: 6338K(6656K)->6338K(6656K)
[2021-02-03T10:21:23.952+0500][412.708s] GC(91) Pause Young (Normal) (G1 Evacuation Pause) 379M->78M(512M) 2.032ms
[2021-02-03T10:21:23.952+0500][412.708s] GC(91) User=0.01s Sys=0.00s Real=0.00s
[2021-02-03T10:21:24.491+0500][413.247s] GC(92) Pause Young (Normal) (G1 Evacuation Pause)
[2021-02-03T10:21:24.491+0500][413.247s] GC(92) Using 13 workers of 13 for evacuation
[2021-02-03T10:21:24.493+0500][413.249s] GC(92)   Pre Evacuate Collection Set: 0.1ms
[2021-02-03T10:21:24.493+0500][413.249s] GC(92)   Merge Heap Roots: 0.1ms
[2021-02-03T10:21:24.493+0500][413.249s] GC(92)   Evacuate Collection Set: 1.0ms
[2021-02-03T10:21:24.493+0500][413.249s] GC(92)   Post Evacuate Collection Set: 0.7ms
[2021-02-03T10:21:24.493+0500][413.249s] GC(92)   Other: 0.2ms
[2021-02-03T10:21:24.493+0500][413.249s] GC(92) Eden regions: 301->0(301)
[2021-02-03T10:21:24.493+0500][413.249s] GC(92) Survivor regions: 6->6(39)
[2021-02-03T10:21:24.493+0500][413.249s] GC(92) Old regions: 59->60
[2021-02-03T10:21:24.493+0500][413.249s] GC(92) Archive regions: 2->2
[2021-02-03T10:21:24.493+0500][413.249s] GC(92) Humongous regions: 13->13
[2021-02-03T10:21:24.493+0500][413.249s] GC(92) Metaspace: 57017K(58112K)->57017K(58112K) NonClass: 50678K(51456K)->50678K(51456K) Class: 6338K(6656K)->6338K(6656K)
[2021-02-03T10:21:24.493+0500][413.249s] GC(92) Pause Young (Normal) (G1 Evacuation Pause) 379M->78M(512M) 2.207ms
[2021-02-03T10:21:24.493+0500][413.249s] GC(92) User=0.02s Sys=0.00s Real=0.00s
[2021-02-03T10:21:25.118+0500][413.874s] GC(93) Pause Young (Normal) (G1 Evacuation Pause)
[2021-02-03T10:21:25.118+0500][413.874s] GC(93) Using 13 workers of 13 for evacuation
[2021-02-03T10:21:25.120+0500][413.876s] GC(93)   Pre Evacuate Collection Set: 0.1ms
[2021-02-03T10:21:25.120+0500][413.877s] GC(93)   Merge Heap Roots: 0.2ms
[2021-02-03T10:21:25.120+0500][413.877s] GC(93)   Evacuate Collection Set: 1.1ms
[2021-02-03T10:21:25.120+0500][413.877s] GC(93)   Post Evacuate Collection Set: 0.8ms
[2021-02-03T10:21:25.121+0500][413.877s] GC(93)   Other: 0.4ms
[2021-02-03T10:21:25.121+0500][413.877s] GC(93) Eden regions: 301->0(301)
[2021-02-03T10:21:25.121+0500][413.877s] GC(93) Survivor regions: 6->6(39)
[2021-02-03T10:21:25.121+0500][413.877s] GC(93) Old regions: 60->60
[2021-02-03T10:21:25.121+0500][413.877s] GC(93) Archive regions: 2->2
[2021-02-03T10:21:25.121+0500][413.877s] GC(93) Humongous regions: 13->13
[2021-02-03T10:21:25.121+0500][413.877s] GC(93) Metaspace: 57017K(58112K)->57017K(58112K) NonClass: 50678K(51456K)->50678K(51456K) Class: 6338K(6656K)->6338K(6656K)
[2021-02-03T10:21:25.121+0500][413.877s] GC(93) Pause Young (Normal) (G1 Evacuation Pause) 379M->78M(512M) 2.841ms
[2021-02-03T10:21:25.121+0500][413.877s] GC(93) User=0.01s Sys=0.00s Real=0.01s
[2021-02-03T10:21:25.588+0500][414.344s] GC(94) Pause Young (Normal) (G1 Evacuation Pause)
[2021-02-03T10:21:25.588+0500][414.344s] GC(94) Using 13 workers of 13 for evacuation
[2021-02-03T10:21:25.590+0500][414.346s] GC(94)   Pre Evacuate Collection Set: 0.1ms
[2021-02-03T10:21:25.590+0500][414.346s] GC(94)   Merge Heap Roots: 0.1ms
[2021-02-03T10:21:25.590+0500][414.346s] GC(94)   Evacuate Collection Set: 1.1ms
[2021-02-03T10:21:25.590+0500][414.346s] GC(94)   Post Evacuate Collection Set: 0.6ms
[2021-02-03T10:21:25.590+0500][414.346s] GC(94)   Other: 0.4ms
[2021-02-03T10:21:25.590+0500][414.346s] GC(94) Eden regions: 301->0(302)
[2021-02-03T10:21:25.590+0500][414.346s] GC(94) Survivor regions: 6->5(39)
[2021-02-03T10:21:25.590+0500][414.346s] GC(94) Old regions: 60->61
[2021-02-03T10:21:25.590+0500][414.346s] GC(94) Archive regions: 2->2
[2021-02-03T10:21:25.590+0500][414.346s] GC(94) Humongous regions: 13->13
[2021-02-03T10:21:25.590+0500][414.346s] GC(94) Metaspace: 57017K(58112K)->57017K(58112K) NonClass: 50678K(51456K)->50678K(51456K) Class: 6338K(6656K)->6338K(6656K)
[2021-02-03T10:21:25.590+0500][414.346s] GC(94) Pause Young (Normal) (G1 Evacuation Pause) 379M->78M(512M) 2.367ms
[2021-02-03T10:21:25.590+0500][414.346s] GC(94) User=0.01s Sys=0.00s Real=0.01s
[2021-02-03T10:21:26.289+0500][415.045s] GC(95) Pause Young (Normal) (G1 Evacuation Pause)
[2021-02-03T10:21:26.289+0500][415.045s] GC(95) Using 13 workers of 13 for evacuation
[2021-02-03T10:21:26.291+0500][415.047s] GC(95)   Pre Evacuate Collection Set: 0.1ms
[2021-02-03T10:21:26.291+0500][415.047s] GC(95)   Merge Heap Roots: 0.1ms
[2021-02-03T10:21:26.291+0500][415.047s] GC(95)   Evacuate Collection Set: 0.9ms
[2021-02-03T10:21:26.291+0500][415.047s] GC(95)   Post Evacuate Collection Set: 0.9ms
[2021-02-03T10:21:26.291+0500][415.047s] GC(95)   Other: 0.2ms
[2021-02-03T10:21:26.291+0500][415.047s] GC(95) Eden regions: 302->0(302)
[2021-02-03T10:21:26.291+0500][415.047s] GC(95) Survivor regions: 5->5(39)
[2021-02-03T10:21:26.291+0500][415.047s] GC(95) Old regions: 61->61
[2021-02-03T10:21:26.291+0500][415.047s] GC(95) Archive regions: 2->2
[2021-02-03T10:21:26.291+0500][415.047s] GC(95) Humongous regions: 13->13
[2021-02-03T10:21:26.291+0500][415.047s] GC(95) Metaspace: 57030K(58112K)->57030K(58112K) NonClass: 50691K(51456K)->50691K(51456K) Class: 6338K(6656K)->6338K(6656K)
[2021-02-03T10:21:26.291+0500][415.047s] GC(95) Pause Young (Normal) (G1 Evacuation Pause) 380M->78M(512M) 2.416ms
[2021-02-03T10:21:26.291+0500][415.047s] GC(95) User=0.02s Sys=0.00s Real=0.01s
[2021-02-03T10:21:26.781+0500][415.537s] GC(96) Pause Young (Normal) (G1 Evacuation Pause)
[2021-02-03T10:21:26.781+0500][415.537s] GC(96) Using 13 workers of 13 for evacuation
[2021-02-03T10:21:26.783+0500][415.539s] GC(96)   Pre Evacuate Collection Set: 0.1ms
[2021-02-03T10:21:26.783+0500][415.539s] GC(96)   Merge Heap Roots: 0.1ms
[2021-02-03T10:21:26.783+0500][415.539s] GC(96)   Evacuate Collection Set: 0.8ms
[2021-02-03T10:21:26.783+0500][415.539s] GC(96)   Post Evacuate Collection Set: 0.6ms
[2021-02-03T10:21:26.783+0500][415.539s] GC(96)   Other: 0.1ms
[2021-02-03T10:21:26.783+0500][415.539s] GC(96) Eden regions: 302->0(302)
[2021-02-03T10:21:26.783+0500][415.539s] GC(96) Survivor regions: 5->5(39)
[2021-02-03T10:21:26.783+0500][415.539s] GC(96) Old regions: 61->61
[2021-02-03T10:21:26.783+0500][415.539s] GC(96) Archive regions: 2->2
[2021-02-03T10:21:26.783+0500][415.539s] GC(96) Humongous regions: 13->13
[2021-02-03T10:21:26.783+0500][415.539s] GC(96) Metaspace: 57030K(58112K)->57030K(58112K) NonClass: 50691K(51456K)->50691K(51456K) Class: 6338K(6656K)->6338K(6656K)
[2021-02-03T10:21:26.783+0500][415.539s] GC(96) Pause Young (Normal) (G1 Evacuation Pause) 380M->78M(512M) 1.843ms
[2021-02-03T10:21:26.783+0500][415.539s] GC(96) User=0.01s Sys=0.00s Real=0.00s
[2021-02-03T10:21:27.444+0500][416.200s] GC(97) Pause Young (Normal) (G1 Evacuation Pause)
[2021-02-03T10:21:27.444+0500][416.200s] GC(97) Using 13 workers of 13 for evacuation
[2021-02-03T10:21:27.446+0500][416.202s] GC(97)   Pre Evacuate Collection Set: 0.1ms
[2021-02-03T10:21:27.446+0500][416.202s] GC(97)   Merge Heap Roots: 0.1ms
[2021-02-03T10:21:27.446+0500][416.202s] GC(97)   Evacuate Collection Set: 0.9ms
[2021-02-03T10:21:27.446+0500][416.202s] GC(97)   Post Evacuate Collection Set: 0.6ms
[2021-02-03T10:21:27.446+0500][416.202s] GC(97)   Other: 0.5ms
[2021-02-03T10:21:27.446+0500][416.202s] GC(97) Eden regions: 302->0(303)
[2021-02-03T10:21:27.446+0500][416.202s] GC(97) Survivor regions: 5->4(39)
[2021-02-03T10:21:27.446+0500][416.202s] GC(97) Old regions: 61->62
[2021-02-03T10:21:27.446+0500][416.202s] GC(97) Archive regions: 2->2
[2021-02-03T10:21:27.446+0500][416.202s] GC(97) Humongous regions: 13->13
[2021-02-03T10:21:27.446+0500][416.202s] GC(97) Metaspace: 57094K(58112K)->57094K(58112K) NonClass: 50752K(51456K)->50752K(51456K) Class: 6341K(6656K)->6341K(6656K)
[2021-02-03T10:21:27.446+0500][416.202s] GC(97) Pause Young (Normal) (G1 Evacuation Pause) 380M->78M(512M) 2.369ms
[2021-02-03T10:21:27.446+0500][416.202s] GC(97) User=0.02s Sys=0.00s Real=0.00s
[2021-02-03T10:21:27.906+0500][416.662s] GC(98) Pause Young (Normal) (G1 Evacuation Pause)
[2021-02-03T10:21:27.906+0500][416.662s] GC(98) Using 13 workers of 13 for evacuation
[2021-02-03T10:21:27.907+0500][416.663s] GC(98)   Pre Evacuate Collection Set: 0.1ms
[2021-02-03T10:21:27.907+0500][416.663s] GC(98)   Merge Heap Roots: 0.1ms
[2021-02-03T10:21:27.907+0500][416.663s] GC(98)   Evacuate Collection Set: 0.7ms
[2021-02-03T10:21:27.907+0500][416.663s] GC(98)   Post Evacuate Collection Set: 0.4ms
[2021-02-03T10:21:27.907+0500][416.663s] GC(98)   Other: 0.1ms
[2021-02-03T10:21:27.907+0500][416.663s] GC(98) Eden regions: 303->0(303)
[2021-02-03T10:21:27.907+0500][416.663s] GC(98) Survivor regions: 4->4(39)
[2021-02-03T10:21:27.907+0500][416.663s] GC(98) Old regions: 62->62
[2021-02-03T10:21:27.907+0500][416.663s] GC(98) Archive regions: 2->2
[2021-02-03T10:21:27.907+0500][416.663s] GC(98) Humongous regions: 13->13
[2021-02-03T10:21:27.907+0500][416.663s] GC(98) Metaspace: 57094K(58112K)->57094K(58112K) NonClass: 50752K(51456K)->50752K(51456K) Class: 6341K(6656K)->6341K(6656K)
[2021-02-03T10:21:27.907+0500][416.663s] GC(98) Pause Young (Normal) (G1 Evacuation Pause) 381M->78M(512M) 1.464ms
[2021-02-03T10:21:27.907+0500][416.663s] GC(98) User=0.01s Sys=0.00s Real=0.00s
[2021-02-03T10:21:28.659+0500][417.415s] GC(99) Pause Young (Normal) (G1 Evacuation Pause)
[2021-02-03T10:21:28.670+0500][417.426s] GC(99) Using 13 workers of 13 for evacuation
[2021-02-03T10:21:28.671+0500][417.428s] GC(99)   Pre Evacuate Collection Set: 0.1ms
[2021-02-03T10:21:28.672+0500][417.428s] GC(99)   Merge Heap Roots: 0.1ms
[2021-02-03T10:21:28.672+0500][417.428s] GC(99)   Evacuate Collection Set: 1.1ms
[2021-02-03T10:21:28.672+0500][417.428s] GC(99)   Post Evacuate Collection Set: 0.6ms
[2021-02-03T10:21:28.672+0500][417.428s] GC(99)   Other: 10.9ms
[2021-02-03T10:21:28.672+0500][417.428s] GC(99) Eden regions: 303->0(303)
[2021-02-03T10:21:28.672+0500][417.428s] GC(99) Survivor regions: 4->4(39)
[2021-02-03T10:21:28.672+0500][417.428s] GC(99) Old regions: 62->62
[2021-02-03T10:21:28.672+0500][417.428s] GC(99) Archive regions: 2->2
[2021-02-03T10:21:28.672+0500][417.428s] GC(99) Humongous regions: 13->13
[2021-02-03T10:21:28.672+0500][417.428s] GC(99) Metaspace: 57116K(58112K)->57116K(58112K) NonClass: 50774K(51456K)->50774K(51456K) Class: 6341K(6656K)->6341K(6656K)
[2021-02-03T10:21:28.672+0500][417.428s] GC(99) Pause Young (Normal) (G1 Evacuation Pause) 381M->78M(512M) 12.848ms
[2021-02-03T10:21:28.672+0500][417.428s] GC(99) User=0.02s Sys=0.00s Real=0.02s
[2021-02-03T10:21:29.335+0500][418.091s] GC(100) Pause Young (Normal) (G1 Evacuation Pause)
[2021-02-03T10:21:29.341+0500][418.097s] GC(100) Using 13 workers of 13 for evacuation
[2021-02-03T10:21:29.342+0500][418.098s] GC(100)   Pre Evacuate Collection Set: 0.1ms
[2021-02-03T10:21:29.342+0500][418.098s] GC(100)   Merge Heap Roots: 0.1ms
[2021-02-03T10:21:29.342+0500][418.098s] GC(100)   Evacuate Collection Set: 0.6ms
[2021-02-03T10:21:29.342+0500][418.098s] GC(100)   Post Evacuate Collection Set: 0.4ms
[2021-02-03T10:21:29.342+0500][418.098s] GC(100)   Other: 5.9ms
[2021-02-03T10:21:29.342+0500][418.098s] GC(100) Eden regions: 303->0(303)
[2021-02-03T10:21:29.342+0500][418.098s] GC(100) Survivor regions: 4->4(39)
[2021-02-03T10:21:29.342+0500][418.098s] GC(100) Old regions: 62->62
[2021-02-03T10:21:29.342+0500][418.098s] GC(100) Archive regions: 2->2
[2021-02-03T10:21:29.342+0500][418.098s] GC(100) Humongous regions: 13->13
[2021-02-03T10:21:29.342+0500][418.098s] GC(100) Metaspace: 57116K(58112K)->57116K(58112K) NonClass: 50774K(51456K)->50774K(51456K) Class: 6341K(6656K)->6341K(6656K)
[2021-02-03T10:21:29.342+0500][418.098s] GC(100) Pause Young (Normal) (G1 Evacuation Pause) 381M->78M(512M) 7.195ms
[2021-02-03T10:21:29.342+0500][418.098s] GC(100) User=0.03s Sys=0.00s Real=0.01s
[2021-02-03T10:21:30.113+0500][418.869s] GC(101) Pause Young (Normal) (G1 Evacuation Pause)
[2021-02-03T10:21:30.124+0500][418.880s] GC(101) Using 13 workers of 13 for evacuation
[2021-02-03T10:21:30.126+0500][418.882s] GC(101)   Pre Evacuate Collection Set: 0.1ms
[2021-02-03T10:21:30.126+0500][418.882s] GC(101)   Merge Heap Roots: 0.1ms
[2021-02-03T10:21:30.126+0500][418.882s] GC(101)   Evacuate Collection Set: 0.9ms
[2021-02-03T10:21:30.126+0500][418.882s] GC(101)   Post Evacuate Collection Set: 0.7ms
[2021-02-03T10:21:30.126+0500][418.882s] GC(101)   Other: 10.8ms
[2021-02-03T10:21:30.126+0500][418.882s] GC(101) Eden regions: 303->0(303)
[2021-02-03T10:21:30.126+0500][418.882s] GC(101) Survivor regions: 4->4(39)
[2021-02-03T10:21:30.126+0500][418.882s] GC(101) Old regions: 62->62
[2021-02-03T10:21:30.126+0500][418.882s] GC(101) Archive regions: 2->2
[2021-02-03T10:21:30.126+0500][418.882s] GC(101) Humongous regions: 13->13
[2021-02-03T10:21:30.126+0500][418.882s] GC(101) Metaspace: 57116K(58112K)->57116K(58112K) NonClass: 50774K(51456K)->50774K(51456K) Class: 6341K(6656K)->6341K(6656K)
[2021-02-03T10:21:30.126+0500][418.882s] GC(101) Pause Young (Normal) (G1 Evacuation Pause) 381M->78M(512M) 12.714ms
[2021-02-03T10:21:30.126+0500][418.882s] GC(101) User=0.02s Sys=0.00s Real=0.01s
[2021-02-03T10:21:30.716+0500][419.472s] GC(102) Pause Young (Normal) (G1 Evacuation Pause)
[2021-02-03T10:21:30.741+0500][419.497s] GC(102) Using 13 workers of 13 for evacuation
[2021-02-03T10:21:30.743+0500][419.499s] GC(102)   Pre Evacuate Collection Set: 0.2ms
[2021-02-03T10:21:30.743+0500][419.499s] GC(102)   Merge Heap Roots: 0.1ms
[2021-02-03T10:21:30.743+0500][419.499s] GC(102)   Evacuate Collection Set: 0.8ms
[2021-02-03T10:21:30.743+0500][419.499s] GC(102)   Post Evacuate Collection Set: 0.7ms
[2021-02-03T10:21:30.743+0500][419.499s] GC(102)   Other: 25.7ms
[2021-02-03T10:21:30.743+0500][419.499s] GC(102) Eden regions: 303->0(303)
[2021-02-03T10:21:30.743+0500][419.499s] GC(102) Survivor regions: 4->4(39)
[2021-02-03T10:21:30.743+0500][419.499s] GC(102) Old regions: 62->62
[2021-02-03T10:21:30.743+0500][419.499s] GC(102) Archive regions: 2->2
[2021-02-03T10:21:30.743+0500][419.499s] GC(102) Humongous regions: 13->13
[2021-02-03T10:21:30.743+0500][419.499s] GC(102) Metaspace: 57116K(58112K)->57116K(58112K) NonClass: 50774K(51456K)->50774K(51456K) Class: 6341K(6656K)->6341K(6656K)
[2021-02-03T10:21:30.743+0500][419.500s] GC(102) Pause Young (Normal) (G1 Evacuation Pause) 381M->79M(512M) 27.796ms
[2021-02-03T10:21:30.743+0500][419.500s] GC(102) User=0.04s Sys=0.00s Real=0.03s
[2021-02-03T10:21:31.677+0500][420.433s] GC(103) Pause Young (Normal) (G1 Evacuation Pause)
[2021-02-03T10:21:31.683+0500][420.439s] GC(103) Using 13 workers of 13 for evacuation
[2021-02-03T10:21:31.684+0500][420.440s] GC(103)   Pre Evacuate Collection Set: 0.1ms
[2021-02-03T10:21:31.684+0500][420.441s] GC(103)   Merge Heap Roots: 0.1ms
[2021-02-03T10:21:31.684+0500][420.441s] GC(103)   Evacuate Collection Set: 0.6ms
[2021-02-03T10:21:31.684+0500][420.441s] GC(103)   Post Evacuate Collection Set: 0.9ms
[2021-02-03T10:21:31.684+0500][420.441s] GC(103)   Other: 5.6ms
[2021-02-03T10:21:31.684+0500][420.441s] GC(103) Eden regions: 303->0(305)
[2021-02-03T10:21:31.685+0500][420.441s] GC(103) Survivor regions: 4->2(39)
[2021-02-03T10:21:31.685+0500][420.441s] GC(103) Old regions: 62->62
[2021-02-03T10:21:31.685+0500][420.441s] GC(103) Archive regions: 2->2
[2021-02-03T10:21:31.685+0500][420.441s] GC(103) Humongous regions: 13->13
[2021-02-03T10:21:31.685+0500][420.441s] GC(103) Metaspace: 57119K(58112K)->57119K(58112K) NonClass: 50777K(51456K)->50777K(51456K) Class: 6341K(6656K)->6341K(6656K)
[2021-02-03T10:21:31.685+0500][420.441s] GC(103) Pause Young (Normal) (G1 Evacuation Pause) 382M->77M(512M) 7.388ms
[2021-02-03T10:21:31.685+0500][420.441s] GC(103) User=0.02s Sys=0.00s Real=0.01s
[2021-02-03T10:21:32.231+0500][420.987s] GC(104) Pause Young (Normal) (G1 Evacuation Pause)
[2021-02-03T10:21:32.241+0500][420.997s] GC(104) Using 13 workers of 13 for evacuation
[2021-02-03T10:21:32.243+0500][420.999s] GC(104)   Pre Evacuate Collection Set: 0.1ms
[2021-02-03T10:21:32.243+0500][420.999s] GC(104)   Merge Heap Roots: 0.1ms
[2021-02-03T10:21:32.243+0500][420.999s] GC(104)   Evacuate Collection Set: 0.7ms
[2021-02-03T10:21:32.243+0500][420.999s] GC(104)   Post Evacuate Collection Set: 0.5ms
[2021-02-03T10:21:32.243+0500][420.999s] GC(104)   Other: 10.7ms
[2021-02-03T10:21:32.243+0500][420.999s] GC(104) Eden regions: 305->0(305)
[2021-02-03T10:21:32.243+0500][420.999s] GC(104) Survivor regions: 2->2(39)
[2021-02-03T10:21:32.243+0500][420.999s] GC(104) Old regions: 62->62
[2021-02-03T10:21:32.243+0500][420.999s] GC(104) Archive regions: 2->2
[2021-02-03T10:21:32.243+0500][420.999s] GC(104) Humongous regions: 13->13
[2021-02-03T10:21:32.243+0500][420.999s] GC(104) Metaspace: 57119K(58112K)->57119K(58112K) NonClass: 50777K(51456K)->50777K(51456K) Class: 6341K(6656K)->6341K(6656K)
[2021-02-03T10:21:32.243+0500][420.999s] GC(104) Pause Young (Normal) (G1 Evacuation Pause) 382M->77M(512M) 12.190ms
[2021-02-03T10:21:32.243+0500][420.999s] GC(104) User=0.02s Sys=0.01s Real=0.01s
[2021-02-03T10:21:33.085+0500][421.841s] GC(105) Pause Young (Normal) (G1 Evacuation Pause)
[2021-02-03T10:21:33.089+0500][421.845s] GC(105) Using 13 workers of 13 for evacuation
[2021-02-03T10:21:33.091+0500][421.847s] GC(105)   Pre Evacuate Collection Set: 0.1ms
[2021-02-03T10:21:33.091+0500][421.847s] GC(105)   Merge Heap Roots: 0.1ms
[2021-02-03T10:21:33.091+0500][421.847s] GC(105)   Evacuate Collection Set: 0.8ms
[2021-02-03T10:21:33.091+0500][421.847s] GC(105)   Post Evacuate Collection Set: 0.3ms
[2021-02-03T10:21:33.091+0500][421.847s] GC(105)   Other: 4.4ms
[2021-02-03T10:21:33.091+0500][421.847s] GC(105) Eden regions: 305->0(302)
[2021-02-03T10:21:33.091+0500][421.847s] GC(105) Survivor regions: 2->5(39)
[2021-02-03T10:21:33.091+0500][421.847s] GC(105) Old regions: 62->63
[2021-02-03T10:21:33.091+0500][421.847s] GC(105) Archive regions: 2->2
[2021-02-03T10:21:33.091+0500][421.847s] GC(105) Humongous regions: 13->13
[2021-02-03T10:21:33.091+0500][421.847s] GC(105) Metaspace: 57141K(58112K)->57141K(58112K) NonClass: 50800K(51456K)->50800K(51456K) Class: 6341K(6656K)->6341K(6656K)
[2021-02-03T10:21:33.091+0500][421.847s] GC(105) Pause Young (Normal) (G1 Evacuation Pause) 382M->80M(512M) 5.778ms
[2021-02-03T10:21:33.091+0500][421.847s] GC(105) User=0.01s Sys=0.00s Real=0.01s
[2021-02-03T10:21:33.899+0500][422.655s] GC(106) Pause Young (Normal) (G1 Evacuation Pause)
[2021-02-03T10:21:33.922+0500][422.678s] GC(106) Using 13 workers of 13 for evacuation
[2021-02-03T10:21:33.923+0500][422.679s] GC(106)   Pre Evacuate Collection Set: 0.1ms
[2021-02-03T10:21:33.923+0500][422.679s] GC(106)   Merge Heap Roots: 0.1ms
[2021-02-03T10:21:33.923+0500][422.679s] GC(106)   Evacuate Collection Set: 0.7ms
[2021-02-03T10:21:33.923+0500][422.679s] GC(106)   Post Evacuate Collection Set: 0.6ms
[2021-02-03T10:21:33.923+0500][422.680s] GC(106)   Other: 22.6ms
[2021-02-03T10:21:33.923+0500][422.680s] GC(106) Eden regions: 302->0(304)
[2021-02-03T10:21:33.923+0500][422.680s] GC(106) Survivor regions: 5->3(39)
[2021-02-03T10:21:33.923+0500][422.680s] GC(106) Old regions: 63->63
[2021-02-03T10:21:33.923+0500][422.680s] GC(106) Archive regions: 2->2
[2021-02-03T10:21:33.923+0500][422.680s] GC(106) Humongous regions: 13->13
[2021-02-03T10:21:33.923+0500][422.680s] GC(106) Metaspace: 57149K(58112K)->57149K(58112K) NonClass: 50807K(51456K)->50807K(51456K) Class: 6341K(6656K)->6341K(6656K)
[2021-02-03T10:21:33.924+0500][422.680s] GC(106) Pause Young (Normal) (G1 Evacuation Pause) 382M->78M(512M) 24.378ms
[2021-02-03T10:21:33.924+0500][422.680s] GC(106) User=0.01s Sys=0.00s Real=0.03s
[2021-02-03T10:21:34.678+0500][423.434s] GC(107) Pause Young (Normal) (G1 Evacuation Pause)
[2021-02-03T10:21:34.692+0500][423.448s] GC(107) Using 13 workers of 13 for evacuation
[2021-02-03T10:21:34.694+0500][423.450s] GC(107)   Pre Evacuate Collection Set: 0.1ms
[2021-02-03T10:21:34.694+0500][423.450s] GC(107)   Merge Heap Roots: 0.1ms
[2021-02-03T10:21:34.694+0500][423.450s] GC(107)   Evacuate Collection Set: 0.8ms
[2021-02-03T10:21:34.694+0500][423.450s] GC(107)   Post Evacuate Collection Set: 0.6ms
[2021-02-03T10:21:34.694+0500][423.450s] GC(107)   Other: 14.9ms
[2021-02-03T10:21:34.694+0500][423.450s] GC(107) Eden regions: 304->0(305)
[2021-02-03T10:21:34.694+0500][423.450s] GC(107) Survivor regions: 3->2(39)
[2021-02-03T10:21:34.694+0500][423.450s] GC(107) Old regions: 63->63
[2021-02-03T10:21:34.694+0500][423.450s] GC(107) Archive regions: 2->2
[2021-02-03T10:21:34.694+0500][423.450s] GC(107) Humongous regions: 13->13
[2021-02-03T10:21:34.694+0500][423.450s] GC(107) Metaspace: 57149K(58112K)->57149K(58112K) NonClass: 50807K(51456K)->50807K(51456K) Class: 6341K(6656K)->6341K(6656K)
[2021-02-03T10:21:34.694+0500][423.450s] GC(107) Pause Young (Normal) (G1 Evacuation Pause) 382M->77M(512M) 16.741ms
[2021-02-03T10:21:34.694+0500][423.450s] GC(107) User=0.01s Sys=0.00s Real=0.02s
[2021-02-03T10:21:35.402+0500][424.158s] GC(108) Pause Young (Normal) (G1 Evacuation Pause)
[2021-02-03T10:21:35.416+0500][424.172s] GC(108) Using 13 workers of 13 for evacuation
[2021-02-03T10:21:35.417+0500][424.173s] GC(108)   Pre Evacuate Collection Set: 0.1ms
[2021-02-03T10:21:35.417+0500][424.173s] GC(108)   Merge Heap Roots: 0.1ms
[2021-02-03T10:21:35.417+0500][424.173s] GC(108)   Evacuate Collection Set: 0.6ms
[2021-02-03T10:21:35.417+0500][424.173s] GC(108)   Post Evacuate Collection Set: 0.5ms
[2021-02-03T10:21:35.417+0500][424.173s] GC(108)   Other: 13.8ms
[2021-02-03T10:21:35.417+0500][424.173s] GC(108) Eden regions: 305->0(305)
[2021-02-03T10:21:35.417+0500][424.173s] GC(108) Survivor regions: 2->2(39)
[2021-02-03T10:21:35.417+0500][424.173s] GC(108) Old regions: 63->63
[2021-02-03T10:21:35.417+0500][424.173s] GC(108) Archive regions: 2->2
[2021-02-03T10:21:35.417+0500][424.173s] GC(108) Humongous regions: 13->13
[2021-02-03T10:21:35.417+0500][424.173s] GC(108) Metaspace: 57170K(58112K)->57170K(58112K) NonClass: 50829K(51456K)->50829K(51456K) Class: 6341K(6656K)->6341K(6656K)
[2021-02-03T10:21:35.417+0500][424.173s] GC(108) Pause Young (Normal) (G1 Evacuation Pause) 382M->78M(512M) 15.300ms
[2021-02-03T10:21:35.417+0500][424.173s] GC(108) User=0.01s Sys=0.00s Real=0.01s
[2021-02-03T10:21:36.039+0500][424.795s] GC(109) Pause Young (Normal) (G1 Evacuation Pause)
[2021-02-03T10:21:36.052+0500][424.808s] GC(109) Using 13 workers of 13 for evacuation
[2021-02-03T10:21:36.054+0500][424.810s] GC(109)   Pre Evacuate Collection Set: 0.3ms
[2021-02-03T10:21:36.054+0500][424.810s] GC(109)   Merge Heap Roots: 0.2ms
[2021-02-03T10:21:36.054+0500][424.810s] GC(109)   Evacuate Collection Set: 1.1ms
[2021-02-03T10:21:36.054+0500][424.810s] GC(109)   Post Evacuate Collection Set: 0.7ms
[2021-02-03T10:21:36.054+0500][424.810s] GC(109)   Other: 12.5ms
[2021-02-03T10:21:36.054+0500][424.810s] GC(109) Eden regions: 305->0(302)
[2021-02-03T10:21:36.054+0500][424.810s] GC(109) Survivor regions: 2->5(39)
[2021-02-03T10:21:36.054+0500][424.810s] GC(109) Old regions: 63->63
[2021-02-03T10:21:36.054+0500][424.810s] GC(109) Archive regions: 2->2
[2021-02-03T10:21:36.054+0500][424.810s] GC(109) Humongous regions: 13->13
[2021-02-03T10:21:36.054+0500][424.810s] GC(109) Metaspace: 57172K(58112K)->57172K(58112K) NonClass: 50830K(51456K)->50830K(51456K) Class: 6341K(6656K)->6341K(6656K)
[2021-02-03T10:21:36.054+0500][424.810s] GC(109) Pause Young (Normal) (G1 Evacuation Pause) 383M->80M(512M) 14.816ms
[2021-02-03T10:21:36.054+0500][424.810s] GC(109) User=0.02s Sys=0.01s Real=0.02s
[2021-02-03T10:21:36.847+0500][425.603s] GC(110) Pause Young (Normal) (G1 Evacuation Pause)
[2021-02-03T10:21:36.847+0500][425.603s] GC(110) Using 13 workers of 13 for evacuation
[2021-02-03T10:21:36.849+0500][425.605s] GC(110)   Pre Evacuate Collection Set: 0.1ms
[2021-02-03T10:21:36.849+0500][425.605s] GC(110)   Merge Heap Roots: 0.1ms
[2021-02-03T10:21:36.849+0500][425.605s] GC(110)   Evacuate Collection Set: 0.7ms
[2021-02-03T10:21:36.849+0500][425.605s] GC(110)   Post Evacuate Collection Set: 0.9ms
[2021-02-03T10:21:36.849+0500][425.605s] GC(110)   Other: 0.1ms
[2021-02-03T10:21:36.849+0500][425.605s] GC(110) Eden regions: 302->0(305)
[2021-02-03T10:21:36.849+0500][425.605s] GC(110) Survivor regions: 5->2(39)
[2021-02-03T10:21:36.849+0500][425.605s] GC(110) Old regions: 63->63
[2021-02-03T10:21:36.849+0500][425.605s] GC(110) Archive regions: 2->2
[2021-02-03T10:21:36.849+0500][425.605s] GC(110) Humongous regions: 13->13
[2021-02-03T10:21:36.849+0500][425.605s] GC(110) Metaspace: 57178K(58112K)->57178K(58112K) NonClass: 50836K(51456K)->50836K(51456K) Class: 6342K(6656K)->6342K(6656K)
[2021-02-03T10:21:36.849+0500][425.605s] GC(110) Pause Young (Normal) (G1 Evacuation Pause) 382M->78M(512M) 1.981ms
[2021-02-03T10:21:36.849+0500][425.605s] GC(110) User=0.01s Sys=0.00s Real=0.00s
[2021-02-03T10:21:37.537+0500][426.293s] GC(111) Pause Young (Normal) (G1 Evacuation Pause)
[2021-02-03T10:21:37.537+0500][426.293s] GC(111) Using 13 workers of 13 for evacuation
[2021-02-03T10:21:37.539+0500][426.295s] GC(111)   Pre Evacuate Collection Set: 0.1ms
[2021-02-03T10:21:37.539+0500][426.295s] GC(111)   Merge Heap Roots: 0.1ms
[2021-02-03T10:21:37.539+0500][426.295s] GC(111)   Evacuate Collection Set: 0.7ms
[2021-02-03T10:21:37.539+0500][426.295s] GC(111)   Post Evacuate Collection Set: 0.4ms
[2021-02-03T10:21:37.539+0500][426.295s] GC(111)   Other: 0.1ms
[2021-02-03T10:21:37.539+0500][426.295s] GC(111) Eden regions: 305->0(303)
[2021-02-03T10:21:37.539+0500][426.295s] GC(111) Survivor regions: 2->4(39)
[2021-02-03T10:21:37.539+0500][426.295s] GC(111) Old regions: 63->63
[2021-02-03T10:21:37.539+0500][426.295s] GC(111) Archive regions: 2->2
[2021-02-03T10:21:37.539+0500][426.295s] GC(111) Humongous regions: 13->13
[2021-02-03T10:21:37.539+0500][426.295s] GC(111) Metaspace: 57180K(58112K)->57180K(58112K) NonClass: 50838K(51456K)->50838K(51456K) Class: 6342K(6656K)->6342K(6656K)
[2021-02-03T10:21:37.539+0500][426.295s] GC(111) Pause Young (Normal) (G1 Evacuation Pause) 383M->80M(512M) 1.512ms
[2021-02-03T10:21:37.539+0500][426.295s] GC(111) User=0.01s Sys=0.00s Real=0.00s
[2021-02-03T10:21:38.290+0500][427.046s] GC(112) Pause Young (Normal) (G1 Evacuation Pause)
[2021-02-03T10:21:38.290+0500][427.046s] GC(112) Using 13 workers of 13 for evacuation
[2021-02-03T10:21:38.292+0500][427.048s] GC(112)   Pre Evacuate Collection Set: 0.1ms
[2021-02-03T10:21:38.292+0500][427.048s] GC(112)   Merge Heap Roots: 0.1ms
[2021-02-03T10:21:38.292+0500][427.048s] GC(112)   Evacuate Collection Set: 1.0ms
[2021-02-03T10:21:38.292+0500][427.048s] GC(112)   Post Evacuate Collection Set: 0.7ms
[2021-02-03T10:21:38.292+0500][427.048s] GC(112)   Other: 0.2ms
[2021-02-03T10:21:38.292+0500][427.048s] GC(112) Eden regions: 303->0(303)
[2021-02-03T10:21:38.292+0500][427.048s] GC(112) Survivor regions: 4->4(39)
[2021-02-03T10:21:38.292+0500][427.048s] GC(112) Old regions: 63->63
[2021-02-03T10:21:38.292+0500][427.048s] GC(112) Archive regions: 2->2
[2021-02-03T10:21:38.292+0500][427.048s] GC(112) Humongous regions: 13->13
[2021-02-03T10:21:38.292+0500][427.048s] GC(112) Metaspace: 57180K(58112K)->57180K(58112K) NonClass: 50838K(51456K)->50838K(51456K) Class: 6342K(6656K)->6342K(6656K)
[2021-02-03T10:21:38.292+0500][427.048s] GC(112) Pause Young (Normal) (G1 Evacuation Pause) 383M->80M(512M) 2.169ms
[2021-02-03T10:21:38.292+0500][427.048s] GC(112) User=0.01s Sys=0.00s Real=0.00s
[2021-02-03T10:21:38.873+0500][427.629s] GC(113) Pause Young (Normal) (G1 Evacuation Pause)
[2021-02-03T10:21:38.873+0500][427.629s] GC(113) Using 13 workers of 13 for evacuation
[2021-02-03T10:21:38.874+0500][427.630s] GC(113)   Pre Evacuate Collection Set: 0.1ms
[2021-02-03T10:21:38.874+0500][427.630s] GC(113)   Merge Heap Roots: 0.1ms
[2021-02-03T10:21:38.874+0500][427.630s] GC(113)   Evacuate Collection Set: 0.7ms
[2021-02-03T10:21:38.874+0500][427.630s] GC(113)   Post Evacuate Collection Set: 0.4ms
[2021-02-03T10:21:38.874+0500][427.630s] GC(113)   Other: 0.1ms
[2021-02-03T10:21:38.874+0500][427.630s] GC(113) Eden regions: 303->0(302)
[2021-02-03T10:21:38.874+0500][427.630s] GC(113) Survivor regions: 4->5(39)
[2021-02-03T10:21:38.874+0500][427.630s] GC(113) Old regions: 63->63
[2021-02-03T10:21:38.874+0500][427.631s] GC(113) Archive regions: 2->2
[2021-02-03T10:21:38.874+0500][427.631s] GC(113) Humongous regions: 13->13
[2021-02-03T10:21:38.874+0500][427.631s] GC(113) Metaspace: 57180K(58112K)->57180K(58112K) NonClass: 50838K(51456K)->50838K(51456K) Class: 6342K(6656K)->6342K(6656K)
[2021-02-03T10:21:38.874+0500][427.631s] GC(113) Pause Young (Normal) (G1 Evacuation Pause) 383M->81M(512M) 1.451ms
[2021-02-03T10:21:38.874+0500][427.631s] GC(113) User=0.01s Sys=0.01s Real=0.00s
[2021-02-03T10:21:39.405+0500][428.161s] GC(114) Pause Young (Normal) (G1 Evacuation Pause)
[2021-02-03T10:21:39.405+0500][428.161s] GC(114) Using 13 workers of 13 for evacuation
[2021-02-03T10:21:39.408+0500][428.164s] GC(114)   Pre Evacuate Collection Set: 0.1ms
[2021-02-03T10:21:39.408+0500][428.164s] GC(114)   Merge Heap Roots: 0.1ms
[2021-02-03T10:21:39.408+0500][428.164s] GC(114)   Evacuate Collection Set: 1.2ms
[2021-02-03T10:21:39.408+0500][428.164s] GC(114)   Post Evacuate Collection Set: 1.0ms
[2021-02-03T10:21:39.408+0500][428.164s] GC(114)   Other: 0.2ms
[2021-02-03T10:21:39.408+0500][428.164s] GC(114) Eden regions: 302->0(299)
[2021-02-03T10:21:39.408+0500][428.164s] GC(114) Survivor regions: 5->8(39)
[2021-02-03T10:21:39.408+0500][428.164s] GC(114) Old regions: 63->63
[2021-02-03T10:21:39.408+0500][428.164s] GC(114) Archive regions: 2->2
[2021-02-03T10:21:39.408+0500][428.164s] GC(114) Humongous regions: 18->14
[2021-02-03T10:21:39.408+0500][428.164s] GC(114) Metaspace: 57184K(58112K)->57184K(58112K) NonClass: 50841K(51456K)->50841K(51456K) Class: 6342K(6656K)->6342K(6656K)
[2021-02-03T10:21:39.408+0500][428.164s] GC(114) Pause Young (Normal) (G1 Evacuation Pause) 388M->84M(512M) 2.738ms
[2021-02-03T10:21:39.408+0500][428.164s] GC(114) User=0.01s Sys=0.00s Real=0.00s
[2021-02-03T10:21:39.996+0500][428.752s] GC(115) Pause Young (Normal) (G1 Evacuation Pause)
[2021-02-03T10:21:39.996+0500][428.752s] GC(115) Using 13 workers of 13 for evacuation
[2021-02-03T10:21:39.998+0500][428.754s] GC(115)   Pre Evacuate Collection Set: 0.2ms
[2021-02-03T10:21:39.998+0500][428.754s] GC(115)   Merge Heap Roots: 0.1ms
[2021-02-03T10:21:39.998+0500][428.754s] GC(115)   Evacuate Collection Set: 1.3ms
[2021-02-03T10:21:39.998+0500][428.754s] GC(115)   Post Evacuate Collection Set: 0.6ms
[2021-02-03T10:21:39.998+0500][428.754s] GC(115)   Other: 0.2ms
[2021-02-03T10:21:39.998+0500][428.754s] GC(115) Eden regions: 299->0(298)
[2021-02-03T10:21:39.998+0500][428.754s] GC(115) Survivor regions: 8->9(39)
[2021-02-03T10:21:39.998+0500][428.754s] GC(115) Old regions: 63->63
[2021-02-03T10:21:39.998+0500][428.754s] GC(115) Archive regions: 2->2
[2021-02-03T10:21:39.998+0500][428.754s] GC(115) Humongous regions: 14->13
[2021-02-03T10:21:39.998+0500][428.754s] GC(115) Metaspace: 57188K(58368K)->57188K(58368K) NonClass: 50845K(51712K)->50845K(51712K) Class: 6342K(6656K)->6342K(6656K)
[2021-02-03T10:21:39.998+0500][428.754s] GC(115) Pause Young (Normal) (G1 Evacuation Pause) 383M->84M(512M) 2.456ms
[2021-02-03T10:21:39.998+0500][428.754s] GC(115) User=0.02s Sys=0.00s Real=0.00s
[2021-02-03T10:21:40.677+0500][429.433s] GC(116) Pause Young (Normal) (G1 Evacuation Pause)
[2021-02-03T10:21:40.677+0500][429.433s] GC(116) Using 13 workers of 13 for evacuation
[2021-02-03T10:21:40.679+0500][429.435s] GC(116)   Pre Evacuate Collection Set: 0.1ms
[2021-02-03T10:21:40.679+0500][429.435s] GC(116)   Merge Heap Roots: 0.1ms
[2021-02-03T10:21:40.679+0500][429.435s] GC(116)   Evacuate Collection Set: 1.3ms
[2021-02-03T10:21:40.679+0500][429.435s] GC(116)   Post Evacuate Collection Set: 0.6ms
[2021-02-03T10:21:40.679+0500][429.435s] GC(116)   Other: 0.2ms
[2021-02-03T10:21:40.679+0500][429.435s] GC(116) Eden regions: 298->0(298)
[2021-02-03T10:21:40.679+0500][429.435s] GC(116) Survivor regions: 9->9(39)
[2021-02-03T10:21:40.679+0500][429.435s] GC(116) Old regions: 63->64
[2021-02-03T10:21:40.679+0500][429.435s] GC(116) Archive regions: 2->2
[2021-02-03T10:21:40.679+0500][429.435s] GC(116) Humongous regions: 13->13
[2021-02-03T10:21:40.679+0500][429.435s] GC(116) Metaspace: 57189K(58368K)->57189K(58368K) NonClass: 50846K(51712K)->50846K(51712K) Class: 6342K(6656K)->6342K(6656K)
[2021-02-03T10:21:40.679+0500][429.435s] GC(116) Pause Young (Normal) (G1 Evacuation Pause) 382M->85M(512M) 2.314ms
[2021-02-03T10:21:40.679+0500][429.435s] GC(116) User=0.02s Sys=0.01s Real=0.00s
[2021-02-03T10:21:41.265+0500][430.021s] GC(117) Pause Young (Normal) (G1 Evacuation Pause)
[2021-02-03T10:21:41.265+0500][430.021s] GC(117) Using 13 workers of 13 for evacuation
[2021-02-03T10:21:41.267+0500][430.023s] GC(117)   Pre Evacuate Collection Set: 0.1ms
[2021-02-03T10:21:41.267+0500][430.023s] GC(117)   Merge Heap Roots: 0.1ms
[2021-02-03T10:21:41.267+0500][430.023s] GC(117)   Evacuate Collection Set: 1.5ms
[2021-02-03T10:21:41.267+0500][430.023s] GC(117)   Post Evacuate Collection Set: 0.5ms
[2021-02-03T10:21:41.267+0500][430.023s] GC(117)   Other: 0.2ms
[2021-02-03T10:21:41.267+0500][430.023s] GC(117) Eden regions: 298->0(296)
[2021-02-03T10:21:41.267+0500][430.023s] GC(117) Survivor regions: 9->11(39)
[2021-02-03T10:21:41.267+0500][430.023s] GC(117) Old regions: 64->64
[2021-02-03T10:21:41.267+0500][430.023s] GC(117) Archive regions: 2->2
[2021-02-03T10:21:41.267+0500][430.023s] GC(117) Humongous regions: 14->13
[2021-02-03T10:21:41.267+0500][430.023s] GC(117) Metaspace: 57189K(58368K)->57189K(58368K) NonClass: 50846K(51712K)->50846K(51712K) Class: 6342K(6656K)->6342K(6656K)
[2021-02-03T10:21:41.267+0500][430.023s] GC(117) Pause Young (Normal) (G1 Evacuation Pause) 384M->87M(512M) 2.410ms
[2021-02-03T10:21:41.267+0500][430.023s] GC(117) User=0.01s Sys=0.00s Real=0.00s
[2021-02-03T10:21:41.928+0500][430.684s] GC(118) Pause Young (Normal) (G1 Evacuation Pause)
[2021-02-03T10:21:41.928+0500][430.684s] GC(118) Using 13 workers of 13 for evacuation
[2021-02-03T10:21:41.930+0500][430.686s] GC(118)   Pre Evacuate Collection Set: 0.1ms
[2021-02-03T10:21:41.930+0500][430.686s] GC(118)   Merge Heap Roots: 0.1ms
[2021-02-03T10:21:41.930+0500][430.686s] GC(118)   Evacuate Collection Set: 0.9ms
[2021-02-03T10:21:41.930+0500][430.686s] GC(118)   Post Evacuate Collection Set: 0.4ms
[2021-02-03T10:21:41.930+0500][430.686s] GC(118)   Other: 0.1ms
[2021-02-03T10:21:41.930+0500][430.686s] GC(118) Eden regions: 296->0(300)
[2021-02-03T10:21:41.930+0500][430.686s] GC(118) Survivor regions: 11->7(39)
[2021-02-03T10:21:41.930+0500][430.686s] GC(118) Old regions: 64->64
[2021-02-03T10:21:41.930+0500][430.686s] GC(118) Archive regions: 2->2
[2021-02-03T10:21:41.930+0500][430.686s] GC(118) Humongous regions: 13->13
[2021-02-03T10:21:41.930+0500][430.686s] GC(118) Metaspace: 57196K(58368K)->57196K(58368K) NonClass: 50852K(51712K)->50852K(51712K) Class: 6343K(6656K)->6343K(6656K)
[2021-02-03T10:21:41.930+0500][430.686s] GC(118) Pause Young (Normal) (G1 Evacuation Pause) 383M->83M(512M) 1.697ms
[2021-02-03T10:21:41.930+0500][430.686s] GC(118) User=0.01s Sys=0.00s Real=0.01s
[2021-02-03T10:21:42.521+0500][431.277s] GC(119) Pause Young (Normal) (G1 Evacuation Pause)
[2021-02-03T10:21:42.521+0500][431.277s] GC(119) Using 13 workers of 13 for evacuation
[2021-02-03T10:21:42.524+0500][431.280s] GC(119)   Pre Evacuate Collection Set: 0.1ms
[2021-02-03T10:21:42.524+0500][431.280s] GC(119)   Merge Heap Roots: 0.1ms
[2021-02-03T10:21:42.524+0500][431.280s] GC(119)   Evacuate Collection Set: 1.6ms
[2021-02-03T10:21:42.524+0500][431.280s] GC(119)   Post Evacuate Collection Set: 0.8ms
[2021-02-03T10:21:42.524+0500][431.280s] GC(119)   Other: 0.2ms
[2021-02-03T10:21:42.524+0500][431.280s] GC(119) Eden regions: 300->0(297)
[2021-02-03T10:21:42.524+0500][431.280s] GC(119) Survivor regions: 7->10(39)
[2021-02-03T10:21:42.524+0500][431.280s] GC(119) Old regions: 64->64
[2021-02-03T10:21:42.524+0500][431.280s] GC(119) Archive regions: 2->2
[2021-02-03T10:21:42.524+0500][431.280s] GC(119) Humongous regions: 13->13
[2021-02-03T10:21:42.524+0500][431.280s] GC(119) Metaspace: 57196K(58368K)->57196K(58368K) NonClass: 50852K(51712K)->50852K(51712K) Class: 6343K(6656K)->6343K(6656K)
[2021-02-03T10:21:42.524+0500][431.280s] GC(119) Pause Young (Normal) (G1 Evacuation Pause) 383M->86M(512M) 2.886ms
[2021-02-03T10:21:42.524+0500][431.280s] GC(119) User=0.02s Sys=0.00s Real=0.00s
[2021-02-03T10:21:43.267+0500][432.023s] GC(120) Pause Young (Normal) (G1 Evacuation Pause)
[2021-02-03T10:21:43.267+0500][432.023s] GC(120) Using 13 workers of 13 for evacuation
[2021-02-03T10:21:43.270+0500][432.026s] GC(120)   Pre Evacuate Collection Set: 0.1ms
[2021-02-03T10:21:43.270+0500][432.026s] GC(120)   Merge Heap Roots: 0.1ms
[2021-02-03T10:21:43.270+0500][432.026s] GC(120)   Evacuate Collection Set: 1.5ms
[2021-02-03T10:21:43.270+0500][432.026s] GC(120)   Post Evacuate Collection Set: 0.7ms
[2021-02-03T10:21:43.270+0500][432.026s] GC(120)   Other: 0.2ms
[2021-02-03T10:21:43.270+0500][432.026s] GC(120) Eden regions: 297->0(296)
[2021-02-03T10:21:43.270+0500][432.026s] GC(120) Survivor regions: 10->11(39)
[2021-02-03T10:21:43.270+0500][432.026s] GC(120) Old regions: 64->64
[2021-02-03T10:21:43.270+0500][432.026s] GC(120) Archive regions: 2->2
[2021-02-03T10:21:43.270+0500][432.026s] GC(120) Humongous regions: 13->13
[2021-02-03T10:21:43.270+0500][432.026s] GC(120) Metaspace: 57196K(58368K)->57196K(58368K) NonClass: 50852K(51712K)->50852K(51712K) Class: 6343K(6656K)->6343K(6656K)
[2021-02-03T10:21:43.270+0500][432.026s] GC(120) Pause Young (Normal) (G1 Evacuation Pause) 383M->87M(512M) 2.836ms
[2021-02-03T10:21:43.270+0500][432.026s] GC(120) User=0.02s Sys=0.00s Real=0.01s
[2021-02-03T10:21:43.831+0500][432.587s] GC(121) Pause Young (Normal) (G1 Evacuation Pause)
[2021-02-03T10:21:43.843+0500][432.599s] GC(121) Using 13 workers of 13 for evacuation
[2021-02-03T10:21:43.845+0500][432.601s] GC(121)   Pre Evacuate Collection Set: 0.1ms
[2021-02-03T10:21:43.845+0500][432.601s] GC(121)   Merge Heap Roots: 0.1ms
[2021-02-03T10:21:43.845+0500][432.601s] GC(121)   Evacuate Collection Set: 1.1ms
[2021-02-03T10:21:43.845+0500][432.601s] GC(121)   Post Evacuate Collection Set: 0.5ms
[2021-02-03T10:21:43.845+0500][432.601s] GC(121)   Other: 11.8ms
[2021-02-03T10:21:43.845+0500][432.601s] GC(121) Eden regions: 296->0(300)
[2021-02-03T10:21:43.845+0500][432.601s] GC(121) Survivor regions: 11->7(39)
[2021-02-03T10:21:43.845+0500][432.601s] GC(121) Old regions: 64->64
[2021-02-03T10:21:43.845+0500][432.601s] GC(121) Archive regions: 2->2
[2021-02-03T10:21:43.845+0500][432.601s] GC(121) Humongous regions: 14->13
[2021-02-03T10:21:43.845+0500][432.601s] GC(121) Metaspace: 57196K(58368K)->57196K(58368K) NonClass: 50852K(51712K)->50852K(51712K) Class: 6343K(6656K)->6343K(6656K)
[2021-02-03T10:21:43.845+0500][432.601s] GC(121) Pause Young (Normal) (G1 Evacuation Pause) 384M->84M(512M) 13.735ms
[2021-02-03T10:21:43.845+0500][432.601s] GC(121) User=0.01s Sys=0.00s Real=0.01s
[2021-02-03T10:21:44.482+0500][433.238s] GC(122) Pause Young (Normal) (G1 Evacuation Pause)
[2021-02-03T10:21:44.482+0500][433.238s] GC(122) Using 13 workers of 13 for evacuation
[2021-02-03T10:21:44.484+0500][433.240s] GC(122)   Pre Evacuate Collection Set: 0.1ms
[2021-02-03T10:21:44.484+0500][433.240s] GC(122)   Merge Heap Roots: 0.1ms
[2021-02-03T10:21:44.484+0500][433.240s] GC(122)   Evacuate Collection Set: 1.0ms
[2021-02-03T10:21:44.484+0500][433.240s] GC(122)   Post Evacuate Collection Set: 0.9ms
[2021-02-03T10:21:44.484+0500][433.240s] GC(122)   Other: 0.2ms
[2021-02-03T10:21:44.484+0500][433.240s] GC(122) Eden regions: 300->0(301)
[2021-02-03T10:21:44.484+0500][433.240s] GC(122) Survivor regions: 7->6(39)
[2021-02-03T10:21:44.484+0500][433.240s] GC(122) Old regions: 64->64
[2021-02-03T10:21:44.484+0500][433.240s] GC(122) Archive regions: 2->2
[2021-02-03T10:21:44.484+0500][433.240s] GC(122) Humongous regions: 13->13
[2021-02-03T10:21:44.484+0500][433.240s] GC(122) Metaspace: 57196K(58368K)->57196K(58368K) NonClass: 50852K(51712K)->50852K(51712K) Class: 6343K(6656K)->6343K(6656K)
[2021-02-03T10:21:44.484+0500][433.240s] GC(122) Pause Young (Normal) (G1 Evacuation Pause) 384M->82M(512M) 2.330ms
[2021-02-03T10:21:44.484+0500][433.240s] GC(122) User=0.01s Sys=0.00s Real=0.00s
[2021-02-03T10:21:45.064+0500][433.820s] GC(123) Pause Young (Normal) (G1 Evacuation Pause)
[2021-02-03T10:21:45.064+0500][433.820s] GC(123) Using 13 workers of 13 for evacuation
[2021-02-03T10:21:45.066+0500][433.822s] GC(123)   Pre Evacuate Collection Set: 0.1ms
[2021-02-03T10:21:45.066+0500][433.822s] GC(123)   Merge Heap Roots: 0.1ms
[2021-02-03T10:21:45.066+0500][433.822s] GC(123)   Evacuate Collection Set: 1.3ms
[2021-02-03T10:21:45.066+0500][433.822s] GC(123)   Post Evacuate Collection Set: 0.5ms
[2021-02-03T10:21:45.066+0500][433.822s] GC(123)   Other: 0.2ms
[2021-02-03T10:21:45.066+0500][433.822s] GC(123) Eden regions: 301->0(297)
[2021-02-03T10:21:45.066+0500][433.822s] GC(123) Survivor regions: 6->10(39)
[2021-02-03T10:21:45.066+0500][433.822s] GC(123) Old regions: 64->64
[2021-02-03T10:21:45.066+0500][433.822s] GC(123) Archive regions: 2->2
[2021-02-03T10:21:45.066+0500][433.822s] GC(123) Humongous regions: 13->13
[2021-02-03T10:21:45.066+0500][433.822s] GC(123) Metaspace: 57196K(58368K)->57196K(58368K) NonClass: 50852K(51712K)->50852K(51712K) Class: 6343K(6656K)->6343K(6656K)
[2021-02-03T10:21:45.066+0500][433.822s] GC(123) Pause Young (Normal) (G1 Evacuation Pause) 383M->86M(512M) 2.404ms
[2021-02-03T10:21:45.066+0500][433.822s] GC(123) User=0.01s Sys=0.01s Real=0.00s
[2021-02-03T10:21:45.683+0500][434.439s] GC(124) Pause Young (Normal) (G1 Evacuation Pause)
[2021-02-03T10:21:45.683+0500][434.439s] GC(124) Using 13 workers of 13 for evacuation
[2021-02-03T10:21:45.686+0500][434.442s] GC(124)   Pre Evacuate Collection Set: 0.1ms
[2021-02-03T10:21:45.686+0500][434.442s] GC(124)   Merge Heap Roots: 0.1ms
[2021-02-03T10:21:45.686+0500][434.442s] GC(124)   Evacuate Collection Set: 1.5ms
[2021-02-03T10:21:45.686+0500][434.442s] GC(124)   Post Evacuate Collection Set: 0.7ms
[2021-02-03T10:21:45.686+0500][434.442s] GC(124)   Other: 0.2ms
[2021-02-03T10:21:45.686+0500][434.442s] GC(124) Eden regions: 297->0(297)
[2021-02-03T10:21:45.686+0500][434.442s] GC(124) Survivor regions: 10->10(39)
[2021-02-03T10:21:45.686+0500][434.442s] GC(124) Old regions: 64->64
[2021-02-03T10:21:45.686+0500][434.442s] GC(124) Archive regions: 2->2
[2021-02-03T10:21:45.686+0500][434.442s] GC(124) Humongous regions: 13->13
[2021-02-03T10:21:45.686+0500][434.442s] GC(124) Metaspace: 57196K(58368K)->57196K(58368K) NonClass: 50852K(51712K)->50852K(51712K) Class: 6343K(6656K)->6343K(6656K)
[2021-02-03T10:21:45.686+0500][434.442s] GC(124) Pause Young (Normal) (G1 Evacuation Pause) 383M->86M(512M) 2.838ms
[2021-02-03T10:21:45.686+0500][434.442s] GC(124) User=0.01s Sys=0.00s Real=0.00s
[2021-02-03T10:21:46.302+0500][435.058s] GC(125) Pause Young (Normal) (G1 Evacuation Pause)
[2021-02-03T10:21:46.302+0500][435.058s] GC(125) Using 13 workers of 13 for evacuation
[2021-02-03T10:21:46.304+0500][435.060s] GC(125)   Pre Evacuate Collection Set: 0.1ms
[2021-02-03T10:21:46.304+0500][435.061s] GC(125)   Merge Heap Roots: 0.1ms
[2021-02-03T10:21:46.304+0500][435.061s] GC(125)   Evacuate Collection Set: 1.7ms
[2021-02-03T10:21:46.304+0500][435.061s] GC(125)   Post Evacuate Collection Set: 0.6ms
[2021-02-03T10:21:46.304+0500][435.061s] GC(125)   Other: 0.1ms
[2021-02-03T10:21:46.304+0500][435.061s] GC(125) Eden regions: 297->0(296)
[2021-02-03T10:21:46.304+0500][435.061s] GC(125) Survivor regions: 10->11(39)
[2021-02-03T10:21:46.304+0500][435.061s] GC(125) Old regions: 64->64
[2021-02-03T10:21:46.304+0500][435.061s] GC(125) Archive regions: 2->2
[2021-02-03T10:21:46.304+0500][435.061s] GC(125) Humongous regions: 14->13
[2021-02-03T10:21:46.304+0500][435.061s] GC(125) Metaspace: 57196K(58368K)->57196K(58368K) NonClass: 50853K(51712K)->50853K(51712K) Class: 6343K(6656K)->6343K(6656K)
[2021-02-03T10:21:46.305+0500][435.061s] GC(125) Pause Young (Normal) (G1 Evacuation Pause) 384M->88M(512M) 3.019ms
[2021-02-03T10:21:46.305+0500][435.061s] GC(125) User=0.02s Sys=0.00s Real=0.00s
[2021-02-03T10:21:46.852+0500][435.608s] GC(126) Pause Young (Normal) (G1 Evacuation Pause)
[2021-02-03T10:21:46.852+0500][435.608s] GC(126) Using 13 workers of 13 for evacuation
[2021-02-03T10:21:46.854+0500][435.611s] GC(126)   Pre Evacuate Collection Set: 0.2ms
[2021-02-03T10:21:46.854+0500][435.611s] GC(126)   Merge Heap Roots: 0.1ms
[2021-02-03T10:21:46.854+0500][435.611s] GC(126)   Evacuate Collection Set: 1.2ms
[2021-02-03T10:21:46.854+0500][435.611s] GC(126)   Post Evacuate Collection Set: 1.0ms
[2021-02-03T10:21:46.854+0500][435.611s] GC(126)   Other: 0.2ms
[2021-02-03T10:21:46.854+0500][435.611s] GC(126) Eden regions: 296->0(300)
[2021-02-03T10:21:46.854+0500][435.611s] GC(126) Survivor regions: 11->7(39)
[2021-02-03T10:21:46.854+0500][435.611s] GC(126) Old regions: 64->64
[2021-02-03T10:21:46.855+0500][435.611s] GC(126) Archive regions: 2->2
[2021-02-03T10:21:46.855+0500][435.611s] GC(126) Humongous regions: 13->13
[2021-02-03T10:21:46.855+0500][435.611s] GC(126) Metaspace: 57202K(58368K)->57202K(58368K) NonClass: 50859K(51712K)->50859K(51712K) Class: 6343K(6656K)->6343K(6656K)
[2021-02-03T10:21:46.855+0500][435.611s] GC(126) Pause Young (Normal) (G1 Evacuation Pause) 384M->84M(512M) 2.877ms
[2021-02-03T10:21:46.855+0500][435.611s] GC(126) User=0.01s Sys=0.01s Real=0.00s
[2021-02-03T10:21:47.486+0500][436.243s] GC(127) Pause Young (Normal) (G1 Evacuation Pause)
[2021-02-03T10:21:47.486+0500][436.243s] GC(127) Using 13 workers of 13 for evacuation
[2021-02-03T10:21:47.489+0500][436.245s] GC(127)   Pre Evacuate Collection Set: 0.1ms
[2021-02-03T10:21:47.489+0500][436.245s] GC(127)   Merge Heap Roots: 0.1ms
[2021-02-03T10:21:47.489+0500][436.245s] GC(127)   Evacuate Collection Set: 1.9ms
[2021-02-03T10:21:47.489+0500][436.245s] GC(127)   Post Evacuate Collection Set: 0.6ms
[2021-02-03T10:21:47.489+0500][436.246s] GC(127)   Other: 0.3ms
[2021-02-03T10:21:47.489+0500][436.246s] GC(127) Eden regions: 300->0(297)
[2021-02-03T10:21:47.489+0500][436.246s] GC(127) Survivor regions: 7->10(39)
[2021-02-03T10:21:47.489+0500][436.246s] GC(127) Old regions: 64->64
[2021-02-03T10:21:47.489+0500][436.246s] GC(127) Archive regions: 2->2
[2021-02-03T10:21:47.489+0500][436.246s] GC(127) Humongous regions: 13->13
[2021-02-03T10:21:47.489+0500][436.246s] GC(127) Metaspace: 57203K(58368K)->57203K(58368K) NonClass: 50859K(51712K)->50859K(51712K) Class: 6343K(6656K)->6343K(6656K)
[2021-02-03T10:21:47.489+0500][436.246s] GC(127) Pause Young (Normal) (G1 Evacuation Pause) 384M->87M(512M) 3.017ms
[2021-02-03T10:21:47.489+0500][436.246s] GC(127) User=0.02s Sys=0.00s Real=0.00s
[2021-02-03T10:21:48.064+0500][436.820s] GC(128) Pause Young (Normal) (G1 Evacuation Pause)
[2021-02-03T10:21:48.064+0500][436.821s] GC(128) Using 13 workers of 13 for evacuation
[2021-02-03T10:21:48.067+0500][436.823s] GC(128)   Pre Evacuate Collection Set: 0.1ms
[2021-02-03T10:21:48.067+0500][436.823s] GC(128)   Merge Heap Roots: 0.1ms
[2021-02-03T10:21:48.067+0500][436.823s] GC(128)   Evacuate Collection Set: 1.4ms
[2021-02-03T10:21:48.067+0500][436.823s] GC(128)   Post Evacuate Collection Set: 0.6ms
[2021-02-03T10:21:48.067+0500][436.823s] GC(128)   Other: 0.2ms
[2021-02-03T10:21:48.067+0500][436.823s] GC(128) Eden regions: 297->0(297)
[2021-02-03T10:21:48.067+0500][436.823s] GC(128) Survivor regions: 10->10(39)
[2021-02-03T10:21:48.067+0500][436.823s] GC(128) Old regions: 64->64
[2021-02-03T10:21:48.067+0500][436.823s] GC(128) Archive regions: 2->2
[2021-02-03T10:21:48.067+0500][436.823s] GC(128) Humongous regions: 13->13
[2021-02-03T10:21:48.067+0500][436.823s] GC(128) Metaspace: 57203K(58368K)->57203K(58368K) NonClass: 50859K(51712K)->50859K(51712K) Class: 6343K(6656K)->6343K(6656K)
[2021-02-03T10:21:48.067+0500][436.823s] GC(128) Pause Young (Normal) (G1 Evacuation Pause) 384M->87M(512M) 2.414ms
[2021-02-03T10:21:48.067+0500][436.823s] GC(128) User=0.01s Sys=0.00s Real=0.00s
[2021-02-03T10:21:48.700+0500][437.456s] GC(129) Pause Young (Normal) (G1 Evacuation Pause)
[2021-02-03T10:21:48.700+0500][437.456s] GC(129) Using 13 workers of 13 for evacuation
[2021-02-03T10:21:48.702+0500][437.459s] GC(129)   Pre Evacuate Collection Set: 0.1ms
[2021-02-03T10:21:48.703+0500][437.459s] GC(129)   Merge Heap Roots: 0.1ms
[2021-02-03T10:21:48.703+0500][437.459s] GC(129)   Evacuate Collection Set: 1.5ms
[2021-02-03T10:21:48.703+0500][437.459s] GC(129)   Post Evacuate Collection Set: 0.5ms
[2021-02-03T10:21:48.703+0500][437.459s] GC(129)   Other: 0.2ms
[2021-02-03T10:21:48.703+0500][437.459s] GC(129) Eden regions: 297->0(295)
[2021-02-03T10:21:48.703+0500][437.459s] GC(129) Survivor regions: 10->12(39)
[2021-02-03T10:21:48.703+0500][437.459s] GC(129) Old regions: 64->65
[2021-02-03T10:21:48.703+0500][437.459s] GC(129) Archive regions: 2->2
[2021-02-03T10:21:48.703+0500][437.459s] GC(129) Humongous regions: 14->13
[2021-02-03T10:21:48.703+0500][437.459s] GC(129) Metaspace: 57208K(58368K)->57208K(58368K) NonClass: 50865K(51712K)->50865K(51712K) Class: 6343K(6656K)->6343K(6656K)
[2021-02-03T10:21:48.703+0500][437.459s] GC(129) Pause Young (Normal) (G1 Evacuation Pause) 385M->89M(512M) 2.543ms
[2021-02-03T10:21:48.703+0500][437.459s] GC(129) User=0.02s Sys=0.00s Real=0.00s
[2021-02-03T10:21:49.231+0500][437.987s] GC(130) Pause Young (Normal) (G1 Evacuation Pause)
[2021-02-03T10:21:49.231+0500][437.987s] GC(130) Using 13 workers of 13 for evacuation
[2021-02-03T10:21:49.234+0500][437.991s] GC(130)   Pre Evacuate Collection Set: 0.1ms
[2021-02-03T10:21:49.234+0500][437.991s] GC(130)   Merge Heap Roots: 0.1ms
[2021-02-03T10:21:49.234+0500][437.991s] GC(130)   Evacuate Collection Set: 2.6ms
[2021-02-03T10:21:49.234+0500][437.991s] GC(130)   Post Evacuate Collection Set: 0.4ms
[2021-02-03T10:21:49.234+0500][437.991s] GC(130)   Other: 0.1ms
[2021-02-03T10:21:49.234+0500][437.991s] GC(130) Eden regions: 295->0(299)
[2021-02-03T10:21:49.234+0500][437.991s] GC(130) Survivor regions: 12->8(39)
[2021-02-03T10:21:49.234+0500][437.991s] GC(130) Old regions: 65->68
[2021-02-03T10:21:49.234+0500][437.991s] GC(130) Archive regions: 2->2
[2021-02-03T10:21:49.234+0500][437.991s] GC(130) Humongous regions: 13->13
[2021-02-03T10:21:49.234+0500][437.991s] GC(130) Metaspace: 57221K(58368K)->57221K(58368K) NonClass: 50878K(51712K)->50878K(51712K) Class: 6343K(6656K)->6343K(6656K)
[2021-02-03T10:21:49.234+0500][437.991s] GC(130) Pause Young (Normal) (G1 Evacuation Pause) 384M->88M(512M) 3.410ms
[2021-02-03T10:21:49.234+0500][437.991s] GC(130) User=0.01s Sys=0.02s Real=0.00s
[2021-02-03T10:21:49.875+0500][438.632s] GC(131) Pause Young (Normal) (G1 Evacuation Pause)
[2021-02-03T10:21:49.875+0500][438.632s] GC(131) Using 13 workers of 13 for evacuation
[2021-02-03T10:21:49.877+0500][438.634s] GC(131)   Pre Evacuate Collection Set: 0.1ms
[2021-02-03T10:21:49.877+0500][438.634s] GC(131)   Merge Heap Roots: 0.1ms
[2021-02-03T10:21:49.877+0500][438.634s] GC(131)   Evacuate Collection Set: 1.1ms
[2021-02-03T10:21:49.878+0500][438.634s] GC(131)   Post Evacuate Collection Set: 0.5ms
[2021-02-03T10:21:49.878+0500][438.634s] GC(131)   Other: 0.2ms
[2021-02-03T10:21:49.878+0500][438.634s] GC(131) Eden regions: 299->0(299)
[2021-02-03T10:21:49.878+0500][438.634s] GC(131) Survivor regions: 8->8(39)
[2021-02-03T10:21:49.878+0500][438.634s] GC(131) Old regions: 68->68
[2021-02-03T10:21:49.878+0500][438.634s] GC(131) Archive regions: 2->2
[2021-02-03T10:21:49.878+0500][438.634s] GC(131) Humongous regions: 13->13
[2021-02-03T10:21:49.878+0500][438.634s] GC(131) Metaspace: 57223K(58368K)->57223K(58368K) NonClass: 50879K(51712K)->50879K(51712K) Class: 6343K(6656K)->6343K(6656K)
[2021-02-03T10:21:49.878+0500][438.634s] GC(131) Pause Young (Normal) (G1 Evacuation Pause) 387M->88M(512M) 2.159ms
[2021-02-03T10:21:49.878+0500][438.634s] GC(131) User=0.01s Sys=0.00s Real=0.00s
[2021-02-03T10:21:50.380+0500][439.137s] GC(132) Pause Young (Normal) (G1 Evacuation Pause)
[2021-02-03T10:21:50.381+0500][439.137s] GC(132) Using 13 workers of 13 for evacuation
[2021-02-03T10:21:50.383+0500][439.139s] GC(132)   Pre Evacuate Collection Set: 0.1ms
[2021-02-03T10:21:50.383+0500][439.139s] GC(132)   Merge Heap Roots: 0.1ms
[2021-02-03T10:21:50.383+0500][439.139s] GC(132)   Evacuate Collection Set: 1.1ms
[2021-02-03T10:21:50.383+0500][439.139s] GC(132)   Post Evacuate Collection Set: 0.5ms
[2021-02-03T10:21:50.383+0500][439.139s] GC(132)   Other: 0.2ms
[2021-02-03T10:21:50.383+0500][439.139s] GC(132) Eden regions: 299->0(299)
[2021-02-03T10:21:50.383+0500][439.139s] GC(132) Survivor regions: 8->8(39)
[2021-02-03T10:21:50.383+0500][439.139s] GC(132) Old regions: 68->68
[2021-02-03T10:21:50.383+0500][439.139s] GC(132) Archive regions: 2->2
[2021-02-03T10:21:50.383+0500][439.139s] GC(132) Humongous regions: 13->13
[2021-02-03T10:21:50.383+0500][439.139s] GC(132) Metaspace: 57223K(58368K)->57223K(58368K) NonClass: 50879K(51712K)->50879K(51712K) Class: 6343K(6656K)->6343K(6656K)
[2021-02-03T10:21:50.383+0500][439.139s] GC(132) Pause Young (Normal) (G1 Evacuation Pause) 387M->88M(512M) 2.188ms
[2021-02-03T10:21:50.383+0500][439.139s] GC(132) User=0.01s Sys=0.01s Real=0.00s
[2021-02-03T10:21:51.119+0500][439.875s] GC(133) Pause Young (Normal) (G1 Evacuation Pause)
[2021-02-03T10:21:51.119+0500][439.876s] GC(133) Using 13 workers of 13 for evacuation
[2021-02-03T10:21:51.122+0500][439.878s] GC(133)   Pre Evacuate Collection Set: 0.1ms
[2021-02-03T10:21:51.122+0500][439.879s] GC(133)   Merge Heap Roots: 0.1ms
[2021-02-03T10:21:51.122+0500][439.879s] GC(133)   Evacuate Collection Set: 1.8ms
[2021-02-03T10:21:51.122+0500][439.879s] GC(133)   Post Evacuate Collection Set: 0.7ms
[2021-02-03T10:21:51.122+0500][439.879s] GC(133)   Other: 0.9ms
[2021-02-03T10:21:51.122+0500][439.879s] GC(133) Eden regions: 299->0(298)
[2021-02-03T10:21:51.122+0500][439.879s] GC(133) Survivor regions: 8->9(39)
[2021-02-03T10:21:51.122+0500][439.879s] GC(133) Old regions: 68->69
[2021-02-03T10:21:51.122+0500][439.879s] GC(133) Archive regions: 2->2
[2021-02-03T10:21:51.122+0500][439.879s] GC(133) Humongous regions: 14->13
[2021-02-03T10:21:51.123+0500][439.879s] GC(133) Metaspace: 57223K(58368K)->57223K(58368K) NonClass: 50880K(51712K)->50880K(51712K) Class: 6343K(6656K)->6343K(6656K)
[2021-02-03T10:21:51.123+0500][439.879s] GC(133) Pause Young (Normal) (G1 Evacuation Pause) 388M->90M(512M) 3.858ms
[2021-02-03T10:21:51.123+0500][439.879s] GC(133) User=0.02s Sys=0.01s Real=0.01s
[2021-02-03T10:21:51.625+0500][440.381s] GC(134) Pause Young (Normal) (G1 Evacuation Pause)
[2021-02-03T10:21:51.625+0500][440.381s] GC(134) Using 13 workers of 13 for evacuation
[2021-02-03T10:21:51.627+0500][440.383s] GC(134)   Pre Evacuate Collection Set: 0.1ms
[2021-02-03T10:21:51.627+0500][440.383s] GC(134)   Merge Heap Roots: 0.1ms
[2021-02-03T10:21:51.627+0500][440.383s] GC(134)   Evacuate Collection Set: 1.2ms
[2021-02-03T10:21:51.627+0500][440.383s] GC(134)   Post Evacuate Collection Set: 0.7ms
[2021-02-03T10:21:51.627+0500][440.383s] GC(134)   Other: 0.2ms
[2021-02-03T10:21:51.627+0500][440.383s] GC(134) Eden regions: 298->0(298)
[2021-02-03T10:21:51.627+0500][440.383s] GC(134) Survivor regions: 9->9(39)
[2021-02-03T10:21:51.627+0500][440.383s] GC(134) Old regions: 69->69
[2021-02-03T10:21:51.627+0500][440.383s] GC(134) Archive regions: 2->2
[2021-02-03T10:21:51.627+0500][440.383s] GC(134) Humongous regions: 13->13
[2021-02-03T10:21:51.627+0500][440.383s] GC(134) Metaspace: 57223K(58368K)->57223K(58368K) NonClass: 50880K(51712K)->50880K(51712K) Class: 6343K(6656K)->6343K(6656K)
[2021-02-03T10:21:51.627+0500][440.383s] GC(134) Pause Young (Normal) (G1 Evacuation Pause) 388M->90M(512M) 2.506ms
[2021-02-03T10:21:51.627+0500][440.384s] GC(134) User=0.01s Sys=0.00s Real=0.00s
[2021-02-03T10:21:52.344+0500][441.101s] GC(135) Pause Young (Normal) (G1 Evacuation Pause)
[2021-02-03T10:21:52.344+0500][441.101s] GC(135) Using 13 workers of 13 for evacuation
[2021-02-03T10:21:52.346+0500][441.103s] GC(135)   Pre Evacuate Collection Set: 0.1ms
[2021-02-03T10:21:52.346+0500][441.103s] GC(135)   Merge Heap Roots: 0.2ms
[2021-02-03T10:21:52.346+0500][441.103s] GC(135)   Evacuate Collection Set: 0.7ms
[2021-02-03T10:21:52.346+0500][441.103s] GC(135)   Post Evacuate Collection Set: 0.9ms
[2021-02-03T10:21:52.346+0500][441.103s] GC(135)   Other: 0.1ms
[2021-02-03T10:21:52.346+0500][441.103s] GC(135) Eden regions: 298->0(303)
[2021-02-03T10:21:52.346+0500][441.103s] GC(135) Survivor regions: 9->4(39)
[2021-02-03T10:21:52.346+0500][441.103s] GC(135) Old regions: 69->69
[2021-02-03T10:21:52.346+0500][441.103s] GC(135) Archive regions: 2->2
[2021-02-03T10:21:52.346+0500][441.103s] GC(135) Humongous regions: 13->13
[2021-02-03T10:21:52.346+0500][441.103s] GC(135) Metaspace: 57225K(58368K)->57225K(58368K) NonClass: 50881K(51712K)->50881K(51712K) Class: 6343K(6656K)->6343K(6656K)
[2021-02-03T10:21:52.347+0500][441.103s] GC(135) Pause Young (Normal) (G1 Evacuation Pause) 388M->85M(512M) 2.132ms
[2021-02-03T10:21:52.347+0500][441.103s] GC(135) User=0.01s Sys=0.00s Real=0.00s
[2021-02-03T10:21:52.873+0500][441.629s] GC(136) Pause Young (Normal) (G1 Evacuation Pause)
[2021-02-03T10:21:52.873+0500][441.629s] GC(136) Using 13 workers of 13 for evacuation
[2021-02-03T10:21:52.875+0500][441.631s] GC(136)   Pre Evacuate Collection Set: 0.1ms
[2021-02-03T10:21:52.875+0500][441.631s] GC(136)   Merge Heap Roots: 0.1ms
[2021-02-03T10:21:52.875+0500][441.631s] GC(136)   Evacuate Collection Set: 0.9ms
[2021-02-03T10:21:52.875+0500][441.631s] GC(136)   Post Evacuate Collection Set: 0.6ms
[2021-02-03T10:21:52.875+0500][441.631s] GC(136)   Other: 0.2ms
[2021-02-03T10:21:52.875+0500][441.631s] GC(136) Eden regions: 303->0(302)
[2021-02-03T10:21:52.875+0500][441.631s] GC(136) Survivor regions: 4->5(39)
[2021-02-03T10:21:52.875+0500][441.631s] GC(136) Old regions: 69->69
[2021-02-03T10:21:52.875+0500][441.631s] GC(136) Archive regions: 2->2
[2021-02-03T10:21:52.875+0500][441.631s] GC(136) Humongous regions: 13->13
[2021-02-03T10:21:52.875+0500][441.631s] GC(136) Metaspace: 57228K(58368K)->57228K(58368K) NonClass: 50885K(51712K)->50885K(51712K) Class: 6343K(6656K)->6343K(6656K)
[2021-02-03T10:21:52.875+0500][441.631s] GC(136) Pause Young (Normal) (G1 Evacuation Pause) 388M->86M(512M) 2.079ms
[2021-02-03T10:21:52.875+0500][441.631s] GC(136) User=0.01s Sys=0.00s Real=0.00s
[2021-02-03T10:21:53.573+0500][442.329s] GC(137) Pause Young (Normal) (G1 Evacuation Pause)
[2021-02-03T10:21:53.573+0500][442.329s] GC(137) Using 13 workers of 13 for evacuation
[2021-02-03T10:21:53.575+0500][442.331s] GC(137)   Pre Evacuate Collection Set: 0.1ms
[2021-02-03T10:21:53.575+0500][442.331s] GC(137)   Merge Heap Roots: 0.1ms
[2021-02-03T10:21:53.575+0500][442.331s] GC(137)   Evacuate Collection Set: 1.0ms
[2021-02-03T10:21:53.575+0500][442.331s] GC(137)   Post Evacuate Collection Set: 0.6ms
[2021-02-03T10:21:53.575+0500][442.331s] GC(137)   Other: 0.2ms
[2021-02-03T10:21:53.575+0500][442.331s] GC(137) Eden regions: 302->0(302)
[2021-02-03T10:21:53.575+0500][442.331s] GC(137) Survivor regions: 5->5(39)
[2021-02-03T10:21:53.575+0500][442.331s] GC(137) Old regions: 69->69
[2021-02-03T10:21:53.575+0500][442.331s] GC(137) Archive regions: 2->2
[2021-02-03T10:21:53.575+0500][442.331s] GC(137) Humongous regions: 13->13
[2021-02-03T10:21:53.575+0500][442.331s] GC(137) Metaspace: 57229K(58368K)->57229K(58368K) NonClass: 50885K(51712K)->50885K(51712K) Class: 6343K(6656K)->6343K(6656K)
[2021-02-03T10:21:53.575+0500][442.331s] GC(137) Pause Young (Normal) (G1 Evacuation Pause) 388M->87M(512M) 2.171ms
[2021-02-03T10:21:53.575+0500][442.331s] GC(137) User=0.01s Sys=0.00s Real=0.00s
[2021-02-03T10:21:54.096+0500][442.852s] GC(138) Pause Young (Normal) (G1 Evacuation Pause)
[2021-02-03T10:21:54.096+0500][442.853s] GC(138) Using 13 workers of 13 for evacuation
[2021-02-03T10:21:54.098+0500][442.854s] GC(138)   Pre Evacuate Collection Set: 0.1ms
[2021-02-03T10:21:54.098+0500][442.854s] GC(138)   Merge Heap Roots: 0.1ms
[2021-02-03T10:21:54.098+0500][442.854s] GC(138)   Evacuate Collection Set: 0.9ms
[2021-02-03T10:21:54.098+0500][442.854s] GC(138)   Post Evacuate Collection Set: 0.6ms
[2021-02-03T10:21:54.098+0500][442.854s] GC(138)   Other: 0.2ms
[2021-02-03T10:21:54.098+0500][442.854s] GC(138) Eden regions: 302->0(302)
[2021-02-03T10:21:54.098+0500][442.854s] GC(138) Survivor regions: 5->5(39)
[2021-02-03T10:21:54.098+0500][442.854s] GC(138) Old regions: 69->69
[2021-02-03T10:21:54.098+0500][442.854s] GC(138) Archive regions: 2->2
[2021-02-03T10:21:54.098+0500][442.854s] GC(138) Humongous regions: 13->13
[2021-02-03T10:21:54.098+0500][442.854s] GC(138) Metaspace: 57229K(58368K)->57229K(58368K) NonClass: 50885K(51712K)->50885K(51712K) Class: 6343K(6656K)->6343K(6656K)
[2021-02-03T10:21:54.098+0500][442.854s] GC(138) Pause Young (Normal) (G1 Evacuation Pause) 389M->87M(512M) 1.987ms
[2021-02-03T10:21:54.098+0500][442.854s] GC(138) User=0.01s Sys=0.00s Real=0.00s
[2021-02-03T10:21:54.813+0500][443.569s] GC(139) Pause Young (Normal) (G1 Evacuation Pause)
[2021-02-03T10:21:54.813+0500][443.569s] GC(139) Using 13 workers of 13 for evacuation
[2021-02-03T10:21:54.815+0500][443.571s] GC(139)   Pre Evacuate Collection Set: 0.1ms
[2021-02-03T10:21:54.815+0500][443.571s] GC(139)   Merge Heap Roots: 0.1ms
[2021-02-03T10:21:54.815+0500][443.571s] GC(139)   Evacuate Collection Set: 0.7ms
[2021-02-03T10:21:54.815+0500][443.571s] GC(139)   Post Evacuate Collection Set: 0.8ms
[2021-02-03T10:21:54.815+0500][443.571s] GC(139)   Other: 0.2ms
[2021-02-03T10:21:54.815+0500][443.571s] GC(139) Eden regions: 302->0(303)
[2021-02-03T10:21:54.815+0500][443.571s] GC(139) Survivor regions: 5->4(39)
[2021-02-03T10:21:54.815+0500][443.571s] GC(139) Old regions: 69->69
[2021-02-03T10:21:54.815+0500][443.571s] GC(139) Archive regions: 2->2
[2021-02-03T10:21:54.815+0500][443.571s] GC(139) Humongous regions: 13->13
[2021-02-03T10:21:54.815+0500][443.571s] GC(139) Metaspace: 57230K(58368K)->57230K(58368K) NonClass: 50887K(51712K)->50887K(51712K) Class: 6343K(6656K)->6343K(6656K)
[2021-02-03T10:21:54.815+0500][443.571s] GC(139) Pause Young (Normal) (G1 Evacuation Pause) 389M->85M(512M) 2.055ms
[2021-02-03T10:21:54.815+0500][443.571s] GC(139) User=0.01s Sys=0.00s Real=0.00s
[2021-02-03T10:21:55.322+0500][444.078s] GC(140) Pause Young (Normal) (G1 Evacuation Pause)
[2021-02-03T10:21:55.322+0500][444.078s] GC(140) Using 13 workers of 13 for evacuation
[2021-02-03T10:21:55.324+0500][444.080s] GC(140)   Pre Evacuate Collection Set: 0.1ms
[2021-02-03T10:21:55.324+0500][444.080s] GC(140)   Merge Heap Roots: 0.1ms
[2021-02-03T10:21:55.324+0500][444.080s] GC(140)   Evacuate Collection Set: 1.1ms
[2021-02-03T10:21:55.324+0500][444.080s] GC(140)   Post Evacuate Collection Set: 0.7ms
[2021-02-03T10:21:55.324+0500][444.080s] GC(140)   Other: 0.2ms
[2021-02-03T10:21:55.324+0500][444.080s] GC(140) Eden regions: 303->0(301)
[2021-02-03T10:21:55.324+0500][444.080s] GC(140) Survivor regions: 4->6(39)
[2021-02-03T10:21:55.324+0500][444.080s] GC(140) Old regions: 69->69
[2021-02-03T10:21:55.324+0500][444.080s] GC(140) Archive regions: 2->2
[2021-02-03T10:21:55.324+0500][444.080s] GC(140) Humongous regions: 13->13
[2021-02-03T10:21:55.324+0500][444.080s] GC(140) Metaspace: 57230K(58368K)->57230K(58368K) NonClass: 50887K(51712K)->50887K(51712K) Class: 6343K(6656K)->6343K(6656K)
[2021-02-03T10:21:55.324+0500][444.080s] GC(140) Pause Young (Normal) (G1 Evacuation Pause) 388M->87M(512M) 2.310ms
[2021-02-03T10:21:55.324+0500][444.080s] GC(140) User=0.01s Sys=0.00s Real=0.00s
[2021-02-03T10:21:56.035+0500][444.791s] GC(141) Pause Young (Normal) (G1 Evacuation Pause)
[2021-02-03T10:21:56.035+0500][444.791s] GC(141) Using 13 workers of 13 for evacuation
[2021-02-03T10:21:56.037+0500][444.793s] GC(141)   Pre Evacuate Collection Set: 0.1ms
[2021-02-03T10:21:56.037+0500][444.793s] GC(141)   Merge Heap Roots: 0.1ms
[2021-02-03T10:21:56.037+0500][444.793s] GC(141)   Evacuate Collection Set: 1.1ms
[2021-02-03T10:21:56.037+0500][444.793s] GC(141)   Post Evacuate Collection Set: 0.9ms
[2021-02-03T10:21:56.037+0500][444.793s] GC(141)   Other: 0.2ms
[2021-02-03T10:21:56.037+0500][444.793s] GC(141) Eden regions: 301->0(302)
[2021-02-03T10:21:56.037+0500][444.793s] GC(141) Survivor regions: 6->5(39)
[2021-02-03T10:21:56.037+0500][444.793s] GC(141) Old regions: 69->70
[2021-02-03T10:21:56.037+0500][444.793s] GC(141) Archive regions: 2->2
[2021-02-03T10:21:56.037+0500][444.793s] GC(141) Humongous regions: 13->13
[2021-02-03T10:21:56.037+0500][444.793s] GC(141) Metaspace: 57232K(58368K)->57232K(58368K) NonClass: 50888K(51712K)->50888K(51712K) Class: 6343K(6656K)->6343K(6656K)
[2021-02-03T10:21:56.037+0500][444.794s] GC(141) Pause Young (Normal) (G1 Evacuation Pause) 388M->88M(512M) 2.716ms
[2021-02-03T10:21:56.037+0500][444.794s] GC(141) User=0.01s Sys=0.00s Real=0.00s
[2021-02-03T10:21:56.561+0500][445.317s] GC(142) Pause Young (Normal) (G1 Evacuation Pause)
[2021-02-03T10:21:56.561+0500][445.317s] GC(142) Using 13 workers of 13 for evacuation
[2021-02-03T10:21:56.563+0500][445.319s] GC(142)   Pre Evacuate Collection Set: 0.1ms
[2021-02-03T10:21:56.563+0500][445.319s] GC(142)   Merge Heap Roots: 0.1ms
[2021-02-03T10:21:56.563+0500][445.319s] GC(142)   Evacuate Collection Set: 0.8ms
[2021-02-03T10:21:56.563+0500][445.319s] GC(142)   Post Evacuate Collection Set: 0.6ms
[2021-02-03T10:21:56.563+0500][445.319s] GC(142)   Other: 0.2ms
[2021-02-03T10:21:56.563+0500][445.319s] GC(142) Eden regions: 302->0(302)
[2021-02-03T10:21:56.563+0500][445.319s] GC(142) Survivor regions: 5->5(39)
[2021-02-03T10:21:56.563+0500][445.319s] GC(142) Old regions: 70->70
[2021-02-03T10:21:56.563+0500][445.319s] GC(142) Archive regions: 2->2
[2021-02-03T10:21:56.563+0500][445.319s] GC(142) Humongous regions: 13->13
[2021-02-03T10:21:56.563+0500][445.319s] GC(142) Metaspace: 57232K(58368K)->57232K(58368K) NonClass: 50888K(51712K)->50888K(51712K) Class: 6343K(6656K)->6343K(6656K)
[2021-02-03T10:21:56.563+0500][445.319s] GC(142) Pause Young (Normal) (G1 Evacuation Pause) 390M->87M(512M) 1.887ms
[2021-02-03T10:21:56.563+0500][445.319s] GC(142) User=0.01s Sys=0.00s Real=0.00s
[2021-02-03T10:21:57.251+0500][446.008s] GC(143) Pause Young (Normal) (G1 Evacuation Pause)
[2021-02-03T10:21:57.252+0500][446.008s] GC(143) Using 13 workers of 13 for evacuation
[2021-02-03T10:21:57.254+0500][446.010s] GC(143)   Pre Evacuate Collection Set: 0.1ms
[2021-02-03T10:21:57.254+0500][446.010s] GC(143)   Merge Heap Roots: 0.1ms
[2021-02-03T10:21:57.254+0500][446.010s] GC(143)   Evacuate Collection Set: 0.9ms
[2021-02-03T10:21:57.254+0500][446.010s] GC(143)   Post Evacuate Collection Set: 0.8ms
[2021-02-03T10:21:57.254+0500][446.010s] GC(143)   Other: 0.2ms
[2021-02-03T10:21:57.254+0500][446.010s] GC(143) Eden regions: 302->0(303)
[2021-02-03T10:21:57.254+0500][446.010s] GC(143) Survivor regions: 5->4(39)
[2021-02-03T10:21:57.254+0500][446.010s] GC(143) Old regions: 70->70
[2021-02-03T10:21:57.254+0500][446.010s] GC(143) Archive regions: 2->2
[2021-02-03T10:21:57.254+0500][446.010s] GC(143) Humongous regions: 13->13
[2021-02-03T10:21:57.254+0500][446.010s] GC(143) Metaspace: 57241K(58368K)->57241K(58368K) NonClass: 50897K(51712K)->50897K(51712K) Class: 6343K(6656K)->6343K(6656K)
[2021-02-03T10:21:57.254+0500][446.010s] GC(143) Pause Young (Normal) (G1 Evacuation Pause) 389M->87M(512M) 2.391ms
[2021-02-03T10:21:57.254+0500][446.010s] GC(143) User=0.01s Sys=0.00s Real=0.00s
[2021-02-03T10:21:57.778+0500][446.534s] GC(144) Pause Young (Normal) (G1 Evacuation Pause)
[2021-02-03T10:21:57.778+0500][446.534s] GC(144) Using 13 workers of 13 for evacuation
[2021-02-03T10:21:57.779+0500][446.535s] GC(144)   Pre Evacuate Collection Set: 0.1ms
[2021-02-03T10:21:57.779+0500][446.535s] GC(144)   Merge Heap Roots: 0.1ms
[2021-02-03T10:21:57.779+0500][446.535s] GC(144)   Evacuate Collection Set: 0.6ms
[2021-02-03T10:21:57.779+0500][446.535s] GC(144)   Post Evacuate Collection Set: 0.3ms
[2021-02-03T10:21:57.779+0500][446.535s] GC(144)   Other: 0.1ms
[2021-02-03T10:21:57.779+0500][446.535s] GC(144) Eden regions: 303->0(302)
[2021-02-03T10:21:57.779+0500][446.535s] GC(144) Survivor regions: 4->5(39)
[2021-02-03T10:21:57.779+0500][446.535s] GC(144) Old regions: 70->71
[2021-02-03T10:21:57.779+0500][446.535s] GC(144) Archive regions: 2->2
[2021-02-03T10:21:57.779+0500][446.535s] GC(144) Humongous regions: 13->13
[2021-02-03T10:21:57.779+0500][446.535s] GC(144) Metaspace: 57246K(58368K)->57246K(58368K) NonClass: 50902K(51712K)->50902K(51712K) Class: 6343K(6656K)->6343K(6656K)
[2021-02-03T10:21:57.779+0500][446.535s] GC(144) Pause Young (Normal) (G1 Evacuation Pause) 390M->87M(512M) 1.348ms
[2021-02-03T10:21:57.779+0500][446.535s] GC(144) User=0.01s Sys=0.00s Real=0.00s
[2021-02-03T10:21:58.544+0500][447.300s] GC(145) Pause Young (Normal) (G1 Evacuation Pause)
[2021-02-03T10:21:58.544+0500][447.300s] GC(145) Using 13 workers of 13 for evacuation
[2021-02-03T10:21:58.546+0500][447.302s] GC(145)   Pre Evacuate Collection Set: 0.1ms
[2021-02-03T10:21:58.546+0500][447.302s] GC(145)   Merge Heap Roots: 0.1ms
[2021-02-03T10:21:58.546+0500][447.302s] GC(145)   Evacuate Collection Set: 0.8ms
[2021-02-03T10:21:58.546+0500][447.302s] GC(145)   Post Evacuate Collection Set: 0.6ms
[2021-02-03T10:21:58.546+0500][447.302s] GC(145)   Other: 0.2ms
[2021-02-03T10:21:58.546+0500][447.302s] GC(145) Eden regions: 302->0(303)
[2021-02-03T10:21:58.546+0500][447.302s] GC(145) Survivor regions: 5->4(39)
[2021-02-03T10:21:58.546+0500][447.302s] GC(145) Old regions: 71->71
[2021-02-03T10:21:58.546+0500][447.302s] GC(145) Archive regions: 2->2
[2021-02-03T10:21:58.546+0500][447.302s] GC(145) Humongous regions: 13->13
[2021-02-03T10:21:58.546+0500][447.302s] GC(145) Metaspace: 57255K(58368K)->57255K(58368K) NonClass: 50911K(51712K)->50911K(51712K) Class: 6343K(6656K)->6343K(6656K)
[2021-02-03T10:21:58.546+0500][447.302s] GC(145) Pause Young (Normal) (G1 Evacuation Pause) 389M->87M(512M) 1.988ms
[2021-02-03T10:21:58.546+0500][447.302s] GC(145) User=0.01s Sys=0.01s Real=0.00s
[2021-02-03T10:21:59.071+0500][447.828s] GC(146) Pause Young (Normal) (G1 Evacuation Pause)
[2021-02-03T10:21:59.072+0500][447.828s] GC(146) Using 13 workers of 13 for evacuation
[2021-02-03T10:21:59.073+0500][447.830s] GC(146)   Pre Evacuate Collection Set: 0.1ms
[2021-02-03T10:21:59.074+0500][447.830s] GC(146)   Merge Heap Roots: 0.1ms
[2021-02-03T10:21:59.074+0500][447.830s] GC(146)   Evacuate Collection Set: 1.0ms
[2021-02-03T10:21:59.074+0500][447.830s] GC(146)   Post Evacuate Collection Set: 0.6ms
[2021-02-03T10:21:59.074+0500][447.830s] GC(146)   Other: 0.2ms
[2021-02-03T10:21:59.074+0500][447.830s] GC(146) Eden regions: 303->0(303)
[2021-02-03T10:21:59.074+0500][447.830s] GC(146) Survivor regions: 4->4(39)
[2021-02-03T10:21:59.074+0500][447.830s] GC(146) Old regions: 71->71
[2021-02-03T10:21:59.074+0500][447.830s] GC(146) Archive regions: 2->2
[2021-02-03T10:21:59.074+0500][447.830s] GC(146) Humongous regions: 13->13
[2021-02-03T10:21:59.074+0500][447.830s] GC(146) Metaspace: 57255K(58368K)->57255K(58368K) NonClass: 50911K(51712K)->50911K(51712K) Class: 6343K(6656K)->6343K(6656K)
[2021-02-03T10:21:59.074+0500][447.830s] GC(146) Pause Young (Normal) (G1 Evacuation Pause) 390M->88M(512M) 2.151ms
[2021-02-03T10:21:59.074+0500][447.830s] GC(146) User=0.01s Sys=0.00s Real=0.00s
[2021-02-03T10:21:59.834+0500][448.591s] GC(147) Pause Young (Normal) (G1 Evacuation Pause)
[2021-02-03T10:21:59.834+0500][448.591s] GC(147) Using 13 workers of 13 for evacuation
[2021-02-03T10:21:59.836+0500][448.593s] GC(147)   Pre Evacuate Collection Set: 0.1ms
[2021-02-03T10:21:59.837+0500][448.593s] GC(147)   Merge Heap Roots: 0.1ms
[2021-02-03T10:21:59.837+0500][448.593s] GC(147)   Evacuate Collection Set: 0.7ms
[2021-02-03T10:21:59.837+0500][448.593s] GC(147)   Post Evacuate Collection Set: 1.0ms
[2021-02-03T10:21:59.837+0500][448.593s] GC(147)   Other: 0.2ms
[2021-02-03T10:21:59.837+0500][448.593s] GC(147) Eden regions: 303->0(305)
[2021-02-03T10:21:59.837+0500][448.593s] GC(147) Survivor regions: 4->2(39)
[2021-02-03T10:21:59.837+0500][448.593s] GC(147) Old regions: 71->71
[2021-02-03T10:21:59.837+0500][448.593s] GC(147) Archive regions: 2->2
[2021-02-03T10:21:59.837+0500][448.593s] GC(147) Humongous regions: 13->13
[2021-02-03T10:21:59.837+0500][448.593s] GC(147) Metaspace: 57257K(58368K)->57257K(58368K) NonClass: 50914K(51712K)->50914K(51712K) Class: 6343K(6656K)->6343K(6656K)
[2021-02-03T10:21:59.837+0500][448.593s] GC(147) Pause Young (Normal) (G1 Evacuation Pause) 391M->86M(512M) 2.269ms
[2021-02-03T10:21:59.837+0500][448.593s] GC(147) User=0.01s Sys=0.00s Real=0.00s
[2021-02-03T10:22:00.394+0500][449.151s] GC(148) Pause Young (Normal) (G1 Evacuation Pause)
[2021-02-03T10:22:00.394+0500][449.151s] GC(148) Using 13 workers of 13 for evacuation
[2021-02-03T10:22:00.396+0500][449.152s] GC(148)   Pre Evacuate Collection Set: 0.1ms
[2021-02-03T10:22:00.396+0500][449.152s] GC(148)   Merge Heap Roots: 0.1ms
[2021-02-03T10:22:00.396+0500][449.152s] GC(148)   Evacuate Collection Set: 0.6ms
[2021-02-03T10:22:00.396+0500][449.152s] GC(148)   Post Evacuate Collection Set: 0.3ms
[2021-02-03T10:22:00.396+0500][449.152s] GC(148)   Other: 0.2ms
[2021-02-03T10:22:00.396+0500][449.152s] GC(148) Eden regions: 305->0(303)
[2021-02-03T10:22:00.396+0500][449.152s] GC(148) Survivor regions: 2->4(39)
[2021-02-03T10:22:00.396+0500][449.152s] GC(148) Old regions: 71->72
[2021-02-03T10:22:00.396+0500][449.152s] GC(148) Archive regions: 2->2
[2021-02-03T10:22:00.396+0500][449.152s] GC(148) Humongous regions: 13->13
[2021-02-03T10:22:00.396+0500][449.152s] GC(148) Metaspace: 57266K(58368K)->57266K(58368K) NonClass: 50922K(51712K)->50922K(51712K) Class: 6343K(6656K)->6343K(6656K)
[2021-02-03T10:22:00.396+0500][449.152s] GC(148) Pause Young (Normal) (G1 Evacuation Pause) 391M->88M(512M) 1.389ms
[2021-02-03T10:22:00.396+0500][449.152s] GC(148) User=0.01s Sys=0.00s Real=0.00s
[2021-02-03T10:22:01.112+0500][449.869s] GC(149) Pause Young (Normal) (G1 Evacuation Pause)
[2021-02-03T10:22:01.112+0500][449.869s] GC(149) Using 13 workers of 13 for evacuation
[2021-02-03T10:22:01.114+0500][449.870s] GC(149)   Pre Evacuate Collection Set: 0.1ms
[2021-02-03T10:22:01.114+0500][449.870s] GC(149)   Merge Heap Roots: 0.1ms
[2021-02-03T10:22:01.114+0500][449.870s] GC(149)   Evacuate Collection Set: 0.7ms
[2021-02-03T10:22:01.114+0500][449.870s] GC(149)   Post Evacuate Collection Set: 0.6ms
[2021-02-03T10:22:01.114+0500][449.870s] GC(149)   Other: 0.2ms
[2021-02-03T10:22:01.114+0500][449.870s] GC(149) Eden regions: 303->0(303)
[2021-02-03T10:22:01.114+0500][449.870s] GC(149) Survivor regions: 4->4(39)
[2021-02-03T10:22:01.114+0500][449.870s] GC(149) Old regions: 72->72
[2021-02-03T10:22:01.114+0500][449.870s] GC(149) Archive regions: 2->2
[2021-02-03T10:22:01.114+0500][449.870s] GC(149) Humongous regions: 13->13
[2021-02-03T10:22:01.114+0500][449.870s] GC(149) Metaspace: 57274K(58368K)->57274K(58368K) NonClass: 50930K(51712K)->50930K(51712K) Class: 6343K(6656K)->6343K(6656K)
[2021-02-03T10:22:01.114+0500][449.871s] GC(149) Pause Young (Normal) (G1 Evacuation Pause) 391M->88M(512M) 1.832ms
[2021-02-03T10:22:01.114+0500][449.871s] GC(149) User=0.01s Sys=0.00s Real=0.00s
[2021-02-03T10:22:01.631+0500][450.387s] GC(150) Pause Young (Normal) (G1 Evacuation Pause)
[2021-02-03T10:22:01.631+0500][450.387s] GC(150) Using 13 workers of 13 for evacuation
[2021-02-03T10:22:01.632+0500][450.388s] GC(150)   Pre Evacuate Collection Set: 0.1ms
[2021-02-03T10:22:01.632+0500][450.389s] GC(150)   Merge Heap Roots: 0.1ms
[2021-02-03T10:22:01.632+0500][450.389s] GC(150)   Evacuate Collection Set: 0.8ms
[2021-02-03T10:22:01.632+0500][450.389s] GC(150)   Post Evacuate Collection Set: 0.5ms
[2021-02-03T10:22:01.632+0500][450.389s] GC(150)   Other: 0.2ms
[2021-02-03T10:22:01.632+0500][450.389s] GC(150) Eden regions: 303->0(303)
[2021-02-03T10:22:01.632+0500][450.389s] GC(150) Survivor regions: 4->4(39)
[2021-02-03T10:22:01.632+0500][450.389s] GC(150) Old regions: 72->72
[2021-02-03T10:22:01.632+0500][450.389s] GC(150) Archive regions: 2->2
[2021-02-03T10:22:01.632+0500][450.389s] GC(150) Humongous regions: 13->13
[2021-02-03T10:22:01.632+0500][450.389s] GC(150) Metaspace: 57274K(58368K)->57274K(58368K) NonClass: 50930K(51712K)->50930K(51712K) Class: 6343K(6656K)->6343K(6656K)
[2021-02-03T10:22:01.632+0500][450.389s] GC(150) Pause Young (Normal) (G1 Evacuation Pause) 391M->88M(512M) 1.831ms
[2021-02-03T10:22:01.632+0500][450.389s] GC(150) User=0.00s Sys=0.00s Real=0.00s
[2021-02-03T10:22:02.349+0500][451.105s] GC(151) Pause Young (Normal) (G1 Evacuation Pause)
[2021-02-03T10:22:02.349+0500][451.105s] GC(151) Using 13 workers of 13 for evacuation
[2021-02-03T10:22:02.351+0500][451.107s] GC(151)   Pre Evacuate Collection Set: 0.1ms
[2021-02-03T10:22:02.351+0500][451.107s] GC(151)   Merge Heap Roots: 0.2ms
[2021-02-03T10:22:02.351+0500][451.107s] GC(151)   Evacuate Collection Set: 0.7ms
[2021-02-03T10:22:02.351+0500][451.107s] GC(151)   Post Evacuate Collection Set: 0.9ms
[2021-02-03T10:22:02.351+0500][451.107s] GC(151)   Other: 0.1ms
[2021-02-03T10:22:02.351+0500][451.107s] GC(151) Eden regions: 303->0(303)
[2021-02-03T10:22:02.351+0500][451.107s] GC(151) Survivor regions: 4->4(39)
[2021-02-03T10:22:02.351+0500][451.107s] GC(151) Old regions: 72->72
[2021-02-03T10:22:02.351+0500][451.107s] GC(151) Archive regions: 2->2
[2021-02-03T10:22:02.351+0500][451.108s] GC(151) Humongous regions: 13->13
[2021-02-03T10:22:02.351+0500][451.108s] GC(151) Metaspace: 57275K(58368K)->57275K(58368K) NonClass: 50931K(51712K)->50931K(51712K) Class: 6343K(6656K)->6343K(6656K)
[2021-02-03T10:22:02.351+0500][451.108s] GC(151) Pause Young (Normal) (G1 Evacuation Pause) 391M->88M(512M) 2.143ms
[2021-02-03T10:22:02.351+0500][451.108s] GC(151) User=0.01s Sys=0.01s Real=0.01s
[2021-02-03T10:22:02.866+0500][451.622s] GC(152) Pause Young (Normal) (G1 Evacuation Pause)
[2021-02-03T10:22:02.866+0500][451.622s] GC(152) Using 13 workers of 13 for evacuation
[2021-02-03T10:22:02.868+0500][451.624s] GC(152)   Pre Evacuate Collection Set: 0.1ms
[2021-02-03T10:22:02.868+0500][451.624s] GC(152)   Merge Heap Roots: 0.1ms
[2021-02-03T10:22:02.868+0500][451.624s] GC(152)   Evacuate Collection Set: 0.7ms
[2021-02-03T10:22:02.868+0500][451.624s] GC(152)   Post Evacuate Collection Set: 0.6ms
[2021-02-03T10:22:02.868+0500][451.624s] GC(152)   Other: 0.2ms
[2021-02-03T10:22:02.868+0500][451.624s] GC(152) Eden regions: 303->0(303)
[2021-02-03T10:22:02.868+0500][451.624s] GC(152) Survivor regions: 4->4(39)
[2021-02-03T10:22:02.868+0500][451.624s] GC(152) Old regions: 72->72
[2021-02-03T10:22:02.868+0500][451.624s] GC(152) Archive regions: 2->2
[2021-02-03T10:22:02.868+0500][451.624s] GC(152) Humongous regions: 13->13
[2021-02-03T10:22:02.868+0500][451.624s] GC(152) Metaspace: 57275K(58368K)->57275K(58368K) NonClass: 50931K(51712K)->50931K(51712K) Class: 6343K(6656K)->6343K(6656K)
[2021-02-03T10:22:02.868+0500][451.624s] GC(152) Pause Young (Normal) (G1 Evacuation Pause) 391M->88M(512M) 1.801ms
[2021-02-03T10:22:02.868+0500][451.624s] GC(152) User=0.01s Sys=0.00s Real=0.00s
[2021-02-03T10:22:03.583+0500][452.339s] GC(153) Pause Young (Normal) (G1 Evacuation Pause)
[2021-02-03T10:22:03.583+0500][452.339s] GC(153) Using 13 workers of 13 for evacuation
[2021-02-03T10:22:03.584+0500][452.341s] GC(153)   Pre Evacuate Collection Set: 0.1ms
[2021-02-03T10:22:03.584+0500][452.341s] GC(153)   Merge Heap Roots: 0.1ms
[2021-02-03T10:22:03.584+0500][452.341s] GC(153)   Evacuate Collection Set: 0.7ms
[2021-02-03T10:22:03.584+0500][452.341s] GC(153)   Post Evacuate Collection Set: 0.5ms
[2021-02-03T10:22:03.584+0500][452.341s] GC(153)   Other: 0.2ms
[2021-02-03T10:22:03.584+0500][452.341s] GC(153) Eden regions: 303->0(303)
[2021-02-03T10:22:03.584+0500][452.341s] GC(153) Survivor regions: 4->4(39)
[2021-02-03T10:22:03.584+0500][452.341s] GC(153) Old regions: 72->72
[2021-02-03T10:22:03.584+0500][452.341s] GC(153) Archive regions: 2->2
[2021-02-03T10:22:03.584+0500][452.341s] GC(153) Humongous regions: 13->13
[2021-02-03T10:22:03.584+0500][452.341s] GC(153) Metaspace: 57275K(58368K)->57275K(58368K) NonClass: 50932K(51712K)->50932K(51712K) Class: 6343K(6656K)->6343K(6656K)
[2021-02-03T10:22:03.584+0500][452.341s] GC(153) Pause Young (Normal) (G1 Evacuation Pause) 391M->88M(512M) 1.752ms
[2021-02-03T10:22:03.584+0500][452.341s] GC(153) User=0.00s Sys=0.01s Real=0.00s
[2021-02-03T10:22:04.086+0500][452.843s] GC(154) Pause Young (Normal) (G1 Evacuation Pause)
[2021-02-03T10:22:04.086+0500][452.843s] GC(154) Using 13 workers of 13 for evacuation
[2021-02-03T10:22:04.089+0500][452.845s] GC(154)   Pre Evacuate Collection Set: 0.1ms
[2021-02-03T10:22:04.089+0500][452.845s] GC(154)   Merge Heap Roots: 0.1ms
[2021-02-03T10:22:04.089+0500][452.845s] GC(154)   Evacuate Collection Set: 1.1ms
[2021-02-03T10:22:04.089+0500][452.845s] GC(154)   Post Evacuate Collection Set: 0.7ms
[2021-02-03T10:22:04.089+0500][452.845s] GC(154)   Other: 0.3ms
[2021-02-03T10:22:04.089+0500][452.845s] GC(154) Eden regions: 303->0(303)
[2021-02-03T10:22:04.089+0500][452.845s] GC(154) Survivor regions: 4->4(39)
[2021-02-03T10:22:04.089+0500][452.845s] GC(154) Old regions: 72->72
[2021-02-03T10:22:04.089+0500][452.845s] GC(154) Archive regions: 2->2
[2021-02-03T10:22:04.089+0500][452.845s] GC(154) Humongous regions: 13->13
[2021-02-03T10:22:04.089+0500][452.845s] GC(154) Metaspace: 57275K(58368K)->57275K(58368K) NonClass: 50932K(51712K)->50932K(51712K) Class: 6343K(6656K)->6343K(6656K)
[2021-02-03T10:22:04.089+0500][452.845s] GC(154) Pause Young (Normal) (G1 Evacuation Pause) 391M->88M(512M) 2.489ms
[2021-02-03T10:22:04.089+0500][452.845s] GC(154) User=0.01s Sys=0.00s Real=0.00s
[2021-02-03T10:22:04.540+0500][453.296s] GC(155) Pause Young (Normal) (G1 Evacuation Pause)
[2021-02-03T10:22:04.540+0500][453.296s] GC(155) Using 13 workers of 13 for evacuation
[2021-02-03T10:22:04.542+0500][453.299s] GC(155)   Pre Evacuate Collection Set: 0.1ms
[2021-02-03T10:22:04.542+0500][453.299s] GC(155)   Merge Heap Roots: 0.1ms
[2021-02-03T10:22:04.542+0500][453.299s] GC(155)   Evacuate Collection Set: 0.9ms
[2021-02-03T10:22:04.542+0500][453.299s] GC(155)   Post Evacuate Collection Set: 1.1ms
[2021-02-03T10:22:04.542+0500][453.299s] GC(155)   Other: 0.2ms
[2021-02-03T10:22:04.542+0500][453.299s] GC(155) Eden regions: 303->0(302)
[2021-02-03T10:22:04.542+0500][453.299s] GC(155) Survivor regions: 4->5(39)
[2021-02-03T10:22:04.542+0500][453.299s] GC(155) Old regions: 72->72
[2021-02-03T10:22:04.542+0500][453.299s] GC(155) Archive regions: 2->2
[2021-02-03T10:22:04.542+0500][453.299s] GC(155) Humongous regions: 25->17
[2021-02-03T10:22:04.542+0500][453.299s] GC(155) Metaspace: 57281K(58368K)->57281K(58368K) NonClass: 50938K(51712K)->50938K(51712K) Class: 6343K(6656K)->6343K(6656K)
[2021-02-03T10:22:04.542+0500][453.299s] GC(155) Pause Young (Normal) (G1 Evacuation Pause) 403M->93M(512M) 2.417ms
[2021-02-03T10:22:04.542+0500][453.299s] GC(155) User=0.01s Sys=0.00s Real=0.00s
[2021-02-03T10:22:05.104+0500][453.860s] GC(156) Pause Young (Normal) (G1 Evacuation Pause)
[2021-02-03T10:22:05.104+0500][453.860s] GC(156) Using 13 workers of 13 for evacuation
[2021-02-03T10:22:05.106+0500][453.862s] GC(156)   Pre Evacuate Collection Set: 0.1ms
[2021-02-03T10:22:05.106+0500][453.862s] GC(156)   Merge Heap Roots: 0.2ms
[2021-02-03T10:22:05.106+0500][453.862s] GC(156)   Evacuate Collection Set: 0.8ms
[2021-02-03T10:22:05.106+0500][453.862s] GC(156)   Post Evacuate Collection Set: 0.7ms
[2021-02-03T10:22:05.106+0500][453.862s] GC(156)   Other: 0.2ms
[2021-02-03T10:22:05.106+0500][453.862s] GC(156) Eden regions: 302->0(303)
[2021-02-03T10:22:05.106+0500][453.862s] GC(156) Survivor regions: 5->4(39)
[2021-02-03T10:22:05.106+0500][453.862s] GC(156) Old regions: 72->72
[2021-02-03T10:22:05.106+0500][453.862s] GC(156) Archive regions: 2->2
[2021-02-03T10:22:05.106+0500][453.862s] GC(156) Humongous regions: 17->13
[2021-02-03T10:22:05.106+0500][453.862s] GC(156) Metaspace: 57287K(58368K)->57287K(58368K) NonClass: 50944K(51712K)->50944K(51712K) Class: 6343K(6656K)->6343K(6656K)
[2021-02-03T10:22:05.106+0500][453.862s] GC(156) Pause Young (Normal) (G1 Evacuation Pause) 395M->88M(512M) 2.031ms
[2021-02-03T10:22:05.106+0500][453.862s] GC(156) User=0.01s Sys=0.00s Real=0.00s
[2021-02-03T10:22:05.715+0500][454.471s] GC(157) Pause Young (Normal) (G1 Evacuation Pause)
[2021-02-03T10:22:05.715+0500][454.471s] GC(157) Using 13 workers of 13 for evacuation
[2021-02-03T10:22:05.717+0500][454.473s] GC(157)   Pre Evacuate Collection Set: 0.1ms
[2021-02-03T10:22:05.717+0500][454.473s] GC(157)   Merge Heap Roots: 0.1ms
[2021-02-03T10:22:05.717+0500][454.473s] GC(157)   Evacuate Collection Set: 0.8ms
[2021-02-03T10:22:05.717+0500][454.473s] GC(157)   Post Evacuate Collection Set: 0.7ms
[2021-02-03T10:22:05.717+0500][454.473s] GC(157)   Other: 0.2ms
[2021-02-03T10:22:05.717+0500][454.473s] GC(157) Eden regions: 303->0(303)
[2021-02-03T10:22:05.717+0500][454.473s] GC(157) Survivor regions: 4->4(39)
[2021-02-03T10:22:05.717+0500][454.473s] GC(157) Old regions: 72->72
[2021-02-03T10:22:05.717+0500][454.473s] GC(157) Archive regions: 2->2
[2021-02-03T10:22:05.717+0500][454.473s] GC(157) Humongous regions: 13->13
[2021-02-03T10:22:05.717+0500][454.473s] GC(157) Metaspace: 57290K(58368K)->57290K(58368K) NonClass: 50946K(51712K)->50946K(51712K) Class: 6343K(6656K)->6343K(6656K)
[2021-02-03T10:22:05.717+0500][454.473s] GC(157) Pause Young (Normal) (G1 Evacuation Pause) 391M->88M(512M) 1.938ms
[2021-02-03T10:22:05.717+0500][454.473s] GC(157) User=0.01s Sys=0.01s Real=0.00s
[2021-02-03T10:22:06.350+0500][455.107s] GC(158) Pause Young (Normal) (G1 Evacuation Pause)
[2021-02-03T10:22:06.350+0500][455.107s] GC(158) Using 13 workers of 13 for evacuation
[2021-02-03T10:22:06.352+0500][455.109s] GC(158)   Pre Evacuate Collection Set: 0.1ms
[2021-02-03T10:22:06.352+0500][455.109s] GC(158)   Merge Heap Roots: 0.1ms
[2021-02-03T10:22:06.352+0500][455.109s] GC(158)   Evacuate Collection Set: 0.9ms
[2021-02-03T10:22:06.352+0500][455.109s] GC(158)   Post Evacuate Collection Set: 0.7ms
[2021-02-03T10:22:06.352+0500][455.109s] GC(158)   Other: 0.2ms
[2021-02-03T10:22:06.352+0500][455.109s] GC(158) Eden regions: 303->0(303)
[2021-02-03T10:22:06.352+0500][455.109s] GC(158) Survivor regions: 4->4(39)
[2021-02-03T10:22:06.352+0500][455.109s] GC(158) Old regions: 72->72
[2021-02-03T10:22:06.353+0500][455.109s] GC(158) Archive regions: 2->2
[2021-02-03T10:22:06.353+0500][455.109s] GC(158) Humongous regions: 13->13
[2021-02-03T10:22:06.353+0500][455.109s] GC(158) Metaspace: 57294K(58368K)->57294K(58368K) NonClass: 50950K(51712K)->50950K(51712K) Class: 6343K(6656K)->6343K(6656K)
[2021-02-03T10:22:06.353+0500][455.109s] GC(158) Pause Young (Normal) (G1 Evacuation Pause) 391M->88M(512M) 2.211ms
[2021-02-03T10:22:06.353+0500][455.109s] GC(158) User=0.01s Sys=0.00s Real=0.00s
[2021-02-03T10:22:06.957+0500][455.713s] GC(159) Pause Young (Normal) (G1 Evacuation Pause)
[2021-02-03T10:22:06.957+0500][455.713s] GC(159) Using 13 workers of 13 for evacuation
[2021-02-03T10:22:06.959+0500][455.715s] GC(159)   Pre Evacuate Collection Set: 0.1ms
[2021-02-03T10:22:06.959+0500][455.715s] GC(159)   Merge Heap Roots: 0.1ms
[2021-02-03T10:22:06.959+0500][455.715s] GC(159)   Evacuate Collection Set: 0.7ms
[2021-02-03T10:22:06.959+0500][455.715s] GC(159)   Post Evacuate Collection Set: 0.8ms
[2021-02-03T10:22:06.959+0500][455.715s] GC(159)   Other: 0.1ms
[2021-02-03T10:22:06.959+0500][455.715s] GC(159) Eden regions: 303->0(305)
[2021-02-03T10:22:06.959+0500][455.715s] GC(159) Survivor regions: 4->2(39)
[2021-02-03T10:22:06.959+0500][455.715s] GC(159) Old regions: 72->72
[2021-02-03T10:22:06.959+0500][455.715s] GC(159) Archive regions: 2->2
[2021-02-03T10:22:06.959+0500][455.715s] GC(159) Humongous regions: 13->13
[2021-02-03T10:22:06.959+0500][455.715s] GC(159) Metaspace: 57295K(58368K)->57295K(58368K) NonClass: 50951K(51712K)->50951K(51712K) Class: 6343K(6656K)->6343K(6656K)
[2021-02-03T10:22:06.959+0500][455.715s] GC(159) Pause Young (Normal) (G1 Evacuation Pause) 391M->87M(512M) 2.077ms
[2021-02-03T10:22:06.959+0500][455.715s] GC(159) User=0.01s Sys=0.00s Real=0.00s
[2021-02-03T10:22:07.662+0500][456.418s] GC(160) Pause Young (Normal) (G1 Evacuation Pause)
[2021-02-03T10:22:07.662+0500][456.418s] GC(160) Using 13 workers of 13 for evacuation
[2021-02-03T10:22:07.663+0500][456.419s] GC(160)   Pre Evacuate Collection Set: 0.1ms
[2021-02-03T10:22:07.663+0500][456.419s] GC(160)   Merge Heap Roots: 0.1ms
[2021-02-03T10:22:07.663+0500][456.419s] GC(160)   Evacuate Collection Set: 0.5ms
[2021-02-03T10:22:07.663+0500][456.419s] GC(160)   Post Evacuate Collection Set: 0.3ms
[2021-02-03T10:22:07.663+0500][456.419s] GC(160)   Other: 0.1ms
[2021-02-03T10:22:07.663+0500][456.419s] GC(160) Eden regions: 305->0(305)
[2021-02-03T10:22:07.663+0500][456.419s] GC(160) Survivor regions: 2->2(39)
[2021-02-03T10:22:07.663+0500][456.419s] GC(160) Old regions: 72->73
[2021-02-03T10:22:07.663+0500][456.419s] GC(160) Archive regions: 2->2
[2021-02-03T10:22:07.663+0500][456.419s] GC(160) Humongous regions: 13->13
[2021-02-03T10:22:07.663+0500][456.419s] GC(160) Metaspace: 57295K(58368K)->57295K(58368K) NonClass: 50951K(51712K)->50951K(51712K) Class: 6343K(6656K)->6343K(6656K)
[2021-02-03T10:22:07.663+0500][456.419s] GC(160) Pause Young (Normal) (G1 Evacuation Pause) 392M->87M(512M) 1.102ms
[2021-02-03T10:22:07.663+0500][456.419s] GC(160) User=0.01s Sys=0.01s Real=0.00s
[2021-02-03T10:22:08.248+0500][457.005s] GC(161) Pause Young (Normal) (G1 Evacuation Pause)
[2021-02-03T10:22:08.248+0500][457.005s] GC(161) Using 13 workers of 13 for evacuation
[2021-02-03T10:22:08.249+0500][457.006s] GC(161)   Pre Evacuate Collection Set: 0.1ms
[2021-02-03T10:22:08.250+0500][457.006s] GC(161)   Merge Heap Roots: 0.1ms
[2021-02-03T10:22:08.250+0500][457.006s] GC(161)   Evacuate Collection Set: 0.6ms
[2021-02-03T10:22:08.250+0500][457.006s] GC(161)   Post Evacuate Collection Set: 0.3ms
[2021-02-03T10:22:08.250+0500][457.006s] GC(161)   Other: 0.1ms
[2021-02-03T10:22:08.250+0500][457.006s] GC(161) Eden regions: 305->0(303)
[2021-02-03T10:22:08.250+0500][457.006s] GC(161) Survivor regions: 2->4(39)
[2021-02-03T10:22:08.250+0500][457.006s] GC(161) Old regions: 73->73
[2021-02-03T10:22:08.250+0500][457.006s] GC(161) Archive regions: 2->2
[2021-02-03T10:22:08.250+0500][457.006s] GC(161) Humongous regions: 13->13
[2021-02-03T10:22:08.250+0500][457.006s] GC(161) Metaspace: 57322K(58368K)->57322K(58368K) NonClass: 50978K(51712K)->50978K(51712K) Class: 6343K(6656K)->6343K(6656K)
[2021-02-03T10:22:08.250+0500][457.006s] GC(161) Pause Young (Normal) (G1 Evacuation Pause) 392M->89M(512M) 1.290ms
[2021-02-03T10:22:08.250+0500][457.006s] GC(161) User=0.01s Sys=0.00s Real=0.01s
[2021-02-03T10:22:08.934+0500][457.690s] GC(162) Pause Young (Normal) (G1 Evacuation Pause)
[2021-02-03T10:22:08.934+0500][457.690s] GC(162) Using 13 workers of 13 for evacuation
[2021-02-03T10:22:08.936+0500][457.692s] GC(162)   Pre Evacuate Collection Set: 0.1ms
[2021-02-03T10:22:08.936+0500][457.692s] GC(162)   Merge Heap Roots: 0.1ms
[2021-02-03T10:22:08.936+0500][457.692s] GC(162)   Evacuate Collection Set: 0.8ms
[2021-02-03T10:22:08.936+0500][457.692s] GC(162)   Post Evacuate Collection Set: 0.5ms
[2021-02-03T10:22:08.936+0500][457.692s] GC(162)   Other: 0.4ms
[2021-02-03T10:22:08.936+0500][457.692s] GC(162) Eden regions: 303->0(303)
[2021-02-03T10:22:08.936+0500][457.692s] GC(162) Survivor regions: 4->4(39)
[2021-02-03T10:22:08.936+0500][457.692s] GC(162) Old regions: 73->73
[2021-02-03T10:22:08.936+0500][457.692s] GC(162) Archive regions: 2->2
[2021-02-03T10:22:08.936+0500][457.692s] GC(162) Humongous regions: 13->13
[2021-02-03T10:22:08.936+0500][457.692s] GC(162) Metaspace: 57323K(58368K)->57323K(58368K) NonClass: 50979K(51712K)->50979K(51712K) Class: 6343K(6656K)->6343K(6656K)
[2021-02-03T10:22:08.936+0500][457.692s] GC(162) Pause Young (Normal) (G1 Evacuation Pause) 392M->89M(512M) 2.108ms
[2021-02-03T10:22:08.936+0500][457.692s] GC(162) User=0.01s Sys=0.00s Real=0.00s
[2021-02-03T10:22:09.478+0500][458.234s] GC(163) Pause Young (Normal) (G1 Evacuation Pause)
[2021-02-03T10:22:09.478+0500][458.234s] GC(163) Using 13 workers of 13 for evacuation
[2021-02-03T10:22:09.479+0500][458.236s] GC(163)   Pre Evacuate Collection Set: 0.1ms
[2021-02-03T10:22:09.479+0500][458.236s] GC(163)   Merge Heap Roots: 0.2ms
[2021-02-03T10:22:09.479+0500][458.236s] GC(163)   Evacuate Collection Set: 0.5ms
[2021-02-03T10:22:09.479+0500][458.236s] GC(163)   Post Evacuate Collection Set: 0.9ms
[2021-02-03T10:22:09.480+0500][458.236s] GC(163)   Other: 0.2ms
[2021-02-03T10:22:09.480+0500][458.236s] GC(163) Eden regions: 303->0(306)
[2021-02-03T10:22:09.480+0500][458.236s] GC(163) Survivor regions: 4->1(39)
[2021-02-03T10:22:09.480+0500][458.236s] GC(163) Old regions: 73->73
[2021-02-03T10:22:09.480+0500][458.236s] GC(163) Archive regions: 2->2
[2021-02-03T10:22:09.480+0500][458.236s] GC(163) Humongous regions: 13->13
[2021-02-03T10:22:09.480+0500][458.236s] GC(163) Metaspace: 57333K(58368K)->57333K(58368K) NonClass: 50990K(51712K)->50990K(51712K) Class: 6343K(6656K)->6343K(6656K)
[2021-02-03T10:22:09.480+0500][458.236s] GC(163) Pause Young (Normal) (G1 Evacuation Pause) 392M->87M(512M) 1.936ms
[2021-02-03T10:22:09.480+0500][458.236s] GC(163) User=0.01s Sys=0.00s Real=0.01s
[2021-02-03T10:22:10.161+0500][458.917s] GC(164) Pause Young (Normal) (G1 Evacuation Pause)
[2021-02-03T10:22:10.161+0500][458.917s] GC(164) Using 13 workers of 13 for evacuation
[2021-02-03T10:22:10.162+0500][458.918s] GC(164)   Pre Evacuate Collection Set: 0.1ms
[2021-02-03T10:22:10.162+0500][458.918s] GC(164)   Merge Heap Roots: 0.1ms
[2021-02-03T10:22:10.162+0500][458.918s] GC(164)   Evacuate Collection Set: 0.5ms
[2021-02-03T10:22:10.162+0500][458.918s] GC(164)   Post Evacuate Collection Set: 0.5ms
[2021-02-03T10:22:10.162+0500][458.918s] GC(164)   Other: 0.2ms
[2021-02-03T10:22:10.162+0500][458.918s] GC(164) Eden regions: 306->0(306)
[2021-02-03T10:22:10.162+0500][458.918s] GC(164) Survivor regions: 1->1(39)
[2021-02-03T10:22:10.162+0500][458.918s] GC(164) Old regions: 73->73
[2021-02-03T10:22:10.162+0500][458.918s] GC(164) Archive regions: 2->2
[2021-02-03T10:22:10.162+0500][458.919s] GC(164) Humongous regions: 13->13
[2021-02-03T10:22:10.162+0500][458.919s] GC(164) Metaspace: 57333K(58368K)->57333K(58368K) NonClass: 50990K(51712K)->50990K(51712K) Class: 6343K(6656K)->6343K(6656K)
[2021-02-03T10:22:10.162+0500][458.919s] GC(164) Pause Young (Normal) (G1 Evacuation Pause) 393M->87M(512M) 1.549ms
[2021-02-03T10:22:10.162+0500][458.919s] GC(164) User=0.00s Sys=0.00s Real=0.00s
[2021-02-03T10:22:10.695+0500][459.452s] GC(165) Pause Young (Normal) (G1 Evacuation Pause)
[2021-02-03T10:22:10.695+0500][459.452s] GC(165) Using 13 workers of 13 for evacuation
[2021-02-03T10:22:10.697+0500][459.453s] GC(165)   Pre Evacuate Collection Set: 0.1ms
[2021-02-03T10:22:10.697+0500][459.453s] GC(165)   Merge Heap Roots: 0.1ms
[2021-02-03T10:22:10.697+0500][459.453s] GC(165)   Evacuate Collection Set: 0.7ms
[2021-02-03T10:22:10.697+0500][459.453s] GC(165)   Post Evacuate Collection Set: 0.5ms
[2021-02-03T10:22:10.697+0500][459.453s] GC(165)   Other: 0.2ms
[2021-02-03T10:22:10.697+0500][459.453s] GC(165) Eden regions: 306->0(304)
[2021-02-03T10:22:10.697+0500][459.453s] GC(165) Survivor regions: 1->3(39)
[2021-02-03T10:22:10.697+0500][459.453s] GC(165) Old regions: 73->73
[2021-02-03T10:22:10.697+0500][459.453s] GC(165) Archive regions: 2->2
[2021-02-03T10:22:10.697+0500][459.453s] GC(165) Humongous regions: 13->13
[2021-02-03T10:22:10.697+0500][459.453s] GC(165) Metaspace: 57345K(58368K)->57345K(58368K) NonClass: 51002K(51712K)->51002K(51712K) Class: 6343K(6656K)->6343K(6656K)
[2021-02-03T10:22:10.697+0500][459.453s] GC(165) Pause Young (Normal) (G1 Evacuation Pause) 393M->88M(512M) 1.701ms
[2021-02-03T10:22:10.697+0500][459.453s] GC(165) User=0.01s Sys=0.00s Real=0.00s
[2021-02-03T10:22:11.309+0500][460.066s] GC(166) Pause Young (Normal) (G1 Evacuation Pause)
[2021-02-03T10:22:11.309+0500][460.066s] GC(166) Using 13 workers of 13 for evacuation
[2021-02-03T10:22:11.311+0500][460.068s] GC(166)   Pre Evacuate Collection Set: 0.1ms
[2021-02-03T10:22:11.311+0500][460.068s] GC(166)   Merge Heap Roots: 0.1ms
[2021-02-03T10:22:11.311+0500][460.068s] GC(166)   Evacuate Collection Set: 0.8ms
[2021-02-03T10:22:11.311+0500][460.068s] GC(166)   Post Evacuate Collection Set: 0.7ms
[2021-02-03T10:22:11.311+0500][460.068s] GC(166)   Other: 0.2ms
[2021-02-03T10:22:11.311+0500][460.068s] GC(166) Eden regions: 304->0(304)
[2021-02-03T10:22:11.311+0500][460.068s] GC(166) Survivor regions: 3->3(39)
[2021-02-03T10:22:11.311+0500][460.068s] GC(166) Old regions: 73->73
[2021-02-03T10:22:11.311+0500][460.068s] GC(166) Archive regions: 2->2
[2021-02-03T10:22:11.311+0500][460.068s] GC(166) Humongous regions: 13->13
[2021-02-03T10:22:11.311+0500][460.068s] GC(166) Metaspace: 57345K(58368K)->57345K(58368K) NonClass: 51002K(51712K)->51002K(51712K) Class: 6343K(6656K)->6343K(6656K)
[2021-02-03T10:22:11.311+0500][460.068s] GC(166) Pause Young (Normal) (G1 Evacuation Pause) 392M->89M(512M) 2.084ms
[2021-02-03T10:22:11.311+0500][460.068s] GC(166) User=0.01s Sys=0.00s Real=0.01s
[2021-02-03T10:22:11.849+0500][460.606s] GC(167) Pause Young (Normal) (G1 Evacuation Pause)
[2021-02-03T10:22:11.849+0500][460.606s] GC(167) Using 13 workers of 13 for evacuation
[2021-02-03T10:22:11.851+0500][460.607s] GC(167)   Pre Evacuate Collection Set: 0.1ms
[2021-02-03T10:22:11.851+0500][460.607s] GC(167)   Merge Heap Roots: 0.1ms
[2021-02-03T10:22:11.851+0500][460.607s] GC(167)   Evacuate Collection Set: 0.6ms
[2021-02-03T10:22:11.851+0500][460.607s] GC(167)   Post Evacuate Collection Set: 0.9ms
[2021-02-03T10:22:11.851+0500][460.607s] GC(167)   Other: 0.1ms
[2021-02-03T10:22:11.851+0500][460.607s] GC(167) Eden regions: 304->0(305)
[2021-02-03T10:22:11.851+0500][460.607s] GC(167) Survivor regions: 3->2(39)
[2021-02-03T10:22:11.851+0500][460.607s] GC(167) Old regions: 73->73
[2021-02-03T10:22:11.851+0500][460.607s] GC(167) Archive regions: 2->2
[2021-02-03T10:22:11.851+0500][460.608s] GC(167) Humongous regions: 13->13
[2021-02-03T10:22:11.851+0500][460.608s] GC(167) Metaspace: 57351K(58368K)->57351K(58368K) NonClass: 51008K(51712K)->51008K(51712K) Class: 6343K(6656K)->6343K(6656K)
[2021-02-03T10:22:11.851+0500][460.608s] GC(167) Pause Young (Normal) (G1 Evacuation Pause) 393M->87M(512M) 2.024ms
[2021-02-03T10:22:11.851+0500][460.608s] GC(167) User=0.01s Sys=0.00s Real=0.01s
[2021-02-03T10:22:12.548+0500][461.304s] GC(168) Pause Young (Normal) (G1 Evacuation Pause)
[2021-02-03T10:22:12.548+0500][461.304s] GC(168) Using 13 workers of 13 for evacuation
[2021-02-03T10:22:12.550+0500][461.306s] GC(168)   Pre Evacuate Collection Set: 0.1ms
[2021-02-03T10:22:12.550+0500][461.306s] GC(168)   Merge Heap Roots: 0.1ms
[2021-02-03T10:22:12.550+0500][461.306s] GC(168)   Evacuate Collection Set: 0.7ms
[2021-02-03T10:22:12.550+0500][461.306s] GC(168)   Post Evacuate Collection Set: 0.5ms
[2021-02-03T10:22:12.550+0500][461.306s] GC(168)   Other: 0.2ms
[2021-02-03T10:22:12.550+0500][461.306s] GC(168) Eden regions: 305->0(302)
[2021-02-03T10:22:12.550+0500][461.306s] GC(168) Survivor regions: 2->5(39)
[2021-02-03T10:22:12.550+0500][461.306s] GC(168) Old regions: 73->73
[2021-02-03T10:22:12.550+0500][461.306s] GC(168) Archive regions: 2->2
[2021-02-03T10:22:12.550+0500][461.306s] GC(168) Humongous regions: 13->13
[2021-02-03T10:22:12.550+0500][461.306s] GC(168) Metaspace: 57355K(58368K)->57355K(58368K) NonClass: 51011K(51712K)->51011K(51712K) Class: 6343K(6656K)->6343K(6656K)
[2021-02-03T10:22:12.550+0500][461.306s] GC(168) Pause Young (Normal) (G1 Evacuation Pause) 392M->90M(512M) 1.762ms
[2021-02-03T10:22:12.550+0500][461.306s] GC(168) User=0.01s Sys=0.00s Real=0.01s
[2021-02-03T10:22:12.964+0500][461.721s] GC(169) Pause Young (Normal) (G1 Evacuation Pause)
[2021-02-03T10:22:12.964+0500][461.721s] GC(169) Using 13 workers of 13 for evacuation
[2021-02-03T10:22:12.966+0500][461.722s] GC(169)   Pre Evacuate Collection Set: 0.1ms
[2021-02-03T10:22:12.966+0500][461.722s] GC(169)   Merge Heap Roots: 0.1ms
[2021-02-03T10:22:12.966+0500][461.722s] GC(169)   Evacuate Collection Set: 0.8ms
[2021-02-03T10:22:12.966+0500][461.722s] GC(169)   Post Evacuate Collection Set: 0.6ms
[2021-02-03T10:22:12.966+0500][461.722s] GC(169)   Other: 0.2ms
[2021-02-03T10:22:12.966+0500][461.722s] GC(169) Eden regions: 302->0(302)
[2021-02-03T10:22:12.966+0500][461.722s] GC(169) Survivor regions: 5->5(39)
[2021-02-03T10:22:12.966+0500][461.722s] GC(169) Old regions: 73->73
[2021-02-03T10:22:12.966+0500][461.722s] GC(169) Archive regions: 2->2
[2021-02-03T10:22:12.966+0500][461.722s] GC(169) Humongous regions: 13->13
[2021-02-03T10:22:12.966+0500][461.722s] GC(169) Metaspace: 57355K(58368K)->57355K(58368K) NonClass: 51011K(51712K)->51011K(51712K) Class: 6343K(6656K)->6343K(6656K)
[2021-02-03T10:22:12.966+0500][461.722s] GC(169) Pause Young (Normal) (G1 Evacuation Pause) 392M->90M(512M) 1.809ms
[2021-02-03T10:22:12.966+0500][461.722s] GC(169) User=0.00s Sys=0.00s Real=0.00s
[2021-02-03T10:22:13.802+0500][462.558s] GC(170) Pause Young (Normal) (G1 Evacuation Pause)
[2021-02-03T10:22:13.802+0500][462.559s] GC(170) Using 13 workers of 13 for evacuation
[2021-02-03T10:22:13.803+0500][462.560s] GC(170)   Pre Evacuate Collection Set: 0.1ms
[2021-02-03T10:22:13.803+0500][462.560s] GC(170)   Merge Heap Roots: 0.1ms
[2021-02-03T10:22:13.803+0500][462.560s] GC(170)   Evacuate Collection Set: 0.7ms
[2021-02-03T10:22:13.803+0500][462.560s] GC(170)   Post Evacuate Collection Set: 0.4ms
[2021-02-03T10:22:13.803+0500][462.560s] GC(170)   Other: 0.1ms
[2021-02-03T10:22:13.803+0500][462.560s] GC(170) Eden regions: 302->0(302)
[2021-02-03T10:22:13.804+0500][462.560s] GC(170) Survivor regions: 5->5(39)
[2021-02-03T10:22:13.804+0500][462.560s] GC(170) Old regions: 73->73
[2021-02-03T10:22:13.804+0500][462.560s] GC(170) Archive regions: 2->2
[2021-02-03T10:22:13.804+0500][462.560s] GC(170) Humongous regions: 13->13
[2021-02-03T10:22:13.804+0500][462.560s] GC(170) Metaspace: 57355K(58368K)->57355K(58368K) NonClass: 51012K(51712K)->51012K(51712K) Class: 6343K(6656K)->6343K(6656K)
[2021-02-03T10:22:13.804+0500][462.560s] GC(170) Pause Young (Normal) (G1 Evacuation Pause) 392M->90M(512M) 1.466ms
[2021-02-03T10:22:13.804+0500][462.560s] GC(170) User=0.01s Sys=0.01s Real=0.00s
[2021-02-03T10:22:14.284+0500][463.041s] GC(171) Pause Young (Normal) (G1 Evacuation Pause)
[2021-02-03T10:22:14.285+0500][463.041s] GC(171) Using 13 workers of 13 for evacuation
[2021-02-03T10:22:14.286+0500][463.042s] GC(171)   Pre Evacuate Collection Set: 0.1ms
[2021-02-03T10:22:14.286+0500][463.042s] GC(171)   Merge Heap Roots: 0.1ms
[2021-02-03T10:22:14.286+0500][463.042s] GC(171)   Evacuate Collection Set: 0.7ms
[2021-02-03T10:22:14.286+0500][463.042s] GC(171)   Post Evacuate Collection Set: 0.4ms
[2021-02-03T10:22:14.286+0500][463.042s] GC(171)   Other: 0.2ms
[2021-02-03T10:22:14.286+0500][463.042s] GC(171) Eden regions: 302->0(302)
[2021-02-03T10:22:14.286+0500][463.042s] GC(171) Survivor regions: 5->5(39)
[2021-02-03T10:22:14.286+0500][463.042s] GC(171) Old regions: 73->73
[2021-02-03T10:22:14.286+0500][463.042s] GC(171) Archive regions: 2->2
[2021-02-03T10:22:14.286+0500][463.042s] GC(171) Humongous regions: 13->13
[2021-02-03T10:22:14.286+0500][463.042s] GC(171) Metaspace: 57355K(58368K)->57355K(58368K) NonClass: 51012K(51712K)->51012K(51712K) Class: 6343K(6656K)->6343K(6656K)
[2021-02-03T10:22:14.286+0500][463.042s] GC(171) Pause Young (Normal) (G1 Evacuation Pause) 392M->90M(512M) 1.563ms
[2021-02-03T10:22:14.286+0500][463.042s] GC(171) User=0.01s Sys=0.00s Real=0.00s
[2021-02-03T10:22:14.865+0500][463.622s] GC(172) Pause Young (Normal) (G1 Evacuation Pause)
[2021-02-03T10:22:14.866+0500][463.622s] GC(172) Using 13 workers of 13 for evacuation
[2021-02-03T10:22:14.868+0500][463.624s] GC(172)   Pre Evacuate Collection Set: 0.1ms
[2021-02-03T10:22:14.868+0500][463.625s] GC(172)   Merge Heap Roots: 0.1ms
[2021-02-03T10:22:14.868+0500][463.625s] GC(172)   Evacuate Collection Set: 1.4ms
[2021-02-03T10:22:14.868+0500][463.625s] GC(172)   Post Evacuate Collection Set: 0.9ms
[2021-02-03T10:22:14.868+0500][463.625s] GC(172)   Other: 0.2ms
[2021-02-03T10:22:14.868+0500][463.625s] GC(172) Eden regions: 302->0(296)
[2021-02-03T10:22:14.868+0500][463.625s] GC(172) Survivor regions: 5->11(39)
[2021-02-03T10:22:14.868+0500][463.625s] GC(172) Old regions: 73->73
[2021-02-03T10:22:14.868+0500][463.625s] GC(172) Archive regions: 2->2
[2021-02-03T10:22:14.868+0500][463.625s] GC(172) Humongous regions: 17->15
[2021-02-03T10:22:14.868+0500][463.625s] GC(172) Metaspace: 57359K(58368K)->57359K(58368K) NonClass: 51015K(51712K)->51015K(51712K) Class: 6343K(6656K)->6343K(6656K)
[2021-02-03T10:22:14.868+0500][463.625s] GC(172) Pause Young (Normal) (G1 Evacuation Pause) 396M->98M(512M) 2.861ms
[2021-02-03T10:22:14.868+0500][463.625s] GC(172) User=0.02s Sys=0.00s Real=0.00s
[2021-02-03T10:22:15.243+0500][463.999s] GC(173) Pause Young (Normal) (G1 Evacuation Pause)
[2021-02-03T10:22:15.243+0500][463.999s] GC(173) Using 13 workers of 13 for evacuation
[2021-02-03T10:22:15.245+0500][464.001s] GC(173)   Pre Evacuate Collection Set: 0.1ms
[2021-02-03T10:22:15.245+0500][464.001s] GC(173)   Merge Heap Roots: 0.1ms
[2021-02-03T10:22:15.245+0500][464.001s] GC(173)   Evacuate Collection Set: 0.6ms
[2021-02-03T10:22:15.245+0500][464.001s] GC(173)   Post Evacuate Collection Set: 0.7ms
[2021-02-03T10:22:15.245+0500][464.001s] GC(173)   Other: 0.2ms
[2021-02-03T10:22:15.245+0500][464.001s] GC(173) Eden regions: 296->0(305)
[2021-02-03T10:22:15.245+0500][464.001s] GC(173) Survivor regions: 11->2(39)
[2021-02-03T10:22:15.245+0500][464.001s] GC(173) Old regions: 73->73
[2021-02-03T10:22:15.245+0500][464.001s] GC(173) Archive regions: 2->2
[2021-02-03T10:22:15.245+0500][464.001s] GC(173) Humongous regions: 15->13
[2021-02-03T10:22:15.245+0500][464.001s] GC(173) Metaspace: 57360K(58368K)->57360K(58368K) NonClass: 51016K(51712K)->51016K(51712K) Class: 6343K(6656K)->6343K(6656K)
[2021-02-03T10:22:15.245+0500][464.001s] GC(173) Pause Young (Normal) (G1 Evacuation Pause) 394M->88M(512M) 1.757ms
[2021-02-03T10:22:15.245+0500][464.001s] GC(173) User=0.01s Sys=0.00s Real=0.00s
[2021-02-03T10:22:15.800+0500][464.556s] GC(174) Pause Young (Normal) (G1 Evacuation Pause)
[2021-02-03T10:22:15.800+0500][464.556s] GC(174) Using 13 workers of 13 for evacuation
[2021-02-03T10:22:15.800+0500][464.557s] GC(174)   Pre Evacuate Collection Set: 0.1ms
[2021-02-03T10:22:15.801+0500][464.557s] GC(174)   Merge Heap Roots: 0.1ms
[2021-02-03T10:22:15.801+0500][464.557s] GC(174)   Evacuate Collection Set: 0.4ms
[2021-02-03T10:22:15.801+0500][464.557s] GC(174)   Post Evacuate Collection Set: 0.3ms
[2021-02-03T10:22:15.801+0500][464.557s] GC(174)   Other: 0.1ms
[2021-02-03T10:22:15.801+0500][464.557s] GC(174) Eden regions: 305->0(305)
[2021-02-03T10:22:15.801+0500][464.557s] GC(174) Survivor regions: 2->2(39)
[2021-02-03T10:22:15.801+0500][464.557s] GC(174) Old regions: 73->73
[2021-02-03T10:22:15.801+0500][464.557s] GC(174) Archive regions: 2->2
[2021-02-03T10:22:15.801+0500][464.557s] GC(174) Humongous regions: 13->13
[2021-02-03T10:22:15.801+0500][464.557s] GC(174) Metaspace: 57360K(58368K)->57360K(58368K) NonClass: 51016K(51712K)->51016K(51712K) Class: 6343K(6656K)->6343K(6656K)
[2021-02-03T10:22:15.801+0500][464.557s] GC(174) Pause Young (Normal) (G1 Evacuation Pause) 393M->88M(512M) 1.110ms
[2021-02-03T10:22:15.801+0500][464.557s] GC(174) User=0.00s Sys=0.00s Real=0.00s
[2021-02-03T10:22:16.458+0500][465.214s] GC(175) Pause Young (Normal) (G1 Evacuation Pause)
[2021-02-03T10:22:16.458+0500][465.214s] GC(175) Using 13 workers of 13 for evacuation
[2021-02-03T10:22:16.459+0500][465.215s] GC(175)   Pre Evacuate Collection Set: 0.1ms
[2021-02-03T10:22:16.459+0500][465.216s] GC(175)   Merge Heap Roots: 0.1ms
[2021-02-03T10:22:16.459+0500][465.216s] GC(175)   Evacuate Collection Set: 0.6ms
[2021-02-03T10:22:16.459+0500][465.216s] GC(175)   Post Evacuate Collection Set: 0.3ms
[2021-02-03T10:22:16.459+0500][465.216s] GC(175)   Other: 0.1ms
[2021-02-03T10:22:16.459+0500][465.216s] GC(175) Eden regions: 305->0(302)
[2021-02-03T10:22:16.459+0500][465.216s] GC(175) Survivor regions: 2->5(39)
[2021-02-03T10:22:16.459+0500][465.216s] GC(175) Old regions: 73->73
[2021-02-03T10:22:16.459+0500][465.216s] GC(175) Archive regions: 2->2
[2021-02-03T10:22:16.459+0500][465.216s] GC(175) Humongous regions: 13->13
[2021-02-03T10:22:16.459+0500][465.216s] GC(175) Metaspace: 57360K(58368K)->57360K(58368K) NonClass: 51016K(51712K)->51016K(51712K) Class: 6343K(6656K)->6343K(6656K)
[2021-02-03T10:22:16.459+0500][465.216s] GC(175) Pause Young (Normal) (G1 Evacuation Pause) 393M->90M(512M) 1.356ms
[2021-02-03T10:22:16.459+0500][465.216s] GC(175) User=0.01s Sys=0.00s Real=0.00s
[2021-02-03T10:22:17.022+0500][465.779s] GC(176) Pause Young (Normal) (G1 Evacuation Pause)
[2021-02-03T10:22:17.022+0500][465.779s] GC(176) Using 13 workers of 13 for evacuation
[2021-02-03T10:22:17.023+0500][465.780s] GC(176)   Pre Evacuate Collection Set: 0.1ms
[2021-02-03T10:22:17.023+0500][465.780s] GC(176)   Merge Heap Roots: 0.1ms
[2021-02-03T10:22:17.023+0500][465.780s] GC(176)   Evacuate Collection Set: 0.5ms
[2021-02-03T10:22:17.024+0500][465.780s] GC(176)   Post Evacuate Collection Set: 0.4ms
[2021-02-03T10:22:17.024+0500][465.780s] GC(176)   Other: 0.1ms
[2021-02-03T10:22:17.024+0500][465.780s] GC(176) Eden regions: 302->0(305)
[2021-02-03T10:22:17.024+0500][465.780s] GC(176) Survivor regions: 5->2(39)
[2021-02-03T10:22:17.024+0500][465.780s] GC(176) Old regions: 73->73
[2021-02-03T10:22:17.024+0500][465.780s] GC(176) Archive regions: 2->2
[2021-02-03T10:22:17.024+0500][465.780s] GC(176) Humongous regions: 13->13
[2021-02-03T10:22:17.024+0500][465.780s] GC(176) Metaspace: 57371K(58368K)->57371K(58368K) NonClass: 51026K(51712K)->51026K(51712K) Class: 6344K(6656K)->6344K(6656K)
[2021-02-03T10:22:17.024+0500][465.780s] GC(176) Pause Young (Normal) (G1 Evacuation Pause) 392M->88M(512M) 1.328ms
[2021-02-03T10:22:17.024+0500][465.780s] GC(176) User=0.01s Sys=0.00s Real=0.00s
[2021-02-03T10:22:17.758+0500][466.514s] GC(177) Pause Young (Normal) (G1 Evacuation Pause)
[2021-02-03T10:22:17.758+0500][466.514s] GC(177) Using 13 workers of 13 for evacuation
[2021-02-03T10:22:17.759+0500][466.516s] GC(177)   Pre Evacuate Collection Set: 0.1ms
[2021-02-03T10:22:17.759+0500][466.516s] GC(177)   Merge Heap Roots: 0.1ms
[2021-02-03T10:22:17.760+0500][466.516s] GC(177)   Evacuate Collection Set: 0.6ms
[2021-02-03T10:22:17.760+0500][466.516s] GC(177)   Post Evacuate Collection Set: 0.7ms
[2021-02-03T10:22:17.760+0500][466.516s] GC(177)   Other: 0.2ms
[2021-02-03T10:22:17.760+0500][466.516s] GC(177) Eden regions: 305->0(305)
[2021-02-03T10:22:17.760+0500][466.516s] GC(177) Survivor regions: 2->2(39)
[2021-02-03T10:22:17.760+0500][466.516s] GC(177) Old regions: 73->73
[2021-02-03T10:22:17.760+0500][466.516s] GC(177) Archive regions: 2->2
[2021-02-03T10:22:17.760+0500][466.516s] GC(177) Humongous regions: 13->13
[2021-02-03T10:22:17.760+0500][466.516s] GC(177) Metaspace: 57371K(58368K)->57371K(58368K) NonClass: 51026K(51712K)->51026K(51712K) Class: 6344K(6656K)->6344K(6656K)
[2021-02-03T10:22:17.760+0500][466.516s] GC(177) Pause Young (Normal) (G1 Evacuation Pause) 393M->88M(512M) 1.787ms
[2021-02-03T10:22:17.760+0500][466.516s] GC(177) User=0.01s Sys=0.00s Real=0.01s
[2021-02-03T10:22:18.313+0500][467.070s] GC(178) Pause Young (Normal) (G1 Evacuation Pause)
[2021-02-03T10:22:18.313+0500][467.070s] GC(178) Using 13 workers of 13 for evacuation
[2021-02-03T10:22:18.314+0500][467.071s] GC(178)   Pre Evacuate Collection Set: 0.1ms
[2021-02-03T10:22:18.314+0500][467.071s] GC(178)   Merge Heap Roots: 0.1ms
[2021-02-03T10:22:18.314+0500][467.071s] GC(178)   Evacuate Collection Set: 0.4ms
[2021-02-03T10:22:18.314+0500][467.071s] GC(178)   Post Evacuate Collection Set: 0.3ms
[2021-02-03T10:22:18.314+0500][467.071s] GC(178)   Other: 0.1ms
[2021-02-03T10:22:18.314+0500][467.071s] GC(178) Eden regions: 305->0(305)
[2021-02-03T10:22:18.314+0500][467.071s] GC(178) Survivor regions: 2->2(39)
[2021-02-03T10:22:18.314+0500][467.071s] GC(178) Old regions: 73->74
[2021-02-03T10:22:18.314+0500][467.071s] GC(178) Archive regions: 2->2
[2021-02-03T10:22:18.314+0500][467.071s] GC(178) Humongous regions: 13->13
[2021-02-03T10:22:18.314+0500][467.071s] GC(178) Metaspace: 57371K(58368K)->57371K(58368K) NonClass: 51026K(51712K)->51026K(51712K) Class: 6344K(6656K)->6344K(6656K)
[2021-02-03T10:22:18.314+0500][467.071s] GC(178) Pause Young (Normal) (G1 Evacuation Pause) 393M->88M(512M) 1.153ms
[2021-02-03T10:22:18.314+0500][467.071s] GC(178) User=0.00s Sys=0.00s Real=0.00s
[2021-02-03T10:22:19.048+0500][467.804s] GC(179) Pause Young (Normal) (G1 Evacuation Pause)
[2021-02-03T10:22:19.048+0500][467.804s] GC(179) Using 13 workers of 13 for evacuation
[2021-02-03T10:22:19.049+0500][467.806s] GC(179)   Pre Evacuate Collection Set: 0.1ms
[2021-02-03T10:22:19.049+0500][467.806s] GC(179)   Merge Heap Roots: 0.1ms
[2021-02-03T10:22:19.049+0500][467.806s] GC(179)   Evacuate Collection Set: 0.6ms
[2021-02-03T10:22:19.049+0500][467.806s] GC(179)   Post Evacuate Collection Set: 0.6ms
[2021-02-03T10:22:19.049+0500][467.806s] GC(179)   Other: 0.2ms
[2021-02-03T10:22:19.049+0500][467.806s] GC(179) Eden regions: 305->0(305)
[2021-02-03T10:22:19.049+0500][467.806s] GC(179) Survivor regions: 2->2(39)
[2021-02-03T10:22:19.049+0500][467.806s] GC(179) Old regions: 74->74
[2021-02-03T10:22:19.049+0500][467.806s] GC(179) Archive regions: 2->2
[2021-02-03T10:22:19.049+0500][467.806s] GC(179) Humongous regions: 13->13
[2021-02-03T10:22:19.049+0500][467.806s] GC(179) Metaspace: 57371K(58368K)->57371K(58368K) NonClass: 51026K(51712K)->51026K(51712K) Class: 6344K(6656K)->6344K(6656K)
[2021-02-03T10:22:19.049+0500][467.806s] GC(179) Pause Young (Normal) (G1 Evacuation Pause) 393M->88M(512M) 1.648ms
[2021-02-03T10:22:19.049+0500][467.806s] GC(179) User=0.01s Sys=0.00s Real=0.00s
[2021-02-03T10:30:33.426+0500][962.186s] GC(180) Pause Young (Normal) (G1 Evacuation Pause)
[2021-02-03T10:30:33.427+0500][962.187s] GC(180) Using 13 workers of 13 for evacuation
[2021-02-03T10:30:33.428+0500][962.188s] GC(180)   Pre Evacuate Collection Set: 0.1ms
[2021-02-03T10:30:33.428+0500][962.188s] GC(180)   Merge Heap Roots: 0.1ms
[2021-02-03T10:30:33.428+0500][962.188s] GC(180)   Evacuate Collection Set: 0.6ms
[2021-02-03T10:30:33.428+0500][962.188s] GC(180)   Post Evacuate Collection Set: 0.6ms
[2021-02-03T10:30:33.429+0500][962.188s] GC(180)   Other: 0.6ms
[2021-02-03T10:30:33.429+0500][962.188s] GC(180) Eden regions: 305->0(305)
[2021-02-03T10:30:33.429+0500][962.188s] GC(180) Survivor regions: 2->2(39)
[2021-02-03T10:30:33.429+0500][962.188s] GC(180) Old regions: 74->74
[2021-02-03T10:30:33.429+0500][962.188s] GC(180) Archive regions: 2->2
[2021-02-03T10:30:33.429+0500][962.188s] GC(180) Humongous regions: 13->13
[2021-02-03T10:30:33.429+0500][962.188s] GC(180) Metaspace: 57395K(58368K)->57395K(58368K) NonClass: 51050K(51712K)->51050K(51712K) Class: 6344K(6656K)->6344K(6656K)
[2021-02-03T10:30:33.429+0500][962.188s] GC(180) Pause Young (Normal) (G1 Evacuation Pause) 393M->88M(512M) 2.152ms
[2021-02-03T10:30:33.429+0500][962.188s] GC(180) User=0.01s Sys=0.00s Real=0.00s
[2021-02-04T13:27:53.710+0500][19919.790s] Heap
[2021-02-04T13:27:53.710+0500][19919.790s]  garbage-first heap   total 524288K, used 349950K [0x00000007e0000000, 0x0000000800000000)
[2021-02-04T13:27:53.710+0500][19919.790s]   region size 1024K, 256 young (262144K), 2 survivors (2048K)
[2021-02-04T13:27:53.710+0500][19919.790s]  Metaspace       used 58849K, capacity 59483K, committed 59776K, reserved 1101824K
[2021-02-04T13:27:53.710+0500][19919.790s]   class space    used 6463K, capacity 6675K, committed 6784K, reserved 1048576K
