[2021-02-03T09:57:52.447+0500][0.010s] Using G1
[2021-02-03T09:57:52.640+0500][0.203s] Version: 15.0.1+9 (release)
[2021-02-03T09:57:52.640+0500][0.204s] CPUs: 16 total, 16 available
[2021-02-03T09:57:52.640+0500][0.204s] Memory: 16384M
[2021-02-03T09:57:52.640+0500][0.204s] Large Page Support: Disabled
[2021-02-03T09:57:52.640+0500][0.204s] NUMA Support: Disabled
[2021-02-03T09:57:52.640+0500][0.204s] Compressed Oops: Enabled (Zero based)
[2021-02-03T09:57:52.640+0500][0.204s] Heap Region Size: 1M
[2021-02-03T09:57:52.640+0500][0.204s] Heap Min Capacity: 512M
[2021-02-03T09:57:52.640+0500][0.204s] Heap Initial Capacity: 512M
[2021-02-03T09:57:52.640+0500][0.204s] Heap Max Capacity: 512M
[2021-02-03T09:57:52.640+0500][0.204s] Pre-touch: Enabled
[2021-02-03T09:57:52.640+0500][0.204s] Parallel Workers: 13
[2021-02-03T09:57:52.640+0500][0.204s] Concurrent Workers: 3
[2021-02-03T09:57:52.640+0500][0.204s] Concurrent Refinement Workers: 13
[2021-02-03T09:57:52.640+0500][0.204s] Periodic GC: Disabled
[2021-02-03T09:57:52.641+0500][0.204s] Mark closed archive regions in map: [0x00000007fff00000, 0x00000007fff78ff8]
[2021-02-03T09:57:52.641+0500][0.204s] Mark open archive regions in map: [0x00000007ffe00000, 0x00000007ffe50ff8]
[2021-02-03T09:57:52.641+0500][0.204s] CDS archive(s) mapped at: [0x0000000800000000-0x0000000800b2d000-0x0000000800b2d000), size 11718656, SharedBaseAddress: 0x0000000800000000, ArchiveRelocationMode: 0.
[2021-02-03T09:57:52.641+0500][0.204s] Compressed class space mapped at: 0x0000000800b30000-0x0000000840b30000, size: 1073741824
[2021-02-03T09:57:52.641+0500][0.205s] Narrow klass base: 0x0000000800000000, Narrow klass shift: 3, Narrow klass range: 0x100000000
[2021-02-03T09:57:52.960+0500][0.523s] GC(0) Pause Young (Normal) (G1 Evacuation Pause)
[2021-02-03T09:57:52.960+0500][0.524s] GC(0) Using 12 workers of 13 for evacuation
[2021-02-03T09:57:52.963+0500][0.526s] GC(0)   Pre Evacuate Collection Set: 0.1ms
[2021-02-03T09:57:52.963+0500][0.526s] GC(0)   Merge Heap Roots: 0.1ms
[2021-02-03T09:57:52.963+0500][0.526s] GC(0)   Evacuate Collection Set: 1.6ms
[2021-02-03T09:57:52.963+0500][0.526s] GC(0)   Post Evacuate Collection Set: 0.5ms
[2021-02-03T09:57:52.963+0500][0.526s] GC(0)   Other: 0.9ms
[2021-02-03T09:57:52.963+0500][0.526s] GC(0) Eden regions: 29->0(54)
[2021-02-03T09:57:52.963+0500][0.526s] GC(0) Survivor regions: 0->3(4)
[2021-02-03T09:57:52.963+0500][0.526s] GC(0) Old regions: 0->0
[2021-02-03T09:57:52.963+0500][0.526s] GC(0) Archive regions: 2->2
[2021-02-03T09:57:52.963+0500][0.526s] GC(0) Humongous regions: 0->0
[2021-02-03T09:57:52.963+0500][0.526s] GC(0) Metaspace: 6714K(7808K)->6714K(7808K) NonClass: 5925K(6912K)->5925K(6912K) Class: 788K(896K)->788K(896K)
[2021-02-03T09:57:52.963+0500][0.526s] GC(0) Pause Young (Normal) (G1 Evacuation Pause) 29M->3M(512M) 3.381ms
[2021-02-03T09:57:52.963+0500][0.526s] GC(0) User=0.02s Sys=0.00s Real=0.00s
[2021-02-03T09:57:53.399+0500][0.963s] GC(1) Pause Young (Normal) (G1 Evacuation Pause)
[2021-02-03T09:57:53.400+0500][0.963s] GC(1) Using 13 workers of 13 for evacuation
[2021-02-03T09:57:53.406+0500][0.969s] GC(1)   Pre Evacuate Collection Set: 0.1ms
[2021-02-03T09:57:53.406+0500][0.969s] GC(1)   Merge Heap Roots: 0.1ms
[2021-02-03T09:57:53.406+0500][0.969s] GC(1)   Evacuate Collection Set: 5.1ms
[2021-02-03T09:57:53.406+0500][0.969s] GC(1)   Post Evacuate Collection Set: 1.0ms
[2021-02-03T09:57:53.406+0500][0.969s] GC(1)   Other: 0.2ms
[2021-02-03T09:57:53.406+0500][0.969s] GC(1) Eden regions: 54->0(299)
[2021-02-03T09:57:53.406+0500][0.969s] GC(1) Survivor regions: 3->8(8)
[2021-02-03T09:57:53.406+0500][0.969s] GC(1) Old regions: 0->8
[2021-02-03T09:57:53.406+0500][0.969s] GC(1) Archive regions: 2->2
[2021-02-03T09:57:53.406+0500][0.969s] GC(1) Humongous regions: 4->4
[2021-02-03T09:57:53.406+0500][0.969s] GC(1) Metaspace: 15585K(16256K)->15585K(16256K) NonClass: 13778K(14336K)->13778K(14336K) Class: 1807K(1920K)->1807K(1920K)
[2021-02-03T09:57:53.406+0500][0.969s] GC(1) Pause Young (Normal) (G1 Evacuation Pause) 61M->19M(512M) 6.715ms
[2021-02-03T09:57:53.406+0500][0.969s] GC(1) User=0.04s Sys=0.02s Real=0.01s
[2021-02-03T09:57:53.648+0500][1.212s] GC(2) Pause Young (Concurrent Start) (Metadata GC Threshold)
[2021-02-03T09:57:53.648+0500][1.212s] GC(2) Using 13 workers of 13 for evacuation
[2021-02-03T09:57:53.653+0500][1.217s] GC(2)   Pre Evacuate Collection Set: 0.1ms
[2021-02-03T09:57:53.654+0500][1.217s] GC(2)   Merge Heap Roots: 0.1ms
[2021-02-03T09:57:53.654+0500][1.217s] GC(2)   Evacuate Collection Set: 3.3ms
[2021-02-03T09:57:53.654+0500][1.217s] GC(2)   Post Evacuate Collection Set: 1.1ms
[2021-02-03T09:57:53.654+0500][1.217s] GC(2)   Other: 0.4ms
[2021-02-03T09:57:53.654+0500][1.217s] GC(2) Eden regions: 34->0(291)
[2021-02-03T09:57:53.654+0500][1.217s] GC(2) Survivor regions: 8->13(39)
[2021-02-03T09:57:53.654+0500][1.217s] GC(2) Old regions: 8->8
[2021-02-03T09:57:53.654+0500][1.217s] GC(2) Archive regions: 2->2
[2021-02-03T09:57:53.654+0500][1.217s] GC(2) Humongous regions: 4->4
[2021-02-03T09:57:53.654+0500][1.217s] GC(2) Metaspace: 20671K(21296K)->20671K(21296K) NonClass: 18354K(18864K)->18354K(18864K) Class: 2316K(2432K)->2316K(2432K)
[2021-02-03T09:57:53.654+0500][1.217s] GC(2) Pause Young (Concurrent Start) (Metadata GC Threshold) 53M->24M(512M) 5.192ms
[2021-02-03T09:57:53.654+0500][1.217s] GC(2) User=0.04s Sys=0.00s Real=0.01s
[2021-02-03T09:57:53.654+0500][1.217s] GC(3) Concurrent Cycle
[2021-02-03T09:57:53.654+0500][1.217s] GC(3) Concurrent Clear Claimed Marks
[2021-02-03T09:57:53.654+0500][1.217s] GC(3) Concurrent Clear Claimed Marks 0.016ms
[2021-02-03T09:57:53.654+0500][1.217s] GC(3) Concurrent Scan Root Regions
[2021-02-03T09:57:53.656+0500][1.219s] GC(3) Concurrent Scan Root Regions 1.935ms
[2021-02-03T09:57:53.656+0500][1.219s] GC(3) Concurrent Mark (1.219s)
[2021-02-03T09:57:53.656+0500][1.219s] GC(3) Concurrent Mark From Roots
[2021-02-03T09:57:53.656+0500][1.219s] GC(3) Using 3 workers of 3 for marking
[2021-02-03T09:57:53.660+0500][1.223s] GC(3) Concurrent Mark From Roots 3.987ms
[2021-02-03T09:57:53.660+0500][1.223s] GC(3) Concurrent Preclean
[2021-02-03T09:57:53.660+0500][1.223s] GC(3) Concurrent Preclean 0.038ms
[2021-02-03T09:57:53.660+0500][1.223s] GC(3) Concurrent Mark (1.219s, 1.223s) 4.072ms
[2021-02-03T09:57:53.660+0500][1.223s] GC(3) Pause Remark
[2021-02-03T09:57:53.661+0500][1.224s] GC(3) Pause Remark 25M->24M(512M) 0.904ms
[2021-02-03T09:57:53.661+0500][1.224s] GC(3) User=0.01s Sys=0.00s Real=0.00s
[2021-02-03T09:57:53.661+0500][1.224s] GC(3) Concurrent Rebuild Remembered Sets
[2021-02-03T09:57:53.664+0500][1.227s] GC(3) Concurrent Rebuild Remembered Sets 2.731ms
[2021-02-03T09:57:53.664+0500][1.227s] GC(3) Pause Cleanup
[2021-02-03T09:57:53.664+0500][1.227s] GC(3) Pause Cleanup 25M->25M(512M) 0.120ms
[2021-02-03T09:57:53.664+0500][1.227s] GC(3) User=0.00s Sys=0.00s Real=0.00s
[2021-02-03T09:57:53.664+0500][1.227s] GC(3) Concurrent Cleanup for Next Mark
[2021-02-03T09:57:53.665+0500][1.228s] GC(3) Concurrent Cleanup for Next Mark 0.870ms
[2021-02-03T09:57:53.665+0500][1.228s] GC(3) Concurrent Cycle 11.317ms
[2021-02-03T09:57:54.476+0500][2.039s] GC(4) Pause Young (Concurrent Start) (GCLocker Initiated GC)
[2021-02-03T09:57:54.476+0500][2.039s] GC(4) Using 13 workers of 13 for evacuation
[2021-02-03T09:57:54.482+0500][2.045s] GC(4)   Pre Evacuate Collection Set: 0.1ms
[2021-02-03T09:57:54.482+0500][2.045s] GC(4)   Merge Heap Roots: 0.1ms
[2021-02-03T09:57:54.482+0500][2.045s] GC(4)   Evacuate Collection Set: 4.7ms
[2021-02-03T09:57:54.482+0500][2.045s] GC(4)   Post Evacuate Collection Set: 1.2ms
[2021-02-03T09:57:54.482+0500][2.045s] GC(4)   Other: 0.3ms
[2021-02-03T09:57:54.482+0500][2.045s] GC(4) Eden regions: 121->0(285)
[2021-02-03T09:57:54.482+0500][2.045s] GC(4) Survivor regions: 13->22(37)
[2021-02-03T09:57:54.482+0500][2.045s] GC(4) Old regions: 7->7
[2021-02-03T09:57:54.482+0500][2.045s] GC(4) Archive regions: 2->2
[2021-02-03T09:57:54.482+0500][2.045s] GC(4) Humongous regions: 5->5
[2021-02-03T09:57:54.482+0500][2.045s] GC(4) Metaspace: 35346K(36304K)->35346K(36304K) NonClass: 31373K(32132K)->31373K(32132K) Class: 3973K(4172K)->3973K(4172K)
[2021-02-03T09:57:54.482+0500][2.045s] GC(4) Pause Young (Concurrent Start) (GCLocker Initiated GC) 145M->34M(512M) 6.497ms
[2021-02-03T09:57:54.482+0500][2.045s] GC(4) User=0.07s Sys=0.00s Real=0.01s
[2021-02-03T09:57:54.482+0500][2.045s] GC(5) Concurrent Cycle
[2021-02-03T09:57:54.482+0500][2.045s] GC(5) Concurrent Clear Claimed Marks
[2021-02-03T09:57:54.482+0500][2.045s] GC(5) Concurrent Clear Claimed Marks 0.033ms
[2021-02-03T09:57:54.482+0500][2.045s] GC(5) Concurrent Scan Root Regions
[2021-02-03T09:57:54.486+0500][2.049s] GC(5) Concurrent Scan Root Regions 3.512ms
[2021-02-03T09:57:54.486+0500][2.049s] GC(5) Concurrent Mark (2.049s)
[2021-02-03T09:57:54.486+0500][2.049s] GC(5) Concurrent Mark From Roots
[2021-02-03T09:57:54.486+0500][2.049s] GC(5) Using 3 workers of 3 for marking
[2021-02-03T09:57:54.490+0500][2.053s] GC(5) Concurrent Mark From Roots 4.386ms
[2021-02-03T09:57:54.490+0500][2.053s] GC(5) Concurrent Preclean
[2021-02-03T09:57:54.490+0500][2.054s] GC(5) Concurrent Preclean 0.032ms
[2021-02-03T09:57:54.490+0500][2.054s] GC(5) Concurrent Mark (2.049s, 2.054s) 4.510ms
[2021-02-03T09:57:54.490+0500][2.054s] GC(5) Pause Remark
[2021-02-03T09:57:54.492+0500][2.055s] GC(5) Pause Remark 39M->39M(512M) 1.442ms
[2021-02-03T09:57:54.492+0500][2.055s] GC(5) User=0.01s Sys=0.01s Real=0.00s
[2021-02-03T09:57:54.492+0500][2.055s] GC(5) Concurrent Rebuild Remembered Sets
[2021-02-03T09:57:54.495+0500][2.059s] GC(5) Concurrent Rebuild Remembered Sets 3.227ms
[2021-02-03T09:57:54.498+0500][2.061s] GC(5) Pause Cleanup
[2021-02-03T09:57:54.498+0500][2.061s] GC(5) Pause Cleanup 42M->42M(512M) 0.129ms
[2021-02-03T09:57:54.498+0500][2.061s] GC(5) User=0.00s Sys=0.00s Real=0.00s
[2021-02-03T09:57:54.498+0500][2.061s] GC(5) Concurrent Cleanup for Next Mark
[2021-02-03T09:57:54.499+0500][2.062s] GC(5) Concurrent Cleanup for Next Mark 0.743ms
[2021-02-03T09:57:54.499+0500][2.062s] GC(5) Concurrent Cycle 16.790ms
[2021-02-03T09:57:54.983+0500][2.547s] GC(6) Pause Young (Normal) (G1 Evacuation Pause)
[2021-02-03T09:57:54.983+0500][2.547s] GC(6) Using 13 workers of 13 for evacuation
[2021-02-03T09:57:54.990+0500][2.553s] GC(6)   Pre Evacuate Collection Set: 0.1ms
[2021-02-03T09:57:54.990+0500][2.553s] GC(6)   Merge Heap Roots: 0.1ms
[2021-02-03T09:57:54.990+0500][2.553s] GC(6)   Evacuate Collection Set: 5.5ms
[2021-02-03T09:57:54.990+0500][2.553s] GC(6)   Post Evacuate Collection Set: 0.9ms
[2021-02-03T09:57:54.990+0500][2.553s] GC(6)   Other: 0.2ms
[2021-02-03T09:57:54.990+0500][2.554s] GC(6) Eden regions: 285->0(282)
[2021-02-03T09:57:54.990+0500][2.554s] GC(6) Survivor regions: 22->25(39)
[2021-02-03T09:57:54.990+0500][2.554s] GC(6) Old regions: 7->9
[2021-02-03T09:57:54.990+0500][2.554s] GC(6) Archive regions: 2->2
[2021-02-03T09:57:54.990+0500][2.554s] GC(6) Humongous regions: 6->5
[2021-02-03T09:57:54.990+0500][2.554s] GC(6) Metaspace: 40866K(41552K)->40866K(41552K) NonClass: 36247K(36740K)->36247K(36740K) Class: 4619K(4812K)->4619K(4812K)
[2021-02-03T09:57:54.990+0500][2.554s] GC(6) Pause Young (Normal) (G1 Evacuation Pause) 320M->39M(512M) 6.925ms
[2021-02-03T09:57:54.990+0500][2.554s] GC(6) User=0.08s Sys=0.01s Real=0.01s
[2021-02-03T10:03:09.461+0500][317.027s] Heap
[2021-02-03T10:03:09.461+0500][317.027s]  garbage-first heap   total 524288K, used 156793K [0x00000007e0000000, 0x0000000800000000)
[2021-02-03T10:03:09.461+0500][317.027s]   region size 1024K, 140 young (143360K), 25 survivors (25600K)
[2021-02-03T10:03:09.461+0500][317.027s]  Metaspace       used 51518K, capacity 52061K, committed 52176K, reserved 1095680K
[2021-02-03T10:03:09.461+0500][317.027s]   class space    used 6000K, capacity 6184K, committed 6220K, reserved 1048576K
