[2021-02-03T10:07:40.607+0500][0.010s] Using G1
[2021-02-03T10:07:40.820+0500][0.223s] Version: 15.0.1+9 (release)
[2021-02-03T10:07:40.820+0500][0.223s] CPUs: 16 total, 16 available
[2021-02-03T10:07:40.820+0500][0.223s] Memory: 16384M
[2021-02-03T10:07:40.820+0500][0.223s] Large Page Support: Disabled
[2021-02-03T10:07:40.820+0500][0.223s] NUMA Support: Disabled
[2021-02-03T10:07:40.820+0500][0.223s] Compressed Oops: Enabled (Zero based)
[2021-02-03T10:07:40.820+0500][0.223s] Heap Region Size: 1M
[2021-02-03T10:07:40.820+0500][0.223s] Heap Min Capacity: 512M
[2021-02-03T10:07:40.820+0500][0.223s] Heap Initial Capacity: 512M
[2021-02-03T10:07:40.820+0500][0.223s] Heap Max Capacity: 512M
[2021-02-03T10:07:40.820+0500][0.223s] Pre-touch: Enabled
[2021-02-03T10:07:40.820+0500][0.223s] Parallel Workers: 13
[2021-02-03T10:07:40.820+0500][0.223s] Concurrent Workers: 3
[2021-02-03T10:07:40.820+0500][0.223s] Concurrent Refinement Workers: 13
[2021-02-03T10:07:40.820+0500][0.223s] Periodic GC: Disabled
[2021-02-03T10:07:40.821+0500][0.223s] Mark closed archive regions in map: [0x00000007fff00000, 0x00000007fff78ff8]
[2021-02-03T10:07:40.821+0500][0.223s] Mark open archive regions in map: [0x00000007ffe00000, 0x00000007ffe50ff8]
[2021-02-03T10:07:40.821+0500][0.223s] CDS archive(s) mapped at: [0x0000000800000000-0x0000000800b2d000-0x0000000800b2d000), size 11718656, SharedBaseAddress: 0x0000000800000000, ArchiveRelocationMode: 0.
[2021-02-03T10:07:40.821+0500][0.223s] Compressed class space mapped at: 0x0000000800b30000-0x0000000840b30000, size: 1073741824
[2021-02-03T10:07:40.821+0500][0.223s] Narrow klass base: 0x0000000800000000, Narrow klass shift: 3, Narrow klass range: 0x100000000
[2021-02-03T10:07:41.192+0500][0.595s] GC(0) Pause Young (Normal) (G1 Evacuation Pause)
[2021-02-03T10:07:41.193+0500][0.595s] GC(0) Using 12 workers of 13 for evacuation
[2021-02-03T10:07:41.195+0500][0.597s] GC(0)   Pre Evacuate Collection Set: 0.1ms
[2021-02-03T10:07:41.195+0500][0.597s] GC(0)   Merge Heap Roots: 0.1ms
[2021-02-03T10:07:41.195+0500][0.597s] GC(0)   Evacuate Collection Set: 1.2ms
[2021-02-03T10:07:41.195+0500][0.597s] GC(0)   Post Evacuate Collection Set: 0.4ms
[2021-02-03T10:07:41.195+0500][0.597s] GC(0)   Other: 0.9ms
[2021-02-03T10:07:41.195+0500][0.597s] GC(0) Eden regions: 29->0(54)
[2021-02-03T10:07:41.195+0500][0.597s] GC(0) Survivor regions: 0->3(4)
[2021-02-03T10:07:41.195+0500][0.597s] GC(0) Old regions: 0->0
[2021-02-03T10:07:41.195+0500][0.597s] GC(0) Archive regions: 2->2
[2021-02-03T10:07:41.195+0500][0.597s] GC(0) Humongous regions: 0->0
[2021-02-03T10:07:41.195+0500][0.597s] GC(0) Metaspace: 6692K(7808K)->6692K(7808K) NonClass: 5907K(6912K)->5907K(6912K) Class: 785K(896K)->785K(896K)
[2021-02-03T10:07:41.195+0500][0.597s] GC(0) Pause Young (Normal) (G1 Evacuation Pause) 29M->3M(512M) 2.707ms
[2021-02-03T10:07:41.195+0500][0.597s] GC(0) User=0.02s Sys=0.00s Real=0.00s
[2021-02-03T10:07:41.659+0500][1.062s] GC(1) Pause Young (Normal) (G1 Evacuation Pause)
[2021-02-03T10:07:41.660+0500][1.062s] GC(1) Using 13 workers of 13 for evacuation
[2021-02-03T10:07:41.666+0500][1.068s] GC(1)   Pre Evacuate Collection Set: 0.1ms
[2021-02-03T10:07:41.666+0500][1.068s] GC(1)   Merge Heap Roots: 0.1ms
[2021-02-03T10:07:41.666+0500][1.068s] GC(1)   Evacuate Collection Set: 5.1ms
[2021-02-03T10:07:41.666+0500][1.068s] GC(1)   Post Evacuate Collection Set: 0.8ms
[2021-02-03T10:07:41.666+0500][1.068s] GC(1)   Other: 0.2ms
[2021-02-03T10:07:41.666+0500][1.068s] GC(1) Eden regions: 54->0(299)
[2021-02-03T10:07:41.666+0500][1.068s] GC(1) Survivor regions: 3->8(8)
[2021-02-03T10:07:41.666+0500][1.068s] GC(1) Old regions: 0->7
[2021-02-03T10:07:41.666+0500][1.068s] GC(1) Archive regions: 2->2
[2021-02-03T10:07:41.666+0500][1.068s] GC(1) Humongous regions: 4->4
[2021-02-03T10:07:41.666+0500][1.068s] GC(1) Metaspace: 15599K(16256K)->15599K(16256K) NonClass: 13791K(14336K)->13791K(14336K) Class: 1808K(1920K)->1808K(1920K)
[2021-02-03T10:07:41.666+0500][1.068s] GC(1) Pause Young (Normal) (G1 Evacuation Pause) 61M->19M(512M) 6.336ms
[2021-02-03T10:07:41.666+0500][1.068s] GC(1) User=0.05s Sys=0.01s Real=0.01s
[2021-02-03T10:07:41.908+0500][1.310s] GC(2) Pause Young (Concurrent Start) (Metadata GC Threshold)
[2021-02-03T10:07:41.908+0500][1.310s] GC(2) Using 13 workers of 13 for evacuation
[2021-02-03T10:07:41.913+0500][1.315s] GC(2)   Pre Evacuate Collection Set: 0.1ms
[2021-02-03T10:07:41.913+0500][1.315s] GC(2)   Merge Heap Roots: 0.1ms
[2021-02-03T10:07:41.913+0500][1.315s] GC(2)   Evacuate Collection Set: 3.8ms
[2021-02-03T10:07:41.913+0500][1.315s] GC(2)   Post Evacuate Collection Set: 1.4ms
[2021-02-03T10:07:41.913+0500][1.316s] GC(2)   Other: 0.3ms
[2021-02-03T10:07:41.913+0500][1.316s] GC(2) Eden regions: 35->0(241)
[2021-02-03T10:07:41.913+0500][1.316s] GC(2) Survivor regions: 8->13(39)
[2021-02-03T10:07:41.913+0500][1.316s] GC(2) Old regions: 7->7
[2021-02-03T10:07:41.913+0500][1.316s] GC(2) Archive regions: 2->2
[2021-02-03T10:07:41.913+0500][1.316s] GC(2) Humongous regions: 4->4
[2021-02-03T10:07:41.913+0500][1.316s] GC(2) Metaspace: 20694K(21296K)->20694K(21296K) NonClass: 18378K(18864K)->18378K(18864K) Class: 2316K(2432K)->2316K(2432K)
[2021-02-03T10:07:41.913+0500][1.316s] GC(2) Pause Young (Concurrent Start) (Metadata GC Threshold) 54M->24M(512M) 5.787ms
[2021-02-03T10:07:41.913+0500][1.316s] GC(2) User=0.05s Sys=0.01s Real=0.01s
[2021-02-03T10:07:41.913+0500][1.316s] GC(3) Concurrent Cycle
[2021-02-03T10:07:41.913+0500][1.316s] GC(3) Concurrent Clear Claimed Marks
[2021-02-03T10:07:41.913+0500][1.316s] GC(3) Concurrent Clear Claimed Marks 0.020ms
[2021-02-03T10:07:41.913+0500][1.316s] GC(3) Concurrent Scan Root Regions
[2021-02-03T10:07:41.916+0500][1.318s] GC(3) Concurrent Scan Root Regions 2.340ms
[2021-02-03T10:07:41.916+0500][1.318s] GC(3) Concurrent Mark (1.318s)
[2021-02-03T10:07:41.916+0500][1.318s] GC(3) Concurrent Mark From Roots
[2021-02-03T10:07:41.916+0500][1.318s] GC(3) Using 3 workers of 3 for marking
[2021-02-03T10:07:41.920+0500][1.322s] GC(3) Concurrent Mark From Roots 4.379ms
[2021-02-03T10:07:41.920+0500][1.322s] GC(3) Concurrent Preclean
[2021-02-03T10:07:41.920+0500][1.323s] GC(3) Concurrent Preclean 0.036ms
[2021-02-03T10:07:41.920+0500][1.323s] GC(3) Concurrent Mark (1.318s, 1.323s) 4.462ms
[2021-02-03T10:07:41.920+0500][1.323s] GC(3) Pause Remark
[2021-02-03T10:07:41.921+0500][1.323s] GC(3) Pause Remark 25M->25M(512M) 0.779ms
[2021-02-03T10:07:41.921+0500][1.323s] GC(3) User=0.01s Sys=0.00s Real=0.00s
[2021-02-03T10:07:41.921+0500][1.323s] GC(3) Concurrent Rebuild Remembered Sets
[2021-02-03T10:07:41.923+0500][1.326s] GC(3) Concurrent Rebuild Remembered Sets 2.308ms
[2021-02-03T10:07:41.924+0500][1.326s] GC(3) Pause Cleanup
[2021-02-03T10:07:41.924+0500][1.326s] GC(3) Pause Cleanup 25M->25M(512M) 0.097ms
[2021-02-03T10:07:41.924+0500][1.326s] GC(3) User=0.00s Sys=0.00s Real=0.00s
[2021-02-03T10:07:41.924+0500][1.326s] GC(3) Concurrent Cleanup for Next Mark
[2021-02-03T10:07:41.925+0500][1.327s] GC(3) Concurrent Cleanup for Next Mark 0.630ms
[2021-02-03T10:07:41.925+0500][1.327s] GC(3) Concurrent Cycle 11.183ms
[2021-02-03T10:07:42.779+0500][2.182s] GC(4) Pause Young (Concurrent Start) (Metadata GC Threshold)
[2021-02-03T10:07:42.779+0500][2.182s] GC(4) Using 13 workers of 13 for evacuation
[2021-02-03T10:07:42.786+0500][2.189s] GC(4)   Pre Evacuate Collection Set: 0.1ms
[2021-02-03T10:07:42.786+0500][2.189s] GC(4)   Merge Heap Roots: 0.1ms
[2021-02-03T10:07:42.786+0500][2.189s] GC(4)   Evacuate Collection Set: 5.3ms
[2021-02-03T10:07:42.786+0500][2.189s] GC(4)   Post Evacuate Collection Set: 1.4ms
[2021-02-03T10:07:42.786+0500][2.189s] GC(4)   Other: 0.2ms
[2021-02-03T10:07:42.786+0500][2.189s] GC(4) Eden regions: 121->0(285)
[2021-02-03T10:07:42.786+0500][2.189s] GC(4) Survivor regions: 13->22(32)
[2021-02-03T10:07:42.786+0500][2.189s] GC(4) Old regions: 7->7
[2021-02-03T10:07:42.786+0500][2.189s] GC(4) Archive regions: 2->2
[2021-02-03T10:07:42.786+0500][2.189s] GC(4) Humongous regions: 5->5
[2021-02-03T10:07:42.786+0500][2.189s] GC(4) Metaspace: 35004K(36048K)->35004K(36048K) NonClass: 31078K(31920K)->31078K(31920K) Class: 3925K(4128K)->3925K(4128K)
[2021-02-03T10:07:42.787+0500][2.189s] GC(4) Pause Young (Concurrent Start) (Metadata GC Threshold) 146M->34M(512M) 7.299ms
[2021-02-03T10:07:42.787+0500][2.189s] GC(4) User=0.09s Sys=0.00s Real=0.01s
[2021-02-03T10:07:42.787+0500][2.189s] GC(5) Concurrent Cycle
[2021-02-03T10:07:42.787+0500][2.189s] GC(5) Concurrent Clear Claimed Marks
[2021-02-03T10:07:42.787+0500][2.189s] GC(5) Concurrent Clear Claimed Marks 0.031ms
[2021-02-03T10:07:42.787+0500][2.189s] GC(5) Concurrent Scan Root Regions
[2021-02-03T10:07:42.790+0500][2.193s] GC(5) Concurrent Scan Root Regions 3.843ms
[2021-02-03T10:07:42.791+0500][2.193s] GC(5) Concurrent Mark (2.193s)
[2021-02-03T10:07:42.791+0500][2.193s] GC(5) Concurrent Mark From Roots
[2021-02-03T10:07:42.791+0500][2.193s] GC(5) Using 3 workers of 3 for marking
[2021-02-03T10:07:42.796+0500][2.199s] GC(5) Concurrent Mark From Roots 5.768ms
[2021-02-03T10:07:42.796+0500][2.199s] GC(5) Concurrent Preclean
[2021-02-03T10:07:42.796+0500][2.199s] GC(5) Concurrent Preclean 0.031ms
[2021-02-03T10:07:42.796+0500][2.199s] GC(5) Concurrent Mark (2.193s, 2.199s) 5.865ms
[2021-02-03T10:07:42.796+0500][2.199s] GC(5) Pause Remark
[2021-02-03T10:07:42.797+0500][2.200s] GC(5) Pause Remark 38M->38M(512M) 1.004ms
[2021-02-03T10:07:42.798+0500][2.200s] GC(5) User=0.01s Sys=0.00s Real=0.00s
[2021-02-03T10:07:42.798+0500][2.200s] GC(5) Concurrent Rebuild Remembered Sets
[2021-02-03T10:07:42.801+0500][2.203s] GC(5) Concurrent Rebuild Remembered Sets 3.388ms
[2021-02-03T10:07:42.801+0500][2.204s] GC(5) Pause Cleanup
[2021-02-03T10:07:42.801+0500][2.204s] GC(5) Pause Cleanup 41M->41M(512M) 0.090ms
[2021-02-03T10:07:42.801+0500][2.204s] GC(5) User=0.00s Sys=0.00s Real=0.00s
[2021-02-03T10:07:42.802+0500][2.204s] GC(5) Concurrent Cleanup for Next Mark
[2021-02-03T10:07:42.802+0500][2.205s] GC(5) Concurrent Cleanup for Next Mark 0.784ms
[2021-02-03T10:07:42.802+0500][2.205s] GC(5) Concurrent Cycle 15.765ms
[2021-02-03T10:07:43.202+0500][2.604s] GC(6) Pause Young (Normal) (G1 Evacuation Pause)
[2021-02-03T10:07:43.202+0500][2.604s] GC(6) Using 13 workers of 13 for evacuation
[2021-02-03T10:07:43.208+0500][2.611s] GC(6)   Pre Evacuate Collection Set: 0.1ms
[2021-02-03T10:07:43.208+0500][2.611s] GC(6)   Merge Heap Roots: 0.1ms
[2021-02-03T10:07:43.208+0500][2.611s] GC(6)   Evacuate Collection Set: 5.3ms
[2021-02-03T10:07:43.208+0500][2.611s] GC(6)   Post Evacuate Collection Set: 1.0ms
[2021-02-03T10:07:43.208+0500][2.611s] GC(6)   Other: 0.2ms
[2021-02-03T10:07:43.208+0500][2.611s] GC(6) Eden regions: 285->0(283)
[2021-02-03T10:07:43.208+0500][2.611s] GC(6) Survivor regions: 22->24(39)
[2021-02-03T10:07:43.208+0500][2.611s] GC(6) Old regions: 7->9
[2021-02-03T10:07:43.208+0500][2.611s] GC(6) Archive regions: 2->2
[2021-02-03T10:07:43.208+0500][2.611s] GC(6) Humongous regions: 6->5
[2021-02-03T10:07:43.208+0500][2.611s] GC(6) Metaspace: 40884K(42064K)->40884K(42064K) NonClass: 36266K(37296K)->36266K(37296K) Class: 4618K(4768K)->4618K(4768K)
[2021-02-03T10:07:43.208+0500][2.611s] GC(6) Pause Young (Normal) (G1 Evacuation Pause) 320M->38M(512M) 6.765ms
[2021-02-03T10:07:43.208+0500][2.611s] GC(6) User=0.08s Sys=0.00s Real=0.00s
[2021-02-03T10:14:28.592+0500][407.995s] Heap
[2021-02-03T10:14:28.592+0500][407.995s]  garbage-first heap   total 524288K, used 313758K [0x00000007e0000000, 0x0000000800000000)
[2021-02-03T10:14:28.592+0500][407.995s]   region size 1024K, 293 young (300032K), 24 survivors (24576K)
[2021-02-03T10:14:28.592+0500][407.995s]  Metaspace       used 54067K, capacity 54731K, committed 55504K, reserved 1097728K
[2021-02-03T10:14:28.593+0500][407.995s]   class space    used 6161K, capacity 6372K, committed 6432K, reserved 1048576K
