[2021-02-04T13:29:33.842+0500][0.009s] Using G1
[2021-02-04T13:29:34.074+0500][0.241s] Version: 15.0.1+9 (release)
[2021-02-04T13:29:34.074+0500][0.241s] CPUs: 16 total, 16 available
[2021-02-04T13:29:34.074+0500][0.241s] Memory: 16384M
[2021-02-04T13:29:34.074+0500][0.241s] Large Page Support: Disabled
[2021-02-04T13:29:34.074+0500][0.241s] NUMA Support: Disabled
[2021-02-04T13:29:34.074+0500][0.241s] Compressed Oops: Enabled (Zero based)
[2021-02-04T13:29:34.074+0500][0.241s] Heap Region Size: 1M
[2021-02-04T13:29:34.074+0500][0.241s] Heap Min Capacity: 512M
[2021-02-04T13:29:34.074+0500][0.241s] Heap Initial Capacity: 512M
[2021-02-04T13:29:34.074+0500][0.241s] Heap Max Capacity: 512M
[2021-02-04T13:29:34.074+0500][0.241s] Pre-touch: Enabled
[2021-02-04T13:29:34.074+0500][0.241s] Parallel Workers: 13
[2021-02-04T13:29:34.074+0500][0.241s] Concurrent Workers: 3
[2021-02-04T13:29:34.074+0500][0.241s] Concurrent Refinement Workers: 13
[2021-02-04T13:29:34.074+0500][0.241s] Periodic GC: Disabled
[2021-02-04T13:29:34.074+0500][0.242s] Mark closed archive regions in map: [0x00000007fff00000, 0x00000007fff78ff8]
[2021-02-04T13:29:34.074+0500][0.242s] Mark open archive regions in map: [0x00000007ffe00000, 0x00000007ffe50ff8]
[2021-02-04T13:29:34.075+0500][0.242s] CDS archive(s) mapped at: [0x0000000800000000-0x0000000800b2d000-0x0000000800b2d000), size 11718656, SharedBaseAddress: 0x0000000800000000, ArchiveRelocationMode: 0.
[2021-02-04T13:29:34.075+0500][0.242s] Compressed class space mapped at: 0x0000000800b30000-0x0000000840b30000, size: 1073741824
[2021-02-04T13:29:34.075+0500][0.242s] Narrow klass base: 0x0000000800000000, Narrow klass shift: 3, Narrow klass range: 0x100000000
[2021-02-04T13:29:34.455+0500][0.623s] GC(0) Pause Young (Normal) (G1 Evacuation Pause)
[2021-02-04T13:29:34.456+0500][0.624s] GC(0) Using 12 workers of 13 for evacuation
[2021-02-04T13:29:34.458+0500][0.626s] GC(0)   Pre Evacuate Collection Set: 0.1ms
[2021-02-04T13:29:34.458+0500][0.626s] GC(0)   Merge Heap Roots: 0.1ms
[2021-02-04T13:29:34.458+0500][0.626s] GC(0)   Evacuate Collection Set: 1.2ms
[2021-02-04T13:29:34.458+0500][0.626s] GC(0)   Post Evacuate Collection Set: 0.4ms
[2021-02-04T13:29:34.458+0500][0.626s] GC(0)   Other: 1.1ms
[2021-02-04T13:29:34.458+0500][0.626s] GC(0) Eden regions: 29->0(54)
[2021-02-04T13:29:34.458+0500][0.626s] GC(0) Survivor regions: 0->3(4)
[2021-02-04T13:29:34.458+0500][0.626s] GC(0) Old regions: 0->0
[2021-02-04T13:29:34.458+0500][0.626s] GC(0) Archive regions: 2->2
[2021-02-04T13:29:34.458+0500][0.626s] GC(0) Humongous regions: 0->0
[2021-02-04T13:29:34.458+0500][0.626s] GC(0) Metaspace: 6695K(7808K)->6695K(7808K) NonClass: 5910K(6912K)->5910K(6912K) Class: 785K(896K)->785K(896K)
[2021-02-04T13:29:34.458+0500][0.626s] GC(0) Pause Young (Normal) (G1 Evacuation Pause) 29M->3M(512M) 3.004ms
[2021-02-04T13:29:34.458+0500][0.626s] GC(0) User=0.02s Sys=0.00s Real=0.00s
[2021-02-04T13:29:34.925+0500][1.092s] GC(1) Pause Young (Normal) (G1 Evacuation Pause)
[2021-02-04T13:29:34.925+0500][1.092s] GC(1) Using 13 workers of 13 for evacuation
[2021-02-04T13:29:34.931+0500][1.098s] GC(1)   Pre Evacuate Collection Set: 0.1ms
[2021-02-04T13:29:34.931+0500][1.098s] GC(1)   Merge Heap Roots: 0.1ms
[2021-02-04T13:29:34.931+0500][1.098s] GC(1)   Evacuate Collection Set: 4.7ms
[2021-02-04T13:29:34.931+0500][1.098s] GC(1)   Post Evacuate Collection Set: 0.8ms
[2021-02-04T13:29:34.931+0500][1.098s] GC(1)   Other: 0.2ms
[2021-02-04T13:29:34.931+0500][1.098s] GC(1) Eden regions: 54->0(299)
[2021-02-04T13:29:34.931+0500][1.098s] GC(1) Survivor regions: 3->8(8)
[2021-02-04T13:29:34.931+0500][1.098s] GC(1) Old regions: 0->7
[2021-02-04T13:29:34.931+0500][1.098s] GC(1) Archive regions: 2->2
[2021-02-04T13:29:34.931+0500][1.098s] GC(1) Humongous regions: 4->4
[2021-02-04T13:29:34.931+0500][1.098s] GC(1) Metaspace: 15585K(16000K)->15585K(16000K) NonClass: 13776K(14080K)->13776K(14080K) Class: 1808K(1920K)->1808K(1920K)
[2021-02-04T13:29:34.931+0500][1.098s] GC(1) Pause Young (Normal) (G1 Evacuation Pause) 61M->19M(512M) 6.015ms
[2021-02-04T13:29:34.931+0500][1.098s] GC(1) User=0.05s Sys=0.01s Real=0.01s
[2021-02-04T13:29:35.207+0500][1.374s] GC(2) Pause Young (Concurrent Start) (Metadata GC Threshold)
[2021-02-04T13:29:35.207+0500][1.374s] GC(2) Using 13 workers of 13 for evacuation
[2021-02-04T13:29:35.210+0500][1.378s] GC(2)   Pre Evacuate Collection Set: 0.1ms
[2021-02-04T13:29:35.210+0500][1.378s] GC(2)   Merge Heap Roots: 0.1ms
[2021-02-04T13:29:35.210+0500][1.378s] GC(2)   Evacuate Collection Set: 2.6ms
[2021-02-04T13:29:35.210+0500][1.378s] GC(2)   Post Evacuate Collection Set: 0.6ms
[2021-02-04T13:29:35.210+0500][1.378s] GC(2)   Other: 0.2ms
[2021-02-04T13:29:35.210+0500][1.378s] GC(2) Eden regions: 36->0(249)
[2021-02-04T13:29:35.210+0500][1.378s] GC(2) Survivor regions: 8->13(39)
[2021-02-04T13:29:35.210+0500][1.378s] GC(2) Old regions: 7->7
[2021-02-04T13:29:35.210+0500][1.378s] GC(2) Archive regions: 2->2
[2021-02-04T13:29:35.210+0500][1.378s] GC(2) Humongous regions: 4->4
[2021-02-04T13:29:35.210+0500][1.378s] GC(2) Metaspace: 20764K(21296K)->20764K(21296K) NonClass: 18439K(18864K)->18439K(18864K) Class: 2325K(2432K)->2325K(2432K)
[2021-02-04T13:29:35.210+0500][1.378s] GC(2) Pause Young (Concurrent Start) (Metadata GC Threshold) 55M->23M(512M) 3.734ms
[2021-02-04T13:29:35.210+0500][1.378s] GC(2) User=0.05s Sys=0.00s Real=0.01s
[2021-02-04T13:29:35.210+0500][1.378s] GC(3) Concurrent Cycle
[2021-02-04T13:29:35.210+0500][1.378s] GC(3) Concurrent Clear Claimed Marks
[2021-02-04T13:29:35.210+0500][1.378s] GC(3) Concurrent Clear Claimed Marks 0.017ms
[2021-02-04T13:29:35.210+0500][1.378s] GC(3) Concurrent Scan Root Regions
[2021-02-04T13:29:35.212+0500][1.379s] GC(3) Concurrent Scan Root Regions 1.581ms
[2021-02-04T13:29:35.212+0500][1.380s] GC(3) Concurrent Mark (1.380s)
[2021-02-04T13:29:35.212+0500][1.380s] GC(3) Concurrent Mark From Roots
[2021-02-04T13:29:35.212+0500][1.380s] GC(3) Using 3 workers of 3 for marking
[2021-02-04T13:29:35.216+0500][1.384s] GC(3) Concurrent Mark From Roots 4.250ms
[2021-02-04T13:29:35.216+0500][1.384s] GC(3) Concurrent Preclean
[2021-02-04T13:29:35.216+0500][1.384s] GC(3) Concurrent Preclean 0.036ms
[2021-02-04T13:29:35.216+0500][1.384s] GC(3) Concurrent Mark (1.380s, 1.384s) 4.332ms
[2021-02-04T13:29:35.217+0500][1.384s] GC(3) Pause Remark
[2021-02-04T13:29:35.217+0500][1.385s] GC(3) Pause Remark 24M->24M(512M) 0.731ms
[2021-02-04T13:29:35.217+0500][1.385s] GC(3) User=0.00s Sys=0.00s Real=0.00s
[2021-02-04T13:29:35.217+0500][1.385s] GC(3) Concurrent Rebuild Remembered Sets
[2021-02-04T13:29:35.220+0500][1.388s] GC(3) Concurrent Rebuild Remembered Sets 2.698ms
[2021-02-04T13:29:35.220+0500][1.388s] GC(3) Pause Cleanup
[2021-02-04T13:29:35.220+0500][1.388s] GC(3) Pause Cleanup 24M->24M(512M) 0.094ms
[2021-02-04T13:29:35.220+0500][1.388s] GC(3) User=0.00s Sys=0.00s Real=0.00s
[2021-02-04T13:29:35.220+0500][1.388s] GC(3) Concurrent Cleanup for Next Mark
[2021-02-04T13:29:35.221+0500][1.388s] GC(3) Concurrent Cleanup for Next Mark 0.538ms
[2021-02-04T13:29:35.221+0500][1.389s] GC(3) Concurrent Cycle 10.662ms
[2021-02-04T13:29:36.638+0500][2.805s] GC(4) Pause Young (Concurrent Start) (Metadata GC Threshold)
[2021-02-04T13:29:36.638+0500][2.805s] GC(4) Using 13 workers of 13 for evacuation
[2021-02-04T13:29:36.644+0500][2.812s] GC(4)   Pre Evacuate Collection Set: 0.1ms
[2021-02-04T13:29:36.644+0500][2.812s] GC(4)   Merge Heap Roots: 0.1ms
[2021-02-04T13:29:36.644+0500][2.812s] GC(4)   Evacuate Collection Set: 5.1ms
[2021-02-04T13:29:36.644+0500][2.812s] GC(4)   Post Evacuate Collection Set: 0.9ms
[2021-02-04T13:29:36.644+0500][2.812s] GC(4)   Other: 0.2ms
[2021-02-04T13:29:36.644+0500][2.812s] GC(4) Eden regions: 119->0(284)
[2021-02-04T13:29:36.644+0500][2.812s] GC(4) Survivor regions: 13->23(34)
[2021-02-04T13:29:36.644+0500][2.812s] GC(4) Old regions: 7->7
[2021-02-04T13:29:36.644+0500][2.812s] GC(4) Archive regions: 2->2
[2021-02-04T13:29:36.644+0500][2.812s] GC(4) Humongous regions: 5->5
[2021-02-04T13:29:36.644+0500][2.812s] GC(4) Metaspace: 35065K(36048K)->35065K(36048K) NonClass: 31130K(31952K)->31130K(31952K) Class: 3935K(4096K)->3935K(4096K)
[2021-02-04T13:29:36.644+0500][2.812s] GC(4) Pause Young (Concurrent Start) (Metadata GC Threshold) 143M->34M(512M) 6.507ms
[2021-02-04T13:29:36.644+0500][2.812s] GC(4) User=0.08s Sys=0.01s Real=0.01s
[2021-02-04T13:29:36.644+0500][2.812s] GC(5) Concurrent Cycle
[2021-02-04T13:29:36.644+0500][2.812s] GC(5) Concurrent Clear Claimed Marks
[2021-02-04T13:29:36.644+0500][2.812s] GC(5) Concurrent Clear Claimed Marks 0.025ms
[2021-02-04T13:29:36.644+0500][2.812s] GC(5) Concurrent Scan Root Regions
[2021-02-04T13:29:36.647+0500][2.814s] GC(5) Concurrent Scan Root Regions 2.577ms
[2021-02-04T13:29:36.647+0500][2.814s] GC(5) Concurrent Mark (2.814s)
[2021-02-04T13:29:36.647+0500][2.814s] GC(5) Concurrent Mark From Roots
[2021-02-04T13:29:36.647+0500][2.814s] GC(5) Using 3 workers of 3 for marking
[2021-02-04T13:29:36.652+0500][2.819s] GC(5) Concurrent Mark From Roots 4.759ms
[2021-02-04T13:29:36.652+0500][2.819s] GC(5) Concurrent Preclean
[2021-02-04T13:29:36.652+0500][2.819s] GC(5) Concurrent Preclean 0.052ms
[2021-02-04T13:29:36.652+0500][2.819s] GC(5) Concurrent Mark (2.814s, 2.819s) 4.895ms
[2021-02-04T13:29:36.652+0500][2.819s] GC(5) Pause Remark
[2021-02-04T13:29:36.653+0500][2.820s] GC(5) Pause Remark 38M->38M(512M) 0.969ms
[2021-02-04T13:29:36.653+0500][2.820s] GC(5) User=0.01s Sys=0.00s Real=0.00s
[2021-02-04T13:29:36.653+0500][2.821s] GC(5) Concurrent Rebuild Remembered Sets
[2021-02-04T13:29:36.656+0500][2.824s] GC(5) Concurrent Rebuild Remembered Sets 3.154ms
[2021-02-04T13:29:36.656+0500][2.824s] GC(5) Pause Cleanup
[2021-02-04T13:29:36.657+0500][2.824s] GC(5) Pause Cleanup 41M->41M(512M) 0.108ms
[2021-02-04T13:29:36.657+0500][2.824s] GC(5) User=0.00s Sys=0.00s Real=0.00s
[2021-02-04T13:29:36.657+0500][2.824s] GC(5) Concurrent Cleanup for Next Mark
[2021-02-04T13:29:36.657+0500][2.825s] GC(5) Concurrent Cleanup for Next Mark 0.694ms
[2021-02-04T13:29:36.657+0500][2.825s] GC(5) Concurrent Cycle 13.050ms
[2021-02-04T13:29:37.037+0500][3.205s] GC(6) Pause Young (Concurrent Start) (G1 Evacuation Pause)
[2021-02-04T13:29:37.037+0500][3.205s] GC(6) Using 13 workers of 13 for evacuation
[2021-02-04T13:29:37.044+0500][3.211s] GC(6)   Pre Evacuate Collection Set: 0.1ms
[2021-02-04T13:29:37.044+0500][3.211s] GC(6)   Merge Heap Roots: 0.1ms
[2021-02-04T13:29:37.044+0500][3.211s] GC(6)   Evacuate Collection Set: 5.3ms
[2021-02-04T13:29:37.044+0500][3.211s] GC(6)   Post Evacuate Collection Set: 0.8ms
[2021-02-04T13:29:37.044+0500][3.211s] GC(6)   Other: 0.2ms
[2021-02-04T13:29:37.044+0500][3.211s] GC(6) Eden regions: 284->0(281)
[2021-02-04T13:29:37.044+0500][3.211s] GC(6) Survivor regions: 23->26(39)
[2021-02-04T13:29:37.044+0500][3.211s] GC(6) Old regions: 7->9
[2021-02-04T13:29:37.044+0500][3.211s] GC(6) Archive regions: 2->2
[2021-02-04T13:29:37.044+0500][3.211s] GC(6) Humongous regions: 6->5
[2021-02-04T13:29:37.044+0500][3.211s] GC(6) Metaspace: 40674K(41884K)->40674K(41884K) NonClass: 36075K(37072K)->36075K(37072K) Class: 4599K(4812K)->4599K(4812K)
[2021-02-04T13:29:37.044+0500][3.211s] GC(6) Pause Young (Concurrent Start) (G1 Evacuation Pause) 319M->39M(512M) 6.736ms
[2021-02-04T13:29:37.044+0500][3.211s] GC(6) User=0.07s Sys=0.01s Real=0.01s
[2021-02-04T13:29:37.044+0500][3.212s] GC(7) Concurrent Cycle
[2021-02-04T13:29:37.044+0500][3.212s] GC(7) Concurrent Clear Claimed Marks
[2021-02-04T13:29:37.044+0500][3.212s] GC(7) Concurrent Clear Claimed Marks 0.034ms
[2021-02-04T13:29:37.044+0500][3.212s] GC(7) Concurrent Scan Root Regions
[2021-02-04T13:29:37.047+0500][3.215s] GC(7) Concurrent Scan Root Regions 3.117ms
[2021-02-04T13:29:37.047+0500][3.215s] GC(7) Concurrent Mark (3.215s)
[2021-02-04T13:29:37.047+0500][3.215s] GC(7) Concurrent Mark From Roots
[2021-02-04T13:29:37.047+0500][3.215s] GC(7) Using 3 workers of 3 for marking
[2021-02-04T13:29:37.052+0500][3.219s] GC(7) Concurrent Mark From Roots 4.486ms
[2021-02-04T13:29:37.052+0500][3.219s] GC(7) Concurrent Preclean
[2021-02-04T13:29:37.052+0500][3.219s] GC(7) Concurrent Preclean 0.030ms
[2021-02-04T13:29:37.052+0500][3.219s] GC(7) Concurrent Mark (3.215s, 3.219s) 4.565ms
[2021-02-04T13:29:37.052+0500][3.220s] GC(7) Pause Remark
[2021-02-04T13:29:37.053+0500][3.221s] GC(7) Pause Remark 42M->42M(512M) 1.093ms
[2021-02-04T13:29:37.053+0500][3.221s] GC(7) User=0.01s Sys=0.00s Real=0.00s
[2021-02-04T13:29:37.053+0500][3.221s] GC(7) Concurrent Rebuild Remembered Sets
[2021-02-04T13:29:37.057+0500][3.224s] GC(7) Concurrent Rebuild Remembered Sets 3.255ms
[2021-02-04T13:29:37.057+0500][3.224s] GC(7) Pause Cleanup
[2021-02-04T13:29:37.057+0500][3.224s] GC(7) Pause Cleanup 44M->44M(512M) 0.105ms
[2021-02-04T13:29:37.057+0500][3.224s] GC(7) User=0.00s Sys=0.00s Real=0.00s
[2021-02-04T13:29:37.057+0500][3.224s] GC(7) Concurrent Cleanup for Next Mark
[2021-02-04T13:29:37.057+0500][3.225s] GC(7) Concurrent Cleanup for Next Mark 0.525ms
[2021-02-04T13:29:37.057+0500][3.225s] GC(7) Concurrent Cycle 13.381ms
[2021-02-04T13:29:57.993+0500][24.161s] GC(8) Pause Young (Normal) (G1 Evacuation Pause)
[2021-02-04T13:29:57.993+0500][24.161s] GC(8) Using 13 workers of 13 for evacuation
[2021-02-04T13:29:58.001+0500][24.169s] GC(8)   Pre Evacuate Collection Set: 0.1ms
[2021-02-04T13:29:58.001+0500][24.169s] GC(8)   Merge Heap Roots: 0.1ms
[2021-02-04T13:29:58.001+0500][24.169s] GC(8)   Evacuate Collection Set: 6.8ms
[2021-02-04T13:29:58.001+0500][24.169s] GC(8)   Post Evacuate Collection Set: 1.2ms
[2021-02-04T13:29:58.001+0500][24.169s] GC(8)   Other: 0.2ms
[2021-02-04T13:29:58.001+0500][24.169s] GC(8) Eden regions: 281->0(277)
[2021-02-04T13:29:58.001+0500][24.169s] GC(8) Survivor regions: 26->30(39)
[2021-02-04T13:29:58.001+0500][24.169s] GC(8) Old regions: 9->15
[2021-02-04T13:29:58.001+0500][24.169s] GC(8) Archive regions: 2->2
[2021-02-04T13:29:58.001+0500][24.169s] GC(8) Humongous regions: 5->5
[2021-02-04T13:29:58.001+0500][24.169s] GC(8) Metaspace: 51385K(52892K)->51385K(52892K) NonClass: 45477K(46800K)->45477K(46800K) Class: 5908K(6092K)->5908K(6092K)
[2021-02-04T13:29:58.001+0500][24.169s] GC(8) Pause Young (Normal) (G1 Evacuation Pause) 320M->50M(512M) 8.474ms
[2021-02-04T13:29:58.001+0500][24.169s] GC(8) User=0.10s Sys=0.00s Real=0.01s
[2021-02-04T13:30:27.626+0500][53.794s] Heap
[2021-02-04T13:30:27.626+0500][53.794s]  garbage-first heap   total 524288K, used 97792K [0x00000007e0000000, 0x0000000800000000)
[2021-02-04T13:30:27.626+0500][53.794s]   region size 1024K, 76 young (77824K), 30 survivors (30720K)
[2021-02-04T13:30:27.626+0500][53.794s]  Metaspace       used 51998K, capacity 52540K, committed 53532K, reserved 1097728K
[2021-02-04T13:30:27.626+0500][53.794s]   class space    used 5960K, capacity 6145K, committed 6220K, reserved 1048576K
