[2021-02-03T09:51:24.826+0500][0.011s] Using G1
[2021-02-03T09:51:25.072+0500][0.257s] Version: 15.0.1+9 (release)
[2021-02-03T09:51:25.072+0500][0.257s] CPUs: 16 total, 16 available
[2021-02-03T09:51:25.072+0500][0.257s] Memory: 16384M
[2021-02-03T09:51:25.072+0500][0.257s] Large Page Support: Disabled
[2021-02-03T09:51:25.072+0500][0.257s] NUMA Support: Disabled
[2021-02-03T09:51:25.072+0500][0.257s] Compressed Oops: Enabled (Zero based)
[2021-02-03T09:51:25.072+0500][0.257s] Heap Region Size: 1M
[2021-02-03T09:51:25.072+0500][0.257s] Heap Min Capacity: 512M
[2021-02-03T09:51:25.072+0500][0.257s] Heap Initial Capacity: 512M
[2021-02-03T09:51:25.072+0500][0.257s] Heap Max Capacity: 512M
[2021-02-03T09:51:25.072+0500][0.257s] Pre-touch: Enabled
[2021-02-03T09:51:25.072+0500][0.257s] Parallel Workers: 13
[2021-02-03T09:51:25.072+0500][0.257s] Concurrent Workers: 3
[2021-02-03T09:51:25.072+0500][0.257s] Concurrent Refinement Workers: 13
[2021-02-03T09:51:25.072+0500][0.257s] Periodic GC: Disabled
[2021-02-03T09:51:25.072+0500][0.257s] Mark closed archive regions in map: [0x00000007fff00000, 0x00000007fff78ff8]
[2021-02-03T09:51:25.072+0500][0.257s] Mark open archive regions in map: [0x00000007ffe00000, 0x00000007ffe50ff8]
[2021-02-03T09:51:25.072+0500][0.258s] CDS archive(s) mapped at: [0x0000000800000000-0x0000000800b2d000-0x0000000800b2d000), size 11718656, SharedBaseAddress: 0x0000000800000000, ArchiveRelocationMode: 0.
[2021-02-03T09:51:25.072+0500][0.258s] Compressed class space mapped at: 0x0000000800b30000-0x0000000840b30000, size: 1073741824
[2021-02-03T09:51:25.072+0500][0.258s] Narrow klass base: 0x0000000800000000, Narrow klass shift: 3, Narrow klass range: 0x100000000
[2021-02-03T09:51:25.584+0500][0.769s] GC(0) Pause Young (Normal) (G1 Evacuation Pause)
[2021-02-03T09:51:25.585+0500][0.770s] GC(0) Using 12 workers of 13 for evacuation
[2021-02-03T09:51:25.587+0500][0.772s] GC(0)   Pre Evacuate Collection Set: 0.1ms
[2021-02-03T09:51:25.587+0500][0.772s] GC(0)   Merge Heap Roots: 0.1ms
[2021-02-03T09:51:25.587+0500][0.772s] GC(0)   Evacuate Collection Set: 1.5ms
[2021-02-03T09:51:25.587+0500][0.772s] GC(0)   Post Evacuate Collection Set: 0.5ms
[2021-02-03T09:51:25.587+0500][0.772s] GC(0)   Other: 0.9ms
[2021-02-03T09:51:25.587+0500][0.772s] GC(0) Eden regions: 29->0(54)
[2021-02-03T09:51:25.587+0500][0.772s] GC(0) Survivor regions: 0->3(4)
[2021-02-03T09:51:25.587+0500][0.772s] GC(0) Old regions: 0->0
[2021-02-03T09:51:25.587+0500][0.772s] GC(0) Archive regions: 2->2
[2021-02-03T09:51:25.587+0500][0.772s] GC(0) Humongous regions: 0->0
[2021-02-03T09:51:25.587+0500][0.772s] GC(0) Metaspace: 6701K(7808K)->6701K(7808K) NonClass: 5913K(6912K)->5913K(6912K) Class: 788K(896K)->788K(896K)
[2021-02-03T09:51:25.587+0500][0.772s] GC(0) Pause Young (Normal) (G1 Evacuation Pause) 29M->3M(512M) 3.203ms
[2021-02-03T09:51:25.587+0500][0.772s] GC(0) User=0.01s Sys=0.00s Real=0.00s
[2021-02-03T09:51:26.136+0500][1.321s] GC(1) Pause Young (Normal) (G1 Evacuation Pause)
[2021-02-03T09:51:26.136+0500][1.321s] GC(1) Using 13 workers of 13 for evacuation
[2021-02-03T09:51:26.143+0500][1.328s] GC(1)   Pre Evacuate Collection Set: 0.1ms
[2021-02-03T09:51:26.143+0500][1.328s] GC(1)   Merge Heap Roots: 0.1ms
[2021-02-03T09:51:26.143+0500][1.328s] GC(1)   Evacuate Collection Set: 5.4ms
[2021-02-03T09:51:26.143+0500][1.328s] GC(1)   Post Evacuate Collection Set: 0.9ms
[2021-02-03T09:51:26.143+0500][1.328s] GC(1)   Other: 0.2ms
[2021-02-03T09:51:26.143+0500][1.328s] GC(1) Eden regions: 54->0(299)
[2021-02-03T09:51:26.143+0500][1.328s] GC(1) Survivor regions: 3->8(8)
[2021-02-03T09:51:26.143+0500][1.328s] GC(1) Old regions: 0->8
[2021-02-03T09:51:26.143+0500][1.328s] GC(1) Archive regions: 2->2
[2021-02-03T09:51:26.143+0500][1.328s] GC(1) Humongous regions: 4->4
[2021-02-03T09:51:26.143+0500][1.328s] GC(1) Metaspace: 15538K(16000K)->15538K(16000K) NonClass: 13730K(14080K)->13730K(14080K) Class: 1808K(1920K)->1808K(1920K)
[2021-02-03T09:51:26.143+0500][1.328s] GC(1) Pause Young (Normal) (G1 Evacuation Pause) 61M->19M(512M) 6.849ms
[2021-02-03T09:51:26.143+0500][1.328s] GC(1) User=0.05s Sys=0.01s Real=0.01s
[2021-02-03T09:51:26.453+0500][1.638s] GC(2) Pause Young (Concurrent Start) (Metadata GC Threshold)
[2021-02-03T09:51:26.453+0500][1.638s] GC(2) Using 13 workers of 13 for evacuation
[2021-02-03T09:51:26.457+0500][1.642s] GC(2)   Pre Evacuate Collection Set: 0.1ms
[2021-02-03T09:51:26.457+0500][1.642s] GC(2)   Merge Heap Roots: 0.1ms
[2021-02-03T09:51:26.457+0500][1.642s] GC(2)   Evacuate Collection Set: 2.9ms
[2021-02-03T09:51:26.457+0500][1.642s] GC(2)   Post Evacuate Collection Set: 0.9ms
[2021-02-03T09:51:26.457+0500][1.642s] GC(2)   Other: 0.2ms
[2021-02-03T09:51:26.457+0500][1.642s] GC(2) Eden regions: 34->0(272)
[2021-02-03T09:51:26.457+0500][1.642s] GC(2) Survivor regions: 8->12(39)
[2021-02-03T09:51:26.457+0500][1.642s] GC(2) Old regions: 8->8
[2021-02-03T09:51:26.457+0500][1.642s] GC(2) Archive regions: 2->2
[2021-02-03T09:51:26.457+0500][1.642s] GC(2) Humongous regions: 4->4
[2021-02-03T09:51:26.457+0500][1.642s] GC(2) Metaspace: 20683K(21296K)->20683K(21296K) NonClass: 18358K(18864K)->18358K(18864K) Class: 2325K(2432K)->2325K(2432K)
[2021-02-03T09:51:26.457+0500][1.642s] GC(2) Pause Young (Concurrent Start) (Metadata GC Threshold) 53M->23M(512M) 4.325ms
[2021-02-03T09:51:26.457+0500][1.642s] GC(2) User=0.03s Sys=0.00s Real=0.00s
[2021-02-03T09:51:26.457+0500][1.642s] GC(3) Concurrent Cycle
[2021-02-03T09:51:26.457+0500][1.642s] GC(3) Concurrent Clear Claimed Marks
[2021-02-03T09:51:26.457+0500][1.642s] GC(3) Concurrent Clear Claimed Marks 0.015ms
[2021-02-03T09:51:26.457+0500][1.642s] GC(3) Concurrent Scan Root Regions
[2021-02-03T09:51:26.459+0500][1.644s] GC(3) Concurrent Scan Root Regions 1.678ms
[2021-02-03T09:51:26.459+0500][1.644s] GC(3) Concurrent Mark (1.644s)
[2021-02-03T09:51:26.459+0500][1.644s] GC(3) Concurrent Mark From Roots
[2021-02-03T09:51:26.459+0500][1.644s] GC(3) Using 3 workers of 3 for marking
[2021-02-03T09:51:26.464+0500][1.649s] GC(3) Concurrent Mark From Roots 4.536ms
[2021-02-03T09:51:26.464+0500][1.649s] GC(3) Concurrent Preclean
[2021-02-03T09:51:26.464+0500][1.649s] GC(3) Concurrent Preclean 0.086ms
[2021-02-03T09:51:26.464+0500][1.649s] GC(3) Concurrent Mark (1.644s, 1.649s) 4.677ms
[2021-02-03T09:51:26.464+0500][1.649s] GC(3) Pause Remark
[2021-02-03T09:51:26.465+0500][1.650s] GC(3) Pause Remark 24M->24M(512M) 1.195ms
[2021-02-03T09:51:26.465+0500][1.650s] GC(3) User=0.01s Sys=0.00s Real=0.00s
[2021-02-03T09:51:26.465+0500][1.650s] GC(3) Concurrent Rebuild Remembered Sets
[2021-02-03T09:51:26.468+0500][1.653s] GC(3) Concurrent Rebuild Remembered Sets 2.735ms
[2021-02-03T09:51:26.468+0500][1.653s] GC(3) Pause Cleanup
[2021-02-03T09:51:26.468+0500][1.653s] GC(3) Pause Cleanup 24M->24M(512M) 0.102ms
[2021-02-03T09:51:26.468+0500][1.653s] GC(3) User=0.00s Sys=0.00s Real=0.00s
[2021-02-03T09:51:26.468+0500][1.654s] GC(3) Concurrent Cleanup for Next Mark
[2021-02-03T09:51:26.469+0500][1.654s] GC(3) Concurrent Cleanup for Next Mark 0.688ms
[2021-02-03T09:51:26.469+0500][1.654s] GC(3) Concurrent Cycle 11.847ms
[2021-02-03T09:51:27.524+0500][2.709s] GC(4) Pause Young (Concurrent Start) (Metadata GC Threshold)
[2021-02-03T09:51:27.524+0500][2.709s] GC(4) Using 13 workers of 13 for evacuation
[2021-02-03T09:51:27.530+0500][2.715s] GC(4)   Pre Evacuate Collection Set: 0.1ms
[2021-02-03T09:51:27.530+0500][2.715s] GC(4)   Merge Heap Roots: 0.1ms
[2021-02-03T09:51:27.530+0500][2.715s] GC(4)   Evacuate Collection Set: 4.7ms
[2021-02-03T09:51:27.530+0500][2.715s] GC(4)   Post Evacuate Collection Set: 1.0ms
[2021-02-03T09:51:27.530+0500][2.715s] GC(4)   Other: 0.2ms
[2021-02-03T09:51:27.530+0500][2.715s] GC(4) Eden regions: 131->0(285)
[2021-02-03T09:51:27.530+0500][2.715s] GC(4) Survivor regions: 12->22(36)
[2021-02-03T09:51:27.530+0500][2.715s] GC(4) Old regions: 8->8
[2021-02-03T09:51:27.530+0500][2.715s] GC(4) Archive regions: 2->2
[2021-02-03T09:51:27.530+0500][2.715s] GC(4) Humongous regions: 5->5
[2021-02-03T09:51:27.530+0500][2.715s] GC(4) Metaspace: 35019K(36048K)->35019K(36048K) NonClass: 31068K(31952K)->31068K(31952K) Class: 3951K(4096K)->3951K(4096K)
[2021-02-03T09:51:27.530+0500][2.715s] GC(4) Pause Young (Concurrent Start) (Metadata GC Threshold) 155M->34M(512M) 6.218ms
[2021-02-03T09:51:27.530+0500][2.715s] GC(4) User=0.06s Sys=0.01s Real=0.01s
[2021-02-03T09:51:27.530+0500][2.715s] GC(5) Concurrent Cycle
[2021-02-03T09:51:27.530+0500][2.715s] GC(5) Concurrent Clear Claimed Marks
[2021-02-03T09:51:27.530+0500][2.715s] GC(5) Concurrent Clear Claimed Marks 0.016ms
[2021-02-03T09:51:27.530+0500][2.715s] GC(5) Concurrent Scan Root Regions
[2021-02-03T09:51:27.533+0500][2.718s] GC(5) Concurrent Scan Root Regions 2.780ms
[2021-02-03T09:51:27.533+0500][2.718s] GC(5) Concurrent Mark (2.718s)
[2021-02-03T09:51:27.533+0500][2.718s] GC(5) Concurrent Mark From Roots
[2021-02-03T09:51:27.533+0500][2.718s] GC(5) Using 3 workers of 3 for marking
[2021-02-03T09:51:27.537+0500][2.722s] GC(5) Concurrent Mark From Roots 4.351ms
[2021-02-03T09:51:27.537+0500][2.722s] GC(5) Concurrent Preclean
[2021-02-03T09:51:27.537+0500][2.722s] GC(5) Concurrent Preclean 0.049ms
[2021-02-03T09:51:27.537+0500][2.722s] GC(5) Concurrent Mark (2.718s, 2.722s) 4.492ms
[2021-02-03T09:51:27.537+0500][2.722s] GC(5) Pause Remark
[2021-02-03T09:51:27.538+0500][2.724s] GC(5) Pause Remark 39M->39M(512M) 1.147ms
[2021-02-03T09:51:27.539+0500][2.724s] GC(5) User=0.01s Sys=0.00s Real=0.00s
[2021-02-03T09:51:27.539+0500][2.724s] GC(5) Concurrent Rebuild Remembered Sets
[2021-02-03T09:51:27.542+0500][2.727s] GC(5) Concurrent Rebuild Remembered Sets 3.068ms
[2021-02-03T09:51:27.542+0500][2.727s] GC(5) Pause Cleanup
[2021-02-03T09:51:27.542+0500][2.727s] GC(5) Pause Cleanup 41M->41M(512M) 0.113ms
[2021-02-03T09:51:27.542+0500][2.727s] GC(5) User=0.00s Sys=0.00s Real=0.00s
[2021-02-03T09:51:27.542+0500][2.727s] GC(5) Concurrent Cleanup for Next Mark
[2021-02-03T09:51:27.543+0500][2.728s] GC(5) Concurrent Cleanup for Next Mark 0.639ms
[2021-02-03T09:51:27.543+0500][2.728s] GC(5) Concurrent Cycle 13.070ms
[2021-02-03T09:51:28.066+0500][3.252s] GC(6) Pause Young (Normal) (G1 Evacuation Pause)
[2021-02-03T09:51:28.066+0500][3.252s] GC(6) Using 13 workers of 13 for evacuation
[2021-02-03T09:51:28.073+0500][3.259s] GC(6)   Pre Evacuate Collection Set: 0.1ms
[2021-02-03T09:51:28.073+0500][3.259s] GC(6)   Merge Heap Roots: 0.1ms
[2021-02-03T09:51:28.073+0500][3.259s] GC(6)   Evacuate Collection Set: 5.6ms
[2021-02-03T09:51:28.073+0500][3.259s] GC(6)   Post Evacuate Collection Set: 1.0ms
[2021-02-03T09:51:28.073+0500][3.259s] GC(6)   Other: 0.2ms
[2021-02-03T09:51:28.073+0500][3.259s] GC(6) Eden regions: 285->0(283)
[2021-02-03T09:51:28.073+0500][3.259s] GC(6) Survivor regions: 22->24(39)
[2021-02-03T09:51:28.073+0500][3.259s] GC(6) Old regions: 8->9
[2021-02-03T09:51:28.073+0500][3.259s] GC(6) Archive regions: 2->2
[2021-02-03T09:51:28.073+0500][3.259s] GC(6) Humongous regions: 6->5
[2021-02-03T09:51:28.073+0500][3.259s] GC(6) Metaspace: 40671K(41884K)->40671K(41884K) NonClass: 36055K(37072K)->36055K(37072K) Class: 4616K(4812K)->4616K(4812K)
[2021-02-03T09:51:28.074+0500][3.259s] GC(6) Pause Young (Normal) (G1 Evacuation Pause) 320M->38M(512M) 7.120ms
[2021-02-03T09:51:28.074+0500][3.259s] GC(6) User=0.08s Sys=0.00s Real=0.01s
[2021-02-03T09:55:49.693+0500][264.879s] Heap
[2021-02-03T09:55:49.693+0500][264.879s]  garbage-first heap   total 524288K, used 168467K [0x00000007e0000000, 0x0000000800000000)
[2021-02-03T09:55:49.693+0500][264.879s]   region size 1024K, 151 young (154624K), 24 survivors (24576K)
[2021-02-03T09:55:49.693+0500][264.879s]  Metaspace       used 52314K, capacity 52865K, committed 53916K, reserved 1097728K
[2021-02-03T09:55:49.693+0500][264.879s]   class space    used 6039K, capacity 6217K, committed 6348K, reserved 1048576K
